******************************************************************************
                  TI ARM Linker PC v20.2.4                     
******************************************************************************
>> Linked Mon Apr  8 10:45:32 2024

OUTPUT FILE NAME:   <Mercury.out>
ENTRY POINT SYMBOL: "_c_int00_noargs"  address: 0002e7e9


MEMORY CONFIGURATION

         name            origin    length      used     unused   attr    fill
----------------------  --------  ---------  --------  --------  ----  --------
  FLASH                 00000000   00040000  000305b4  0000fa4c  R  X
  FLASH_FPGA            00040000   000c0000  000a5afa  0001a506  R  X
  SRAM                  20000000   00040000  00015a67  0002a599  RW X


SEGMENT ALLOCATION MAP

run origin  load origin   length   init length attrs members
----------  ----------- ---------- ----------- ----- -------
00000000    00000000    000305c0   000305c0    r-x
  00000000    00000000    00000208   00000208    r-- .intvecs
  00000208    00000208    000014b4   000014b4    r-x RAM_PRG
  000016c0    000016c0    0002d6f2   0002d6f2    r-x .text
  0002edb8    0002edb8    00001636   00001636    r-- .const
  000303f0    000303f0    000001d0   000001d0    r-- .cinit
00040000    00040000    000a5afa   000a5afa    r--
  00040000    00040000    000a5afa   000a5afa    r-- .fpgacfg
20000000    20000000    00015a70   00000000    rw-
  20000000    20000000    000148b9   00000000    rw- .bss
  200148c0    200148c0    000009ae   00000000    rw- .data
  20015270    20015270    00000800   00000000    rw- .stack


SECTION ALLOCATION MAP

 output                                  attributes/
section   page    origin      length       input sections
--------  ----  ----------  ----------   ----------------
.intvecs   0    00000000    00000208     
                  00000000    00000208     tm4c1290nczad_startup_ccs.obj (.intvecs)

RAM_PRG    0    00000208    000014b4     
                  00000208    00001470     download.obj (RAM_PRG)
                  00001678    0000002a     download.obj (RAM_PRG:__bit_output_dl)
                  000016a2    0000001a     download.obj (RAM_PRG:min_dl)

.text      0    000016c0    0002d6f2     
                  000016c0    00012f04     MES.obj (.text)
                  000145c4    00000004     driverlib.lib : epi.obj (.text:EPIAddressMapSet)
                  000145c8    00006150     int_flow.obj (.text)
                  0001a718    000044b4     util.obj (.text)
                  0001ebcc    00003e1c     protocol.obj (.text)
                  000229e8    000026a4     cunet.obj (.text)
                  0002508c    00002648     MAIN.obj (.text)
                  000276d4    00000cb8     onewire.obj (.text)
                  0002838c    00000af0     rtsv7M4_T_le_v4SPD16_eabi.lib : _scanfi.c.obj (.text:__TI_scanfi)
                  00028e7c    00000ad0     log.obj (.text)
                  0002994c    00000a4e     rtsv7M4_T_le_v4SPD16_eabi.lib : _printfi.c.obj (.text:__TI_printfi)
                  0002a39a    00000002                                   : div0.asm.obj (.text)
                  0002a39c    000008a4     COM.obj (.text)
                  0002ac40    000006f4     pinout.obj (.text)
                  0002b334    0000068c     eeprom_spi.obj (.text)
                  0002b9c0    00000460     rtsv7M4_T_le_v4SPD16_eabi.lib : strtod.c.obj (.text:strtod)
                  0002be20    00000430     disp.obj (.text)
                  0002c250    00000270     rtsv7M4_T_le_v4SPD16_eabi.lib : _printfi.c.obj (.text:_pconv_a)
                  0002c4c0    00000224     ctlioport.obj (.text)
                  0002c6e4    00000200     driverlib.lib : sysctl.obj (.text:SysCtlClockFreqSet)
                  0002c8e4    000001dc     rtsv7M4_T_le_v4SPD16_eabi.lib : strtoll.c.obj (.text:strtoll)
                  0002cac0    000001d0                                   : _printfi.c.obj (.text:_pconv_g)
                  0002cc90    000001b6                                   : fd_add_t2.asm.obj (.text)
                  0002ce46    00000002     --HOLE-- [fill = 0]
                  0002ce48    00000170     int_prg.obj (.text)
                  0002cfb8    0000015c     rtsv7M4_T_le_v4SPD16_eabi.lib : strtoull.c.obj (.text:strtoull)
                  0002d114    0000013c                                   : _printfi.c.obj (.text:_pconv_e)
                  0002d250    00000136                                   : fd_div_t2.asm.obj (.text)
                  0002d386    00000132     driverlib.lib : gpio.obj (.text:GPIOPadConfigSet)
                  0002d4b8    00000130     rtsv7M4_T_le_v4SPD16_eabi.lib : strtol.c.obj (.text:strtol)
                  0002d5e8    00000124                                   : _printfi.c.obj (.text:fcvt)
                  0002d70c    00000110                                   : s_scalbn.c.obj (.text:scalbn)
                  0002d81c    00000110                                   : strtoul.c.obj (.text:strtoul)
                  0002d92c    000000fc                                   : fd_mul_t2.asm.obj (.text)
                  0002da28    000000b1                                   : _printfi.c.obj (.text:_ltostr)
                  0002dad9    00000001     --HOLE-- [fill = 0]
                  0002dada    0000009c                                   : memcpy_t2.asm.obj (.text)
                  0002db76    00000096                                   : ull_div_t2.asm.obj (.text)
                  0002dc0c    00000086                                   : fd_cmp_t2.asm.obj (.text:__aeabi_cdcmple)
                  0002dc92    00000086                                   : fd_cmp_t2.asm.obj (.text:__aeabi_cdrcmple)
                  0002dd18    00000084     driverlib.lib : udma.obj (.text:uDMAChannelTransferSet)
                  0002dd9c    0000007a     rtsv7M4_T_le_v4SPD16_eabi.lib : memset_t2.asm.obj (.text)
                  0002de16    00000070                                   : fd_toll_t2.asm.obj (.text)
                  0002de86    0000006e                                   : _printfi.c.obj (.text:_mcpy)
                  0002def4    0000006e                                   : fd_tos_t2.asm.obj (.text)
                  0002df62    0000006e                                   : ll_div_t2.asm.obj (.text)
                  0002dfd0    00000068     driverlib.lib : interrupt.obj (.text:IntDisable)
                  0002e038    00000068                   : interrupt.obj (.text:IntEnable)
                  0002e0a0    00000068     rtsv7M4_T_le_v4SPD16_eabi.lib : sscanf.c.obj (.text:_chkmbc)
                  0002e108    00000068                                   : copy_decompress_lzss.c.obj (.text:decompress:lzss:__TI_decompress_lzss)
                  0002e170    00000064                                   : s_frexp.c.obj (.text:frexp)
                  0002e1d4    00000060     driverlib.lib : timer.obj (.text:TimerConfigure)
                  0002e234    00000056                   : gpio.obj (.text:GPIOIntTypeSet)
                  0002e28a    00000056     rtsv7M4_T_le_v4SPD16_eabi.lib : _printfi.c.obj (.text:_pconv_f)
                  0002e2e0    00000054                                   : _ltoa.c.obj (.text:__TI_ltoa)
                  0002e334    00000052                                   : _printfi.c.obj (.text:_ecpy)
                  0002e386    00000002     --HOLE-- [fill = 0]
                  0002e388    0000004c                                   : atoi.c.obj (.text:atoi)
                  0002e3d4    00000048     driverlib.lib : gpio.obj (.text:GPIOPinConfigure)
                  0002e41c    00000048                   : interrupt.obj (.text:IntPendClear)
                  0002e464    00000048                   : sysctl.obj (.text:_SysCtlFrequencyGet)
                  0002e4ac    00000048     rtsv7M4_T_le_v4SPD16_eabi.lib : fd_toi_t2.asm.obj (.text)
                  0002e4f4    00000048                                   : ll_tofs_t2.asm.obj (.text)
                  0002e53c    00000048     driverlib.lib : udma.obj (.text:uDMAChannelAttributeDisable)
                  0002e584    00000048                   : udma.obj (.text:uDMAChannelAttributeEnable)
                  0002e5cc    00000046                   : uart.obj (.text:UARTConfigSetExpClk)
                  0002e612    00000002     --HOLE-- [fill = 0]
                  0002e614    00000044     rtsv7M4_T_le_v4SPD16_eabi.lib : autoinit.c.obj (.text:__TI_auto_init_nobinit_nopinit:__TI_auto_init_nobinit_nopinit)
                  0002e658    00000040                                   : sprintf.c.obj (.text:sprintf)
                  0002e698    0000003e                                   : _printfi.c.obj (.text:_fcpy)
                  0002e6d6    00000038     driverlib.lib : epi.obj (.text:EPIDividerCSSet)
                  0002e70e    00000038     rtsv7M4_T_le_v4SPD16_eabi.lib : fs_tod_t2.asm.obj (.text)
                  0002e746    00000002     --HOLE-- [fill = 0]
                  0002e748    00000038                                   : sscanf.c.obj (.text:sscanf)
                  0002e780    00000034     driverlib.lib : sysctl.obj (.text:SysCtlPeripheralEnable)
                  0002e7b4    00000034                   : sysctl.obj (.text:SysCtlPeripheralSleepEnable)
                  0002e7e8    00000034     rtsv7M4_T_le_v4SPD16_eabi.lib : boot_cortex_m.c.obj (.text:_c_int00_noargs:_c_int00_noargs)
                  0002e81c    0000002e                                   : i_tofd_t2.asm.obj (.text)
                  0002e84a    0000002e                                   : strncat.c.obj (.text:strncat)
                  0002e878    0000002c     driverlib.lib : udma.obj (.text:uDMAChannelAssign)
                  0002e8a4    0000002a                   : gpio.obj (.text:GPIODirModeSet)
                  0002e8ce    0000002a     COM.obj (.text:__bit_output)
                  0002e8f8    00000028     driverlib.lib : udma.obj (.text:uDMAChannelModeGet)
                  0002e920    00000024                   : interrupt.obj (.text:IntPrioritySet)
                  0002e944    00000024     COM.obj (.text:__bit_input)
                  0002e968    00000024     rtsv7M4_T_le_v4SPD16_eabi.lib : memcmp.c.obj (.text:memcmp)
                  0002e98c    00000024     driverlib.lib : udma.obj (.text:uDMAChannelControlSet)
                  0002e9b0    00000022                   : epi.obj (.text:EPIConfigHB16Set)
                  0002e9d2    00000022     COM.obj (.text:calc_cnt)
                  0002e9f4    00000020     driverlib.lib : uart.obj (.text:UARTDisable)
                  0002ea14    00000020                   : sysctl.obj (.text:_SysCtlMemTimingGet)
                  0002ea34    0000001e     rtsv7M4_T_le_v4SPD16_eabi.lib : strcat.c.obj (.text:strcat)
                  0002ea52    00000002     --HOLE-- [fill = 0]
                  0002ea54    0000001c     driverlib.lib : epi.obj (.text:EPIConfigHB16CSSet)
                  0002ea70    0000001c     rtsv7M4_T_le_v4SPD16_eabi.lib : memccpy.c.obj (.text:memccpy)
                  0002ea8c    0000001a                                   : s_copysign.c.obj (.text:copysign)
                  0002eaa6    00000018     driverlib.lib : gpio.obj (.text:GPIOPinTypeGPIOOutput)
                  0002eabe    00000002     --HOLE-- [fill = 0]
                  0002eac0    00000018                   : timer.obj (.text:TimerDisable)
                  0002ead8    00000018     rtsv7M4_T_le_v4SPD16_eabi.lib : sprintf.c.obj (.text:_outs)
                  0002eaf0    00000018                                   : ll_mul_t2.asm.obj (.text)
                  0002eb08    00000018                                   : strrchr.c.obj (.text:strrchr)
                  0002eb20    00000018     driverlib.lib : udma.obj (.text:uDMAChannelEnable)
                  0002eb38    00000016     rtsv7M4_T_le_v4SPD16_eabi.lib : strchr.c.obj (.text:strchr)
                  0002eb4e    00000002     --HOLE-- [fill = 0]
                  0002eb50    00000014     driverlib.lib : sysctl.obj (.text:SysCtlResetCauseClear)
                  0002eb64    00000014                   : uart.obj (.text:UARTEnable)
                  0002eb78    00000014     rtsv7M4_T_le_v4SPD16_eabi.lib : strcpy.c.obj (.text:strcpy)
                  0002eb8c    00000014                                   : strlen.c.obj (.text:strlen)
                  0002eba0    00000014     driverlib.lib : udma.obj (.text:uDMAChannelRequest)
                  0002ebb4    00000012                   : gpio.obj (.text:GPIOPinTypeEPI)
                  0002ebc6    00000012                   : gpio.obj (.text:GPIOPinTypeGPIOInput)
                  0002ebd8    00000012                   : gpio.obj (.text:GPIOPinTypeUART)
                  0002ebea    00000012                   : gpio.obj (.text:GPIOPinTypeUSBAnalog)
                  0002ebfc    00000012                   : timer.obj (.text:TimerLoadSet)
                  0002ec0e    00000012     rtsv7M4_T_le_v4SPD16_eabi.lib : sscanf.c.obj (.text:_inpchar)
                  0002ec20    00000012                                   : atof.c.obj (.text:atof)
                  0002ec32    00000012                                   : wcslen.c.obj (.text:wcslen)
                  0002ec44    00000010     driverlib.lib : interrupt.obj (.text:IntMasterEnable)
                  0002ec54    00000010                   : uart.obj (.text:UARTFIFOLevelGet)
                  0002ec64    00000010                   : udma.obj (.text:uDMAEnable)
                  0002ec74    0000000e                   : timer.obj (.text:TimerEnable)
                  0002ec82    0000000e                   : uart.obj (.text:UARTCharGetNonBlocking)
                  0002ec90    0000000e                   : uart.obj (.text:UARTCharsAvail)
                  0002ec9e    0000000e                   : watchdog.obj (.text:WatchdogStallEnable)
                  0002ecac    0000000e     rtsv7M4_T_le_v4SPD16_eabi.lib : copy_decompress_none.c.obj (.text:decompress:none:__TI_decompress_none)
                  0002ecba    0000000c     driverlib.lib : cpu.obj (.text:CPUcpsie)
                  0002ecc6    0000000c                   : gpio.obj (.text:GPIOIntEnable)
                  0002ecd2    00000002     --HOLE-- [fill = 0]
                  0002ecd4    0000000c                   : sysctl.obj (.text:SysCtlResetCauseGet)
                  0002ece0    0000000c                   : uart.obj (.text:UARTTxIntModeSet)
                  0002ecec    0000000c     rtsv7M4_T_le_v4SPD16_eabi.lib : copy_zero_init.c.obj (.text:decompress:ZI:__TI_zero_init)
                  0002ecf8    0000000c     tm4c1290nczad_startup_ccs.obj (.text)
                  0002ed04    0000000c     driverlib.lib : udma.obj (.text:uDMAControlBaseSet)
                  0002ed10    0000000a                   : uart.obj (.text:UARTIntStatus)
                  0002ed1a    0000000a                   : watchdog.obj (.text:WatchdogIntEnable)
                  0002ed24    0000000a                   : watchdog.obj (.text:WatchdogResetDisable)
                  0002ed2e    0000000a                   : watchdog.obj (.text:WatchdogResetEnable)
                  0002ed38    0000000a     rtsv7M4_T_le_v4SPD16_eabi.lib : sprintf.c.obj (.text:_outc)
                  0002ed42    00000008     driverlib.lib : timer.obj (.text:TimerIntEnable)
                  0002ed4a    00000008                   : uart.obj (.text:UARTDMAEnable)
                  0002ed52    00000008                   : uart.obj (.text:UARTIntEnable)
                  0002ed5a    00000002     --HOLE-- [fill = 0]
                  0002ed5c    00000008     rtsv7M4_T_le_v4SPD16_eabi.lib : errno.c.obj (.text:__aeabi_errno_addr)
                  0002ed64    00000008                                   : sscanf.c.obj (.text:_uninpchar)
                  0002ed6c    00000006     driverlib.lib : gpio.obj (.text:GPIOIntClear)
                  0002ed72    00000006                   : gpio.obj (.text:GPIOPinRead)
                  0002ed78    00000006                   : gpio.obj (.text:GPIOPinWrite)
                  0002ed7e    00000006                   : uart.obj (.text:UARTFIFOLevelSet)
                  0002ed84    00000006                   : watchdog.obj (.text:WatchdogIntClear)
                  0002ed8a    00000004                   : epi.obj (.text:EPIDividerSet)
                  0002ed8e    00000004                   : epi.obj (.text:EPIModeSet)
                  0002ed92    00000004                   : timer.obj (.text:TimerIntClear)
                  0002ed96    00000004                   : uart.obj (.text:UARTIntClear)
                  0002ed9a    00000004                   : watchdog.obj (.text:WatchdogReloadSet)
                  0002ed9e    00000004     rtsv7M4_T_le_v4SPD16_eabi.lib : pre_init.c.obj (.text:_system_pre_init)
                  0002eda2    00000004                                   : exit.c.obj (.text:abort:abort)
                  0002eda6    00000004     COM.obj (.text:clrpsw_i)
                  0002edaa    00000004     COM.obj (.text:nop)
                  0002edae    00000004     COM.obj (.text:setpsw_i)

.const     0    0002edb8    00001636     
                  0002edb8    0000023c     int_flow.obj (.const:AUTO_COEFF_10K)
                  0002eff4    0000023c     int_flow.obj (.const:AUTO_COEFF_4AT)
                  0002f230    0000023c     int_flow.obj (.const:AUTO_COEFF_4E)
                  0002f46c    0000023c     int_flow.obj (.const:AUTO_COEFF_6AT)
                  0002f6a8    0000023c     int_flow.obj (.const:AUTO_COEFF_6E)
                  0002f8e4    000001b0     driverlib.lib : sysctl.obj (.const:g_pppui32XTALtoVCO)
                  0002fa94    00000174     onewire.obj (.const:OWEepromData)
                  0002fc08    00000130     int_flow.obj (.const:LL_TBL)
                  0002fd38    00000104     int_flow.obj (.const:CmpTbl)
                  0002fe3c    00000101     rtsv7M4_T_le_v4SPD16_eabi.lib : ctype.c.obj (.const:.string:_ctypes_)
                  0002ff3d    00000003     --HOLE-- [fill = 0]
                  0002ff40    000000c8                                   : strtod.c.obj (.const:$O1$$)
                  00030008    0000009c     driverlib.lib : interrupt.obj (.const:g_pui32Regs)
                  000300a4    00000090                   : gpio.obj (.const:g_pui32GPIOBaseAddrs)
                  00030134    00000082     int_flow.obj (.const:sens_inf)
                  000301b6    00000002     --HOLE-- [fill = 0]
                  000301b8    00000070     driverlib.lib : interrupt.obj (.const)
                  00030228    0000006c                   : sysctl.obj (.const:g_pui32Xtals)
                  00030294    00000054     int_flow.obj (.const:flow_vel_tbl)
                  000302e8    00000030     driverlib.lib : sysctl.obj (.const:g_sXTALtoMEMTIM)
                  00030318    00000020     MES.obj (.const:$P$T0$1)
                  00030338    00000020     MES.obj (.const:$P$T1$2)
                  00030358    00000020     int_flow.obj (.const:$P$T7$8)
                  00030378    00000010     rtsv7M4_T_le_v4SPD16_eabi.lib : _scanfi.c.obj (.const:$O1$$)
                  00030388    0000000a     int_flow.obj (.const:abs_cont)
                  00030392    00000008     int_flow.obj (.const:$P$T1$2)
                  0003039a    00000008     MES.obj (.const:$P$T2$3)
                  000303a2    00000008     int_flow.obj (.const:$P$T2$3)
                  000303aa    00000008     int_flow.obj (.const:$P$T3$4)
                  000303b2    00000008     int_flow.obj (.const:$P$T4$5)
                  000303ba    00000008     int_flow.obj (.const:$P$T5$6)
                  000303c2    00000008     int_flow.obj (.const:$P$T6$7)
                  000303ca    00000008     int_flow.obj (.const:$P$T8$9)
                  000303d2    00000008     int_flow.obj (.const:$P$T9$10)
                  000303da    00000002     --HOLE-- [fill = 0]
                  000303dc    00000008     driverlib.lib : sysctl.obj (.const)
                  000303e4    00000005     protocol.obj (.const:.string:$P$T0$1)
                  000303e9    00000001     --HOLE-- [fill = 0]
                  000303ea    00000004     int_flow.obj (.const:$P$T0$1)

.cinit     0    000303f0    000001d0     
                  000303f0    000001a8     (.cinit..data.load) [load image, compression = lzss]
                  00030598    0000000c     (__TI_handler_table)
                  000305a4    00000004     --HOLE-- [fill = 0]
                  000305a8    00000008     (.cinit..bss.load) [load image, compression = zero_init]
                  000305b0    00000010     (__TI_cinit_table)

.init_array 
*          0    00000000    00000000     UNINITIALIZED

.fpgacfg   0    00040000    000a5afa     
                  00040000    000a5afa     MAIN.obj (.fpgacfg)

.bss       0    20000000    000148b9     UNINITIALIZED
                  20000000    00009c00     (.common:MES)
                  20009c00    000023a0     (.common:LOG_DETAIL)
                  2000bfa0    00002000     (.common:code_buffer)
                  2000dfa0    00001800     (.common:eep_queue)
                  2000f7a0    000016e0     (.common:SVD)
                  20010e80    00000800     (.common:fwd_temp_data)
                  20011680    00000800     (.common:rev_temp_data)
                  20011e80    00000674     (.common:RX_buf)
                  200124f4    00000674     (.common:TX_buf)
                  20012b68    000005a0     (.common:MES_SUB)
                  20013108    000002b8     (.common:MAIN)
                  200133c0    00000024     (.common:multi_ch_no)
                  200133e4    00000004     (.common:curr_head_addr_256)
                  200133e8    00000018     (.common:value)
                  20013400    00000400     MAIN.obj (.bss:pui8ControlTable)
                  20013800    00000258     (.common:fow_wave_data)
                  20013a58    00000258     (.common:rev_wave_data)
                  20013cb0    00000128     (.common:RX_buf_dl)
                  20013dd8    00000128     (.common:TX_buf_dl)
                  20013f00    00000120     (.common:SAVE)
                  20014020    00000110     (.common:s_data)
                  20014130    00000100     (.common:ROM_WR_BUFF)
                  20014230    00000100     (.common:WrtDat)
                  20014330    00000100     (.common:sens_info)
                  20014430    000000f0     (.common:LED)
                  20014520    00000090     (.common:memory_C_data)
                  200145b0    00000090     (.common:memory_R_data)
                  20014640    00000090     (.common:memory_W_data)
                  200146d0    00000080     (.common:mf_data)
                  20014750    00000050     (.common:sum_abs_data)
                  200147a0    00000018     (.common:wave_hight)
                  200147b8    00000010     (.common:mes_err)
                  200147c8    0000000c     MAIN.obj (.bss:ZajTmr$1)
                  200147d4    00000008     (.common:ascii_in)
                  200147dc    00000008     (.common:ascii_out)
                  200147e4    00000008     (.common:ch_no)
                  200147ec    00000008     (.common:ch_z)
                  200147f4    00000008     (.common:digit_check)
                  200147fc    00000008     (.common:echo_back)
                  20014804    00000008     (.common:end_code)
                  2001480c    00000008     (.common:error_check)
                  20014814    00000008     (.common:flow_check)
                  2001481c    00000008     (.common:i_num)
                  20014824    00000008     (.common:l_check)
                  2001482c    00000008     (.common:size)
                  20014834    00000008     (.common:sw_now_almreset)
                  2001483c    00000004     (.common:curr_tail_addr_256)
                  20014840    00000004     (.common:g_ui32SysClock)
                  20014844    00000004     (.common:prev_addr_256)
                  20014848    00000004     (.common:work_oq)
                  2001484c    00000002     (.common:buf_count)
                  2001484e    00000002     (.common:buf_count_dl)
                  20014850    00000002     (.common:buf_count_sub)
                  20014852    00000002     (.common:byte_count_dl)
                  20014854    00000002     (.common:byte_count_host)
                  20014856    00000002     (.common:byte_count_ment)
                  20014858    00000002     (.common:com_link)
                  2001485a    00000002     (.common:com_start)
                  2001485c    00000002     (.common:com_type)
                  2001485e    00000002     (.common:cunet_error)
                  20014860    00000002     (.common:cunet_mcare)
                  20014862    00000002     (.common:cunet_mfr1)
                  20014864    00000002     (.common:cunet_mfr2)
                  20014866    00000002     (.common:cunet_mfr3)
                  20014868    00000002     (.common:cunet_mfr4)
                  2001486a    00000002     (.common:curr_block_id)
                  2001486c    00000002     (.common:disp_ch)
                  2001486e    00000002     (.common:eep_err)
                  20014870    00000002     (.common:end_wdt)
                  20014872    00000002     (.common:err_stat)
                  20014874    00000002     (.common:err_stat_dl)
                  20014876    00000002     (.common:format_err_host)
                  20014878    00000002     (.common:format_err_sub)
                  2001487a    00000002     (.common:fow_max)
                  2001487c    00000002     (.common:fow_max_point)
                  2001487e    00000002     (.common:fow_min)
                  20014880    00000002     (.common:led_alarm)
                  20014882    00000002     (.common:led_channel)
                  20014884    00000002     (.common:len_err_host)
                  20014886    00000002     (.common:len_err_sub)
                  20014888    00000002     (.common:main_count)
                  2001488a    00000002     (.common:ow_cnt)
                  2001488c    00000002     (.common:ow_pos)
                  2001488e    00000002     (.common:ow_retry)
                  20014890    00000002     (.common:pending_size)
                  20014892    00000002     (.common:prev_block_id)
                  20014894    00000002     (.common:recv_sa_dl)
                  20014896    00000002     (.common:recv_sa_host)
                  20014898    00000002     (.common:recv_sa_sub)
                  2001489a    00000002     (.common:reset_factor)
                  2001489c    00000002     (.common:rev_max)
                  2001489e    00000002     (.common:rev_max_point)
                  200148a0    00000002     (.common:rev_min)
                  200148a2    00000002     (.common:rx_end_dl)
                  200148a4    00000002     (.common:rx_end_host)
                  200148a6    00000002     (.common:rx_end_ment)
                  200148a8    00000002     (.common:rx_end_subhost)
                  200148aa    00000002     (.common:sa_flow)
                  200148ac    00000002     (.common:send_err_status)
                  200148ae    00000002     (.common:sw_cont)
                  200148b0    00000002     (.common:sw_cunet_num)
                  200148b2    00000002     (.common:sw_now)
                  200148b4    00000002     (.common:sw_old)
                  200148b6    00000002     (.common:timer_main)
                  200148b8    00000001     (.common:sw_now_zeroadj)

.data      0    200148c0    000009ae     UNINITIALIZED
                  200148c0    000003d0     SV_def.obj (.data:SVD_default)
                  20014c90    00000100     cunet.obj (.data:recv_data0)
                  20014d90    00000100     cunet.obj (.data:recv_data1)
                  20014e90    00000100     cunet.obj (.data:send_data)
                  20014f90    00000100     cunet.obj (.data:send_data_sub)
                  20015090    000000ba     defMAIN.obj (.data:err_inf)
                  2001514a    00000005     MES.obj (.data:comma)
                  2001514f    00000001     download.obj (.data)
                  20015150    00000098     defLOG.obj (.data:LOG_DETAIL_DEF)
                  200151e8    0000001a     COM.obj (.data)
                  20015202    00000010     int_flow.obj (.data)
                  20015212    0000000c     disp.obj (.data:CH_LED)
                  2001521e    0000000c     onewire.obj (.data:OWwrite)
                  2001522a    0000000c     eeprom_spi.obj (.data)
                  20015236    0000000c     int_flow.obj (.data:get_cyc)
                  20015242    00000008     int_flow.obj (.data:AdcSmpFrq)
                  2001524a    00000008     int_flow.obj (.data:SmpTs0)
                  20015252    00000008     int_flow.obj (.data:SmpTs)
                  2001525a    00000004     MAIN.obj (.data)
                  2001525e    00000004     onewire.obj (.data)
                  20015262    00000002     MES.obj (.data)
                  20015264    00000004     rtsv7M4_T_le_v4SPD16_eabi.lib : errno.c.obj (.data)
                  20015268    00000004     util.obj (.data)
                  2001526c    00000002     disp.obj (.data)

.stack     0    20015270    00000800     UNINITIALIZED
                  20015270    00000004     rtsv7M4_T_le_v4SPD16_eabi.lib : boot_cortex_m.c.obj (.stack)
                  20015274    000007fc     --HOLE--

__llvm_prf_cnts 
*          0    20000000    00000000     UNINITIALIZED

MODULE SUMMARY

       Module                          code     ro data   rw data
       ------                          ----     -------   -------
    .\
       pinout.obj                      1780     0         0      
       tm4c1290nczad_startup_ccs.obj   12       520       0      
    +--+-------------------------------+--------+---------+---------+
       Total:                          1792     520       0      
                                                                 
    .\MAIN\
       MAIN.obj                        9800     678650    1048   
       MES.obj                         77572    72        1543   
       defMES.obj                      0        0         41376  
       int_flow.obj                    24912    3748      4316   
       protocol.obj                    15900    5         3462   
       util.obj                        17588    0         6      
       download.obj                    5300     0         9341   
       cunet.obj                       9892     0         1046   
       defLOG.obj                      0        0         9272   
       eeprom_spi.obj                  1676     0         6156   
       SV_def.obj                      0        0         6832   
       onewire.obj                     3256     372       710    
       log.obj                         2768     0         0      
       COM.obj                         2336     0         54     
       disp.obj                        1072     0         35     
       defMAIN.obj                     0        0         898    
       ctlioport.obj                   548      0         0      
       int_prg.obj                     368      0         4      
       defSAVE.obj                     0        0         288    
       defLED.obj                      0        0         240    
    +--+-------------------------------+--------+---------+---------+
       Total:                          172988   682847    86627  
                                                                 
    C:/ti/tivaware_c_series_2_1_4_178/driverlib/ccs/Debug/driverlib.lib
       sysctl.obj                      752      596       0      
       gpio.obj                        632      144       0      
       interrupt.obj                   332      268       0      
       udma.obj                        468      0         0      
       uart.obj                        214      0         0      
       timer.obj                       164      0         0      
       epi.obj                         130      0         0      
       watchdog.obj                    54       0         0      
       cpu.obj                         12       0         0      
    +--+-------------------------------+--------+---------+---------+
       Total:                          2758     1008      0      
                                                                 
    C:\ti\ccs1031\ccs\tools\compiler\ti-cgt-arm_20.2.4.LTS\lib\rtsv7M4_T_le_v4SPD16_eabi.lib
       _printfi.c.obj                  4851     0         0      
       _scanfi.c.obj                   2800     16        0      
       strtod.c.obj                    1120     200       0      
       strtoll.c.obj                   476      0         0      
       fd_add_t2.asm.obj               438      0         0      
       strtoull.c.obj                  348      0         0      
       fd_div_t2.asm.obj               310      0         0      
       strtol.c.obj                    304      0         0      
       s_scalbn.c.obj                  272      0         0      
       strtoul.c.obj                   272      0         0      
       fd_cmp_t2.asm.obj               268      0         0      
       ctype.c.obj                     0        257       0      
       fd_mul_t2.asm.obj               252      0         0      
       sscanf.c.obj                    186      0         0      
       memcpy_t2.asm.obj               156      0         0      
       ull_div_t2.asm.obj              150      0         0      
       memset_t2.asm.obj               122      0         0      
       fd_toll_t2.asm.obj              112      0         0      
       fd_tos_t2.asm.obj               110      0         0      
       ll_div_t2.asm.obj               110      0         0      
       copy_decompress_lzss.c.obj      104      0         0      
       s_frexp.c.obj                   100      0         0      
       sprintf.c.obj                   98       0         0      
       _ltoa.c.obj                     84       0         0      
       atoi.c.obj                      76       0         0      
       fd_toi_t2.asm.obj               72       0         0      
       ll_tofs_t2.asm.obj              72       0         0      
       autoinit.c.obj                  68       0         0      
       fs_tod_t2.asm.obj               56       0         0      
       boot_cortex_m.c.obj             52       0         0      
       i_tofd_t2.asm.obj               46       0         0      
       strncat.c.obj                   46       0         0      
       memcmp.c.obj                    36       0         0      
       strcat.c.obj                    30       0         0      
       memccpy.c.obj                   28       0         0      
       s_copysign.c.obj                26       0         0      
       ll_mul_t2.asm.obj               24       0         0      
       strrchr.c.obj                   24       0         0      
       strchr.c.obj                    22       0         0      
       strcpy.c.obj                    20       0         0      
       strlen.c.obj                    20       0         0      
       atof.c.obj                      18       0         0      
       wcslen.c.obj                    18       0         0      
       copy_decompress_none.c.obj      14       0         0      
       copy_zero_init.c.obj            12       0         0      
       errno.c.obj                     8        0         4      
       exit.c.obj                      4        0         0      
       pre_init.c.obj                  4        0         0      
       div0.asm.obj                    2        0         0      
    +--+-------------------------------+--------+---------+---------+
       Total:                          13841    473       4      
                                                                 
       Stack:                          0        0         2048   
       Linker Generated:               0        460       0      
    +--+-------------------------------+--------+---------+---------+
       Grand Total:                    191379   685308    88679  


LINKER GENERATED COPY TABLES

__TI_cinit_table @ 000305b0 records: 2, size/record: 8, table size: 16
	.data: load addr=000303f0, load size=000001a8 bytes, run addr=200148c0, run size=000009ae bytes, compression=lzss
	.bss: load addr=000305a8, load size=00000008 bytes, run addr=20000000, run size=000148b9 bytes, compression=zero_init


LINKER GENERATED HANDLER TABLE

__TI_handler_table @ 00030598 records: 3, size/record: 4, table size: 12
	index: 0, handler: __TI_decompress_lzss
	index: 1, handler: __TI_decompress_none
	index: 2, handler: __TI_zero_init


GLOBAL SYMBOLS: SORTED ALPHABETICALLY BY Name 

address   name                          
-------   ----                          
20015206  AD_BASE                       
20015208  AD_MAX                        
0002edb8  AUTO_COEFF_10K                
0002eff4  AUTO_COEFF_4AT                
0002f230  AUTO_COEFF_4E                 
0002f46c  AUTO_COEFF_6AT                
0002f6a8  AUTO_COEFF_6E                 
000168a9  ActBfrFifRed                  
20015242  AdcSmpFrq                     
000177d1  AnalyzeWave                   
0002eda3  C$$EXIT                       
20015212  CH_LED                        
0002ecbb  CPUcpsie                      
0001a651  CalFx                         
0001a609  CalRegLin                     
2001525a  ChCtrlNow                     
00027607  CheckBOOTCFG                  
00027571  CheckDeviceDetect             
0002c6bd  CheckEndPulse                 
000270f5  CheckSearchWindow             
0001a581  ChkClcActFlg                  
2001520a  ClcActFlg                     
000146d1  ClcChmLnr                     
0001a4d1  ClcDifWavPos                  
00019199  ClcFlwFlt                     
00019099  ClcFlwFlt_MvgAve              
00014909  ClcNmlLnr                     
00016961  ClcSumWavAmp                  
0002b483  ClrWEN                        
0002fd38  CmpTbl                        
00011e49  CngSstPrm                     
00011f7d  CngUstPrm                     
00040000  ConfigDat                     
00018131  CorZrcPnt                     
00013489  CvtAscDec                     
00013435  CvtDecAsc                     
0002a8c1  DMA1_end                      
0002a87b  DMA2_end                      
000181a9  DelAbnPnt                     
00013539  DlRead                        
000135c9  DlWrite                       
00016931  DriveFIFOFwd                  
00016b81  DriveFIFORev                  
000145c5  EPIAddressMapSet              
0002ea55  EPIConfigHB16CSSet            
0002e9b1  EPIConfigHB16Set              
0002e6d7  EPIDividerCSSet               
0002ed8b  EPIDividerSet                 
0002ed8f  EPIModeSet                    
00025e59  EndAdjVth                     
00026261  EndZerAdj                     
00013505  ErsAllBlk                     
000134f9  ErsBlk                        
20015211  FIFO_CH_END                   
20015210  FIFO_CH_SRT                   
00000ad9  FPGA_WRITE                    
00000ab5  FROM_WRITE                    
000152d1  Filt                          
000004a5  FlashErase_dl                 
00000505  FlashProgram                  
0002e8a5  GPIODirModeSet                
0002ed6d  GPIOIntClear                  
0002ecc7  GPIOIntEnable                 
0002e235  GPIOIntTypeSet                
0002d387  GPIOPadConfigSet              
0002e3d5  GPIOPinConfigure              
0002ed73  GPIOPinRead                   
0002ebb5  GPIOPinTypeEPI                
0002ebc7  GPIOPinTypeGPIOInput          
0002eaa7  GPIOPinTypeGPIOOutput         
0002ebd9  GPIOPinTypeUART               
0002ebeb  GPIOPinTypeUSBAnalog          
0002ed79  GPIOPinWrite                  
00000599  GPIOPinWrite_dl               
000279fd  GetCRC8                       
00017161  GetFwdAnyPnt                  
00017899  GetMinWaveValue               
00027999  GetReflect                    
000171d1  GetRevAnyPnt                  
0001a481  GetTimDif                     
00011dd9  GetValSiz                     
00016bd1  GetWav                        
00026405  IniZajPrm                     
0001a471  InitFPGA                      
0001a469  InitFifoCh                    
0002dfd1  IntDisable                    
0002e039  IntEnable                     
0002ec45  IntMasterEnable               
0002e41d  IntPendClear                  
0002e921  IntPrioritySet                
00009259  JdgIdxErr                     
00025d55  JdgZadErr                     
000266bd  JdgZerAdjPhs                  
20014430  LED                           
0002fc08  LL_TBL                        
0001a2d1  LLmode_kind                   
20009c00  LOG_DETAIL                    
20015150  LOG_DETAIL_DEF                
00025dc9  LedCtlZaj                     
20013108  MAIN                          
20000000  MES                           
20012b68  MES_SUB                       
00012eb9  MemoryCom                     
00025f9d  NowZerAdj                     
00027a9f  OWCheckDevice                 
0002822d  OWCheckDeviceSide             
00027add  OWCheckROMID                  
00027c77  OWCompareData                 
0002fa94  OWEepromData                  
000278bf  OWReadBit                     
0002794f  OWReadByte                    
00027d07  OWReadSensinfo                
000277af  OWResetDevice                 
00027747  OWSensEnable                  
00027721  OWSensPowSW                   
0002776d  OWSensRX                      
000276d5  OWSensSig                     
0002778d  OWSensSigPDR                  
000276fb  OWSensSigSW                   
00028343  OWWaitMS                      
00028309  OWWaitUS                      
0002784f  OWWriteBit                    
00027909  OWWriteByte                   
00027b7d  OWWriteData                   
00027f79  OWWriteSensinfo               
2001521e  OWwrite                       
20015260  OWwriteCH                     
0002c68d  OutputRestartPulse            
0002c6a5  OutputStartPulse              
0002ac41  PinoutSet                     
0002b423  PollingEE                     
000014b4  RAM_PRG_size                  
00000208  RAM_PRG_start                 
20014130  ROM_WR_BUFF                   
20011e80  RX_buf                        
20013cb0  RX_buf_dl                     
200151e8  RX_buf_host                   
200151f0  RX_buf_ment                   
200151f8  RX_buf_subhost                
00000831  RX_data_dl_host               
000006a9  RX_data_dl_ment               
0000065d  RX_enable_dl_host             
00000625  RX_enable_dl_ment             
0002a8d5  RX_enable_host                
0002a8fd  RX_enable_ment                
0002b553  Read                          
0002b3ad  ReadEE                        
0002b4a1  ReadSR                        
00027529  ReadSensDevice                
0002ecf9  ResetISR                      
0001e759  RoundFunc                     
20013f00  SAVE                          
2000f7a0  SVD                           
200148c0  SVD_default                   
0001d3b9  SavEepZerAdjPrm               
00026069  SavZajPrm                     
00017241  SchMaxMinPnt                  
00016e51  SchMaxPek                     
00016fa9  SchMinPek                     
00017101  SchTrshld                     
00016d19  SchZerDat                     
00018331  SchZerPnt                     
0001a1d9  SearchWindow                  
00016189  SelectForwardOff              
00015f49  SelectForwardOn               
00016909  SelectReverseOff              
00016619  SelectReverseOn               
00015f71  SetADCClock                   
000160d1  SetClockPhase                 
0001a189  SetDigitalFilterRegister      
00015f99  SetDriveFreq                  
00016051  SetDrivePulse                 
00016641  SetFifoNo                     
000167c9  SetFifoPos                    
00016111  SetFpgaRegister               
00019789  SetNextGain                   
0002b465  SetWEN                        
00017599  SetWavTopPos                  
00016079  SetWindowPosition             
00026f71  SetZerAdjPrm                  
20015252  SmpTs                         
2001524a  SmpTs0                        
2001520e  SumPntInc                     
0002c6e5  SysCtlClockFreqSet            
0002e781  SysCtlPeripheralEnable        
0002e7b5  SysCtlPeripheralSleepEnable   
0002eb51  SysCtlResetCauseClear         
0002ecd5  SysCtlResetCauseGet           
200124f4  TX_buf                        
20013dd8  TX_buf_dl                     
200151ec  TX_buf_host                   
200151f4  TX_buf_ment                   
200151fc  TX_buf_subhost                
00000a0b  TX_data_dl_host               
000009a7  TX_data_dl_ment               
0002a87d  TX_end_host                   
0002a8c3  TX_end_ment                   
0002a849  TX_start_host                 
0002a88f  TX_start_ment                 
0002e1d5  TimerConfigure                
0002eac1  TimerDisable                  
0002ec75  TimerEnable                   
0002ed93  TimerIntClear                 
0002ed43  TimerIntEnable                
0002ebfd  TimerLoadSet                  
2001520c  TopPosFix                     
00000487  UARTBusy_dl                   
0002ec83  UARTCharGetNonBlocking        
0000044d  UARTCharGetNonBlocking_dl     
00000469  UARTCharPut_dl                
0002ec91  UARTCharsAvail                
0000042f  UARTCharsAvail_dl             
0002e5cd  UARTConfigSetExpClk           
0002ed4b  UARTDMAEnable                 
0002e9f5  UARTDisable                   
0002eb65  UARTEnable                    
0002ec55  UARTFIFOLevelGet              
0002ed7f  UARTFIFOLevelSet              
0002ed97  UARTIntClear                  
0000041d  UARTIntClear_dl               
0002ed53  UARTIntEnable                 
0002ed11  UARTIntStatus                 
000003ff  UARTIntStatus_dl              
0002ece1  UARTTxIntModeSet              
0001a149  WaitCDONE                     
0002ed85  WatchdogIntClear              
0002ed1b  WatchdogIntEnable             
00027685  WatchdogIntHandler            
0002ed9b  WatchdogReloadSet             
000005b9  WatchdogReloadSet_dl          
0002ed25  WatchdogResetDisable          
0002ed2f  WatchdogResetEnable           
000005cb  WatchdogResetEnable_dl        
0002ec9f  WatchdogStallEnable           
0002b4f5  Write                         
0002b335  WriteEE                       
00015ea9  WriteGainAmp                  
0002b4cb  WriteSR                       
20014230  WrtDat                        
20015a70  __STACK_END                   
00000800  __STACK_SIZE                  
20015a70  __STACK_TOP                   
000305b0  __TI_CINIT_Base               
000305c0  __TI_CINIT_Limit              
00030598  __TI_Handler_Table_Base       
000305a4  __TI_Handler_Table_Limit      
0002e615  __TI_auto_init_nobinit_nopinit
0002e109  __TI_decompress_lzss          
0002ecad  __TI_decompress_none          
0002e2e1  __TI_ltoa                     
ffffffff  __TI_pprof_out_hndl           
0002994d  __TI_printfi                  
ffffffff  __TI_prof_data_size           
ffffffff  __TI_prof_data_start          
0002838d  __TI_scanfi                   
00000000  __TI_static_base__            
0002eced  __TI_zero_init                
0002dc0d  __aeabi_cdcmpeq               
0002dc0d  __aeabi_cdcmple               
0002dc93  __aeabi_cdrcmple              
0002def5  __aeabi_d2f                   
0002e4ad  __aeabi_d2iz                  
0002de17  __aeabi_d2lz                  
0002cc9b  __aeabi_dadd                  
0002d251  __aeabi_ddiv                  
0002d92d  __aeabi_dmul                  
0002cc91  __aeabi_dsub                  
0002ed5d  __aeabi_errno_addr            
0002e70f  __aeabi_f2d                   
0002e81d  __aeabi_i2d                   
0002a39b  __aeabi_idiv0                 
0002e4f5  __aeabi_l2f                   
0002a39b  __aeabi_ldiv0                 
0002df63  __aeabi_ldivmod               
0002eaf1  __aeabi_lmul                  
0002dd9d  __aeabi_memclr                
0002dd9d  __aeabi_memclr4               
0002dd9d  __aeabi_memclr8               
0002dadb  __aeabi_memcpy                
0002dadb  __aeabi_memcpy4               
0002dadb  __aeabi_memcpy8               
0002dd9f  __aeabi_memset                
0002dd9f  __aeabi_memset4               
0002dd9f  __aeabi_memset8               
0002db77  __aeabi_uldivmod              
ffffffff  __binit__                     
0002e945  __bit_input                   
0002e8cf  __bit_output                  
00001679  __bit_output_dl               
ffffffff  __c_args__                    
UNDEFED   __mpu_init                    
20015270  __stack                       
20000000  __start___llvm_prf_cnts       
20000000  __stop___llvm_prf_cnts        
0002e7e9  _c_int00_noargs               
0002fe3c  _ctypes_                      
UNDEFED   _system_post_cinit            
0002ed9f  _system_pre_init              
0002eda3  abort                         
0002a4fd  abort_com                     
0002a4ff  abort_com_host                
0002a501  abort_com_ment                
00030388  abs_cont                      
0001b5e1  action_status_check           
0001b579  action_status_control         
000193d9  addit_flow_calc               
00019299  addit_req_check               
20015202  addit_sts                     
20015262  alm_output                    
000269d9  alm_reset_control             
00000b11  ascii2char                    
200147d4  ascii_in                      
200147dc  ascii_out                     
0002a921  ascii_to_bin                  
0002ec21  atof                          
0002e389  atoi                          
000188c9  auto_linear                   
0002a9bd  bin_to_ascii                  
ffffffff  binit                         
00000aa9  block_erase                   
2001484c  buf_count                     
2001484e  buf_count_dl                  
20014850  buf_count_sub                 
000196d9  burnout_control               
20014852  byte_count_dl                 
20014854  byte_count_host               
20014856  byte_count_ment               
0002e9d3  calc_cnt                      
200147e4  ch_no                         
00015e89  ch_search                     
200147ec  ch_z                          
00021895  check_act_able                
000214d1  check_act_disable             
00017f09  check_amp_gain                
0001fa95  check_channel                 
0001fdb9  check_command                 
00021391  check_cu_length               
000207d9  check_format                  
0002b851  check_queue                   
00021417  check_wdt                     
0002eda7  clrpsw_i                      
20015268  cmi_count                     
2000bfa0  code_buffer                   
0002aaa5  com_cont_host                 
0002aacd  com_cont_ment                 
0002aab9  com_cont_subhost              
0002a39d  com_init                      
00000337  com_init_dl_cunet             
000002d9  com_init_dl_host              
0000027b  com_init_dl_ment              
0002a3dd  com_init_host                 
0002a46d  com_init_ment                 
20014858  com_link                      
00026ed5  com_req_check                 
000271d5  com_req_control               
2001485a  com_start                     
2001485c  com_type                      
2001514a  comma                         
00013759  command_Dl                    
000143fd  command_M1                    
00012f21  command_MR                    
000138fd  command_MT                    
00013119  command_MW                    
00013ab1  command_MZ                    
0001261d  command_OA                    
000019cd  command_OE                    
00012595  command_OJ                    
000125d7  command_OL                    
00001dd9  command_OQ                    
000125f1  command_OR                    
000124fd  command_OS                    
000125fd  command_OT                    
000016c1  command_OV                    
000127e5  command_OZ                    
00012545  command_Os                    
00012681  command_Ot                    
00005529  command_R1                    
000056c5  command_R2                    
000057c1  command_R3                    
000062b9  command_R4                    
000065ad  command_R5                    
00006cf1  command_R6                    
00006e01  command_R7                    
00007fe5  command_R8                    
000083d1  command_R9                    
00005307  command_RA                    
000079fd  command_RC                    
00004be5  command_RD                    
00005119  command_RE                    
00003bfd  command_RF                    
00003e45  command_RG                    
00004645  command_RL                    
0000539d  command_RM                    
0000395d  command_RR                    
00002879  command_RS                    
0000549d  command_RT                    
00003dc5  command_RV                    
00008599  command_RW                    
00008519  command_RX                    
00004e8d  command_RZ                    
00008aad  command_Ra                    
000035b7  command_Rb                    
000092e5  command_Rc                    
000033d9  command_Rd                    
000053d9  command_Rf                    
0000330b  command_Rg                    
0000366d  command_Rh                    
00008481  command_Ri                    
00003395  command_Rk                    
0000341d  command_Rl                    
00003815  command_Rm                    
00008995  command_Rn                    
00008879  command_Rp                    
0000334d  command_Rr                    
00002e4d  command_Rs                    
00005451  command_Rt                    
000036bd  command_Ru                    
0000362d  command_Rv                    
0000532d  command_Ry                    
000039e1  command_Rz                    
0000d919  command_W1                    
0000dc9d  command_W2                    
000101e1  command_W3                    
0000df35  command_W5                    
0000fe79  command_W6                    
00010265  command_W7                    
000112e5  command_W9                    
0000d261  command_WA                    
0000c8dd  command_WE                    
0000c511  command_WP                    
00009f9d  command_WR                    
0000d759  command_WT                    
0000a5e1  command_WU                    
0000bd35  command_WZ                    
000120b5  command_Wa                    
00009be1  command_Wb                    
0001284d  command_Wc                    
00009a21  command_Wd                    
0000d4b5  command_Wf                    
00009707  command_Wg                    
00009eb5  command_Wh                    
00011605  command_Wi                    
00009937  command_Wk                    
00009b01  command_Wl                    
0000a871  command_Wm                    
00011b75  command_Wn                    
000116b9  command_Wp                    
00009839  command_Wr                    
0000d665  command_Wt                    
0000a191  command_Wu                    
00009d8d  command_Wv                    
0000d329  command_Wy                    
0000acc5  command_Wz                    
00002329  command_oq                    
00001837  command_ov                    
0002ea8d  copysign                      
0002ea8d  copysignl                     
00018859  correlate_check               
00025b01  counter_control               
00025389  cpu_init                      
00025711  cpu_init_rs485                
2001485e  cunet_error                   
20014860  cunet_mcare                   
20014862  cunet_mfr1                    
20014864  cunet_mfr2                    
20014866  cunet_mfr3                    
20014868  cunet_mfr4                    
2001486a  curr_block_id                 
200133e4  curr_head_addr_256            
2001483c  curr_tail_addr_256            
000191c1  current_flow_control          
00019219  damp_control                  
0001e7b9  debug_mode                    
0001b6cb  delay                         
000005e5  delay_dl                      
00018079  delta_ts_cal                  
200147f4  digit_check                   
2001486c  disp_ch                       
0002bf65  disp_ch_read                  
0002c1e7  disp_cpu_status               
0002bf91  disp_cunet_read               
0002bfbf  disp_cunet_set                
0002be4d  disp_init                     
0002be41  disp_led_alm                  
0002be35  disp_led_ch                   
0002bff9  disp_led_control              
0002c185  disp_led_cpu                  
0002c115  disp_led_judge                
0002bf45  disp_zero_read                
0002be5b  disp_zerosw_check             
00016849  dma_dummy                     
0001a119  dma_start                     
00000209  download                      
0002be21  drive_led                     
00001049  drive_led_dl                  
200147fc  echo_back                     
2001522e  eep_empty                     
2001486e  eep_err                       
2000dfa0  eep_queue                     
0002b5b1  eep_read                      
2001522a  eep_rptr                      
20015230  eep_size                      
20015232  eep_size_max                  
0002b731  eep_spi_error                 
0002b601  eep_sv_read                   
0002b66d  eep_sv_write                  
2001522c  eep_wptr                      
0002b5d7  eep_write                     
0002b6c7  eep_write_ch                  
0002b8af  eep_write_ch_delay            
0002b8e9  eep_write_pending_data        
20015234  eep_write_retry               
0002575d  eeprom_init                   
20014804  end_code                      
20014870  end_wdt                       
0000036d  enter_RAM_PRG                 
20015090  err_inf                       
0001afb5  err_judge_holdtime            
0001a7cd  err_judge_status              
0001e491  err_priority                  
20014872  err_stat                      
20014874  err_stat_dl                   
0001b385  err_status_control            
0001a111  err_thlevel_init              
0001e655  err_total_status              
0001e5f9  err_zero_status               
20015264  errno                         
2001480c  error_check                   
20015204  fifo_data_ready               
00017949  fifo_read                     
00016139  fifo_read_wait                
000161c9  fifo_search                   
00018719  filter_moving                 
00018b81  flow_calc                     
20014814  flow_check                    
000237c1  flow_fs_cal                   
0001a001  flow_save_control             
00030294  flow_vel_tbl                  
20014876  format_err_host               
20014878  format_err_sub                
2001487a  fow_max                       
2001487c  fow_max_point                 
2001487e  fow_min                       
20013800  fow_wave_data                 
0002508d  fpga_config_send              
0002e171  frexp                         
0002e171  frexpl                        
20010e80  fwd_temp_data                 
00000000  g_pfnVectors                  
20014840  g_ui32SysClock                
00017ba1  gain_adj_control              
00019cb9  gain_adj_init                 
00019cb1  get_attenuator_gain           
00000e65  get_block_id                  
20015236  get_cyc                       
0002b7d7  get_queue                     
0001e6a5  get_total_offset              
000178e1  get_vth2                      
2001481c  i_num                         
0002528d  init                          
2001525c  initializing                  
00019871  inspect_flow_mode             
00019c71  int15_handler                 
0002aba5  int_cmt1                      
0002ceb7  int_cmt2                      
0002abc5  int_cmt3                      
0002a503  int_com_host                  
0002a6bd  int_com_ment                  
00019a51  int_flow                      
0002cf59  int_mky_recv0                 
0002cf79  int_mky_recv1                 
0002abf5  int_mtu0                      
0002ce49  int_prg                       
0001b6bb  invert_data                   
20014824  l_check                       
0002d70d  ldexp                         
0002d70d  ldexpl                        
20014880  led_alarm                     
20014882  led_channel                   
0000105d  led_dl                        
2001526c  led_flash                     
20014884  len_err_host                  
20014886  len_err_sub                   
0001f615  letter_judge                  
0002914f  log_basicinfo_save            
000290f7  log_detailinfo_init           
00029369  log_detailinfo_save           
00028e7d  log_init                      
00029841  log_save                      
00015e29  lowcut_control                
0002762d  main                          
20014888  main_count                    
00015ba9  make_viscos_tbl               
00015a11  maker_linear                  
000159b9  max_point_control             
00015809  median_filter                 
00015949  median_filter_control         
0002ea71  memccpy                       
0002e969  memcmp                        
0002dadb  memcpy                        
000003bf  memcpy_dl                     
20014520  memory_C_data                 
200145b0  memory_R_data                 
20014640  memory_W_data                 
0002dda5  memset                        
00000a6f  memsetW                       
00000385  memset_dl                     
200147b8  mes_err                       
200146d0  mf_data                       
000016a3  min_dl                        
00015791  min_max_check                 
000155f1  min_max_search                
00023c25  mky43_TX_start                
00001159  mky43_TX_start_dl             
00024741  mky43_add_message             
000246a5  mky43_ccr_check               
00023a29  mky43_check_datarenewal       
00023bdf  mky43_check_recv0             
00023bf9  mky43_check_recv1             
00024b6d  mky43_del_message             
00023af5  mky43_get_flow_num            
00024625  mky43_host_link_check         
000229e9  mky43_init                    
00022d8d  mky43_mail_recv               
000012dd  mky43_mail_recv_dl            
00023019  mky43_mail_send               
00023239  mky43_mail_status             
00022d49  mky43_ping_active             
0002336d  mky43_read_data               
0002349d  mky43_read_data2              
00022f91  mky43_ready_recv0             
00022fcd  mky43_ready_recv1             
00022c25  mky43_restart                 
000240b5  mky43_rxbuf_save              
00022c8f  mky43_set_register            
00022a13  mky43_start                   
00001121  mky43_wait_mail_recv_dl       
000235fd  mky43_write_alarm             
000236c9  mky43_write_flow              
200133c0  multi_ch_no                   
0001b7dd  non_sensor_control            
0002edab  nop                           
2001488a  ow_cnt                        
2001488c  ow_pos                        
2001488e  ow_retry                      
20014890  pending_size                  
0002c4c1  portmesfwdW                   
0002c5a7  portmesrevW                   
20014844  prev_addr_256                 
20014892  prev_block_id                 
000219fd  protocol                      
0002ab21  protocol_timer_host           
0002aae1  protocol_timer_ment           
0002ab65  protocol_timer_subhost        
0002b749  put_queue                     
00015439  pv_calc                       
0001b625  pwon_count                    
00027465  ram_clear_check               
000274cd  ram_clear_debug               
0001ebcd  read_change                   
00008f2d  read_change0X_2digit_status   
00008e11  read_change0X_status          
00008fe5  read_change0X_version         
0000915d  read_change0X_versionRV       
000139d1  read_change2                  
00009431  read_command_R                
00012c95  read_command_W                
0001dc75  read_serial_num               
20014c90  recv_data0                    
20014d90  recv_data1                    
20014894  recv_sa_dl                    
20014896  recv_sa_host                  
20014898  recv_sa_sub                   
00025949  recv_wave_init                
00015419  reg_clock                     
0001e591  remove_errcode                
0001b7a5  reset_control                 
2001489a  reset_factor                  
0001b701  reset_factor_check            
2001489c  rev_max                       
2001489e  rev_max_point                 
200148a0  rev_min                       
20011680  rev_temp_data                 
20013a58  rev_wave_data                 
000153a1  reverse_flow_check            
200148a2  rx_end_dl                     
200148a4  rx_end_host                   
200148a6  rx_end_ment                   
200148a8  rx_end_subhost                
20014020  s_data                        
00000b75  s_read                        
200148aa  sa_flow                       
0002d70d  scalbn                        
0002d70d  scalbnl                       
20014e90  send_data                     
20014f90  send_data_sub                 
200148ac  send_err_status               
00030134  sens_inf                      
20014330  sens_info                     
0002edaf  setpsw_i                      
2001482c  size                          
000152f1  sonic_filter_control          
00014ed9  sonic_search_max              
0002e659  sprintf                       
0002e749  sscanf                        
0002ea35  strcat                        
0002eb39  strchr                        
0002eb79  strcpy                        
0002eb8d  strlen                        
0002e84b  strncat                       
0002eb09  strrchr                       
0002b9c1  strtod                        
0002d4b9  strtol                        
0002b9c1  strtold                       
0002c8e5  strtoll                       
0002d81d  strtoul                       
0002cfb9  strtoull                      
20014750  sum_abs_data                  
00014d41  sum_adder                     
200148ae  sw_cont                       
200148b0  sw_cunet_num                  
200148b2  sw_now                        
20014834  sw_now_almreset               
200148b8  sw_now_zeroadj                
200148b4  sw_old                        
00014b41  temp_v                        
00014af9  test_flow_mode                
200148b6  timer_main                    
0002e879  uDMAChannelAssign             
0002e53d  uDMAChannelAttributeDisable   
0002e585  uDMAChannelAttributeEnable    
0002e98d  uDMAChannelControlSet         
0002eb21  uDMAChannelEnable             
0002e8f9  uDMAChannelModeGet            
0002eba1  uDMAChannelRequest            
0002dd19  uDMAChannelTransferSet        
0002ed05  uDMAControlBaseSet            
0002ec65  uDMAEnable                    
00014ac9  us_dma_start                  
00014a51  user_linear                   
0001d363  util_SnsMem_Write             
0001a719  util_delay                    
0001b961  util_eep_allwrite             
0001dbcd  util_eep_zerowrite            
0001a77d  util_passed_time              
200133e8  value                         
0001f159  value_judge                   
0001f4b5  value_judge_Hex               
00025889  version_set                   
000258e5  viscos_tbl_init               
000275f5  watchdog_refresh              
200147a0  wave_hight                    
0002ec33  wcslen                        
20014848  work_oq                       
00000ea1  write_data                    
0001e0c9  write_serial_num              
00014609  zc_filter_moving              
000145c9  zero_adj                      
000268ef  zero_adj_control              
00026909  zero_adj_error                
00026b4d  zero_adj_status               
00025bbb  zero_alm_check                
00025bfd  zero_check_sub                
00025c65  zero_check_sub_f              


GLOBAL SYMBOLS: SORTED BY Symbol Address 

address   name                          
-------   ----                          
00000000  __TI_static_base__            
00000000  g_pfnVectors                  
00000208  RAM_PRG_start                 
00000209  download                      
0000027b  com_init_dl_ment              
000002d9  com_init_dl_host              
00000337  com_init_dl_cunet             
0000036d  enter_RAM_PRG                 
00000385  memset_dl                     
000003bf  memcpy_dl                     
000003ff  UARTIntStatus_dl              
0000041d  UARTIntClear_dl               
0000042f  UARTCharsAvail_dl             
0000044d  UARTCharGetNonBlocking_dl     
00000469  UARTCharPut_dl                
00000487  UARTBusy_dl                   
000004a5  FlashErase_dl                 
00000505  FlashProgram                  
00000599  GPIOPinWrite_dl               
000005b9  WatchdogReloadSet_dl          
000005cb  WatchdogResetEnable_dl        
000005e5  delay_dl                      
00000625  RX_enable_dl_ment             
0000065d  RX_enable_dl_host             
000006a9  RX_data_dl_ment               
00000800  __STACK_SIZE                  
00000831  RX_data_dl_host               
000009a7  TX_data_dl_ment               
00000a0b  TX_data_dl_host               
00000a6f  memsetW                       
00000aa9  block_erase                   
00000ab5  FROM_WRITE                    
00000ad9  FPGA_WRITE                    
00000b11  ascii2char                    
00000b75  s_read                        
00000e65  get_block_id                  
00000ea1  write_data                    
00001049  drive_led_dl                  
0000105d  led_dl                        
00001121  mky43_wait_mail_recv_dl       
00001159  mky43_TX_start_dl             
000012dd  mky43_mail_recv_dl            
000014b4  RAM_PRG_size                  
00001679  __bit_output_dl               
000016a3  min_dl                        
000016c1  command_OV                    
00001837  command_ov                    
000019cd  command_OE                    
00001dd9  command_OQ                    
00002329  command_oq                    
00002879  command_RS                    
00002e4d  command_Rs                    
0000330b  command_Rg                    
0000334d  command_Rr                    
00003395  command_Rk                    
000033d9  command_Rd                    
0000341d  command_Rl                    
000035b7  command_Rb                    
0000362d  command_Rv                    
0000366d  command_Rh                    
000036bd  command_Ru                    
00003815  command_Rm                    
0000395d  command_RR                    
000039e1  command_Rz                    
00003bfd  command_RF                    
00003dc5  command_RV                    
00003e45  command_RG                    
00004645  command_RL                    
00004be5  command_RD                    
00004e8d  command_RZ                    
00005119  command_RE                    
00005307  command_RA                    
0000532d  command_Ry                    
0000539d  command_RM                    
000053d9  command_Rf                    
00005451  command_Rt                    
0000549d  command_RT                    
00005529  command_R1                    
000056c5  command_R2                    
000057c1  command_R3                    
000062b9  command_R4                    
000065ad  command_R5                    
00006cf1  command_R6                    
00006e01  command_R7                    
000079fd  command_RC                    
00007fe5  command_R8                    
000083d1  command_R9                    
00008481  command_Ri                    
00008519  command_RX                    
00008599  command_RW                    
00008879  command_Rp                    
00008995  command_Rn                    
00008aad  command_Ra                    
00008e11  read_change0X_status          
00008f2d  read_change0X_2digit_status   
00008fe5  read_change0X_version         
0000915d  read_change0X_versionRV       
00009259  JdgIdxErr                     
000092e5  command_Rc                    
00009431  read_command_R                
00009707  command_Wg                    
00009839  command_Wr                    
00009937  command_Wk                    
00009a21  command_Wd                    
00009b01  command_Wl                    
00009be1  command_Wb                    
00009d8d  command_Wv                    
00009eb5  command_Wh                    
00009f9d  command_WR                    
0000a191  command_Wu                    
0000a5e1  command_WU                    
0000a871  command_Wm                    
0000acc5  command_Wz                    
0000bd35  command_WZ                    
0000c511  command_WP                    
0000c8dd  command_WE                    
0000d261  command_WA                    
0000d329  command_Wy                    
0000d4b5  command_Wf                    
0000d665  command_Wt                    
0000d759  command_WT                    
0000d919  command_W1                    
0000dc9d  command_W2                    
0000df35  command_W5                    
0000fe79  command_W6                    
000101e1  command_W3                    
00010265  command_W7                    
000112e5  command_W9                    
00011605  command_Wi                    
000116b9  command_Wp                    
00011b75  command_Wn                    
00011dd9  GetValSiz                     
00011e49  CngSstPrm                     
00011f7d  CngUstPrm                     
000120b5  command_Wa                    
000124fd  command_OS                    
00012545  command_Os                    
00012595  command_OJ                    
000125d7  command_OL                    
000125f1  command_OR                    
000125fd  command_OT                    
0001261d  command_OA                    
00012681  command_Ot                    
000127e5  command_OZ                    
0001284d  command_Wc                    
00012c95  read_command_W                
00012eb9  MemoryCom                     
00012f21  command_MR                    
00013119  command_MW                    
00013435  CvtDecAsc                     
00013489  CvtAscDec                     
000134f9  ErsBlk                        
00013505  ErsAllBlk                     
00013539  DlRead                        
000135c9  DlWrite                       
00013759  command_Dl                    
000138fd  command_MT                    
000139d1  read_change2                  
00013ab1  command_MZ                    
000143fd  command_M1                    
000145c5  EPIAddressMapSet              
000145c9  zero_adj                      
00014609  zc_filter_moving              
000146d1  ClcChmLnr                     
00014909  ClcNmlLnr                     
00014a51  user_linear                   
00014ac9  us_dma_start                  
00014af9  test_flow_mode                
00014b41  temp_v                        
00014d41  sum_adder                     
00014ed9  sonic_search_max              
000152d1  Filt                          
000152f1  sonic_filter_control          
000153a1  reverse_flow_check            
00015419  reg_clock                     
00015439  pv_calc                       
000155f1  min_max_search                
00015791  min_max_check                 
00015809  median_filter                 
00015949  median_filter_control         
000159b9  max_point_control             
00015a11  maker_linear                  
00015ba9  make_viscos_tbl               
00015e29  lowcut_control                
00015e89  ch_search                     
00015ea9  WriteGainAmp                  
00015f49  SelectForwardOn               
00015f71  SetADCClock                   
00015f99  SetDriveFreq                  
00016051  SetDrivePulse                 
00016079  SetWindowPosition             
000160d1  SetClockPhase                 
00016111  SetFpgaRegister               
00016139  fifo_read_wait                
00016189  SelectForwardOff              
000161c9  fifo_search                   
00016619  SelectReverseOn               
00016641  SetFifoNo                     
000167c9  SetFifoPos                    
00016849  dma_dummy                     
000168a9  ActBfrFifRed                  
00016909  SelectReverseOff              
00016931  DriveFIFOFwd                  
00016961  ClcSumWavAmp                  
00016b81  DriveFIFORev                  
00016bd1  GetWav                        
00016d19  SchZerDat                     
00016e51  SchMaxPek                     
00016fa9  SchMinPek                     
00017101  SchTrshld                     
00017161  GetFwdAnyPnt                  
000171d1  GetRevAnyPnt                  
00017241  SchMaxMinPnt                  
00017599  SetWavTopPos                  
000177d1  AnalyzeWave                   
00017899  GetMinWaveValue               
000178e1  get_vth2                      
00017949  fifo_read                     
00017ba1  gain_adj_control              
00017f09  check_amp_gain                
00018079  delta_ts_cal                  
00018131  CorZrcPnt                     
000181a9  DelAbnPnt                     
00018331  SchZerPnt                     
00018719  filter_moving                 
00018859  correlate_check               
000188c9  auto_linear                   
00018b81  flow_calc                     
00019099  ClcFlwFlt_MvgAve              
00019199  ClcFlwFlt                     
000191c1  current_flow_control          
00019219  damp_control                  
00019299  addit_req_check               
000193d9  addit_flow_calc               
000196d9  burnout_control               
00019789  SetNextGain                   
00019871  inspect_flow_mode             
00019a51  int_flow                      
00019c71  int15_handler                 
00019cb1  get_attenuator_gain           
00019cb9  gain_adj_init                 
0001a001  flow_save_control             
0001a111  err_thlevel_init              
0001a119  dma_start                     
0001a149  WaitCDONE                     
0001a189  SetDigitalFilterRegister      
0001a1d9  SearchWindow                  
0001a2d1  LLmode_kind                   
0001a469  InitFifoCh                    
0001a471  InitFPGA                      
0001a481  GetTimDif                     
0001a4d1  ClcDifWavPos                  
0001a581  ChkClcActFlg                  
0001a609  CalRegLin                     
0001a651  CalFx                         
0001a719  util_delay                    
0001a77d  util_passed_time              
0001a7cd  err_judge_status              
0001afb5  err_judge_holdtime            
0001b385  err_status_control            
0001b579  action_status_control         
0001b5e1  action_status_check           
0001b625  pwon_count                    
0001b6bb  invert_data                   
0001b6cb  delay                         
0001b701  reset_factor_check            
0001b7a5  reset_control                 
0001b7dd  non_sensor_control            
0001b961  util_eep_allwrite             
0001d363  util_SnsMem_Write             
0001d3b9  SavEepZerAdjPrm               
0001dbcd  util_eep_zerowrite            
0001dc75  read_serial_num               
0001e0c9  write_serial_num              
0001e491  err_priority                  
0001e591  remove_errcode                
0001e5f9  err_zero_status               
0001e655  err_total_status              
0001e6a5  get_total_offset              
0001e759  RoundFunc                     
0001e7b9  debug_mode                    
0001ebcd  read_change                   
0001f159  value_judge                   
0001f4b5  value_judge_Hex               
0001f615  letter_judge                  
0001fa95  check_channel                 
0001fdb9  check_command                 
000207d9  check_format                  
00021391  check_cu_length               
00021417  check_wdt                     
000214d1  check_act_disable             
00021895  check_act_able                
000219fd  protocol                      
000229e9  mky43_init                    
00022a13  mky43_start                   
00022c25  mky43_restart                 
00022c8f  mky43_set_register            
00022d49  mky43_ping_active             
00022d8d  mky43_mail_recv               
00022f91  mky43_ready_recv0             
00022fcd  mky43_ready_recv1             
00023019  mky43_mail_send               
00023239  mky43_mail_status             
0002336d  mky43_read_data               
0002349d  mky43_read_data2              
000235fd  mky43_write_alarm             
000236c9  mky43_write_flow              
000237c1  flow_fs_cal                   
00023a29  mky43_check_datarenewal       
00023af5  mky43_get_flow_num            
00023bdf  mky43_check_recv0             
00023bf9  mky43_check_recv1             
00023c25  mky43_TX_start                
000240b5  mky43_rxbuf_save              
00024625  mky43_host_link_check         
000246a5  mky43_ccr_check               
00024741  mky43_add_message             
00024b6d  mky43_del_message             
0002508d  fpga_config_send              
0002528d  init                          
00025389  cpu_init                      
00025711  cpu_init_rs485                
0002575d  eeprom_init                   
00025889  version_set                   
000258e5  viscos_tbl_init               
00025949  recv_wave_init                
00025b01  counter_control               
00025bbb  zero_alm_check                
00025bfd  zero_check_sub                
00025c65  zero_check_sub_f              
00025d55  JdgZadErr                     
00025dc9  LedCtlZaj                     
00025e59  EndAdjVth                     
00025f9d  NowZerAdj                     
00026069  SavZajPrm                     
00026261  EndZerAdj                     
00026405  IniZajPrm                     
000266bd  JdgZerAdjPhs                  
000268ef  zero_adj_control              
00026909  zero_adj_error                
000269d9  alm_reset_control             
00026b4d  zero_adj_status               
00026ed5  com_req_check                 
00026f71  SetZerAdjPrm                  
000270f5  CheckSearchWindow             
000271d5  com_req_control               
00027465  ram_clear_check               
000274cd  ram_clear_debug               
00027529  ReadSensDevice                
00027571  CheckDeviceDetect             
000275f5  watchdog_refresh              
00027607  CheckBOOTCFG                  
0002762d  main                          
00027685  WatchdogIntHandler            
000276d5  OWSensSig                     
000276fb  OWSensSigSW                   
00027721  OWSensPowSW                   
00027747  OWSensEnable                  
0002776d  OWSensRX                      
0002778d  OWSensSigPDR                  
000277af  OWResetDevice                 
0002784f  OWWriteBit                    
000278bf  OWReadBit                     
00027909  OWWriteByte                   
0002794f  OWReadByte                    
00027999  GetReflect                    
000279fd  GetCRC8                       
00027a9f  OWCheckDevice                 
00027add  OWCheckROMID                  
00027b7d  OWWriteData                   
00027c77  OWCompareData                 
00027d07  OWReadSensinfo                
00027f79  OWWriteSensinfo               
0002822d  OWCheckDeviceSide             
00028309  OWWaitUS                      
00028343  OWWaitMS                      
0002838d  __TI_scanfi                   
00028e7d  log_init                      
000290f7  log_detailinfo_init           
0002914f  log_basicinfo_save            
00029369  log_detailinfo_save           
00029841  log_save                      
0002994d  __TI_printfi                  
0002a39b  __aeabi_idiv0                 
0002a39b  __aeabi_ldiv0                 
0002a39d  com_init                      
0002a3dd  com_init_host                 
0002a46d  com_init_ment                 
0002a4fd  abort_com                     
0002a4ff  abort_com_host                
0002a501  abort_com_ment                
0002a503  int_com_host                  
0002a6bd  int_com_ment                  
0002a849  TX_start_host                 
0002a87b  DMA2_end                      
0002a87d  TX_end_host                   
0002a88f  TX_start_ment                 
0002a8c1  DMA1_end                      
0002a8c3  TX_end_ment                   
0002a8d5  RX_enable_host                
0002a8fd  RX_enable_ment                
0002a921  ascii_to_bin                  
0002a9bd  bin_to_ascii                  
0002aaa5  com_cont_host                 
0002aab9  com_cont_subhost              
0002aacd  com_cont_ment                 
0002aae1  protocol_timer_ment           
0002ab21  protocol_timer_host           
0002ab65  protocol_timer_subhost        
0002aba5  int_cmt1                      
0002abc5  int_cmt3                      
0002abf5  int_mtu0                      
0002ac41  PinoutSet                     
0002b335  WriteEE                       
0002b3ad  ReadEE                        
0002b423  PollingEE                     
0002b465  SetWEN                        
0002b483  ClrWEN                        
0002b4a1  ReadSR                        
0002b4cb  WriteSR                       
0002b4f5  Write                         
0002b553  Read                          
0002b5b1  eep_read                      
0002b5d7  eep_write                     
0002b601  eep_sv_read                   
0002b66d  eep_sv_write                  
0002b6c7  eep_write_ch                  
0002b731  eep_spi_error                 
0002b749  put_queue                     
0002b7d7  get_queue                     
0002b851  check_queue                   
0002b8af  eep_write_ch_delay            
0002b8e9  eep_write_pending_data        
0002b9c1  strtod                        
0002b9c1  strtold                       
0002be21  drive_led                     
0002be35  disp_led_ch                   
0002be41  disp_led_alm                  
0002be4d  disp_init                     
0002be5b  disp_zerosw_check             
0002bf45  disp_zero_read                
0002bf65  disp_ch_read                  
0002bf91  disp_cunet_read               
0002bfbf  disp_cunet_set                
0002bff9  disp_led_control              
0002c115  disp_led_judge                
0002c185  disp_led_cpu                  
0002c1e7  disp_cpu_status               
0002c4c1  portmesfwdW                   
0002c5a7  portmesrevW                   
0002c68d  OutputRestartPulse            
0002c6a5  OutputStartPulse              
0002c6bd  CheckEndPulse                 
0002c6e5  SysCtlClockFreqSet            
0002c8e5  strtoll                       
0002cc91  __aeabi_dsub                  
0002cc9b  __aeabi_dadd                  
0002ce49  int_prg                       
0002ceb7  int_cmt2                      
0002cf59  int_mky_recv0                 
0002cf79  int_mky_recv1                 
0002cfb9  strtoull                      
0002d251  __aeabi_ddiv                  
0002d387  GPIOPadConfigSet              
0002d4b9  strtol                        
0002d70d  ldexp                         
0002d70d  ldexpl                        
0002d70d  scalbn                        
0002d70d  scalbnl                       
0002d81d  strtoul                       
0002d92d  __aeabi_dmul                  
0002dadb  __aeabi_memcpy                
0002dadb  __aeabi_memcpy4               
0002dadb  __aeabi_memcpy8               
0002dadb  memcpy                        
0002db77  __aeabi_uldivmod              
0002dc0d  __aeabi_cdcmpeq               
0002dc0d  __aeabi_cdcmple               
0002dc93  __aeabi_cdrcmple              
0002dd19  uDMAChannelTransferSet        
0002dd9d  __aeabi_memclr                
0002dd9d  __aeabi_memclr4               
0002dd9d  __aeabi_memclr8               
0002dd9f  __aeabi_memset                
0002dd9f  __aeabi_memset4               
0002dd9f  __aeabi_memset8               
0002dda5  memset                        
0002de17  __aeabi_d2lz                  
0002def5  __aeabi_d2f                   
0002df63  __aeabi_ldivmod               
0002dfd1  IntDisable                    
0002e039  IntEnable                     
0002e109  __TI_decompress_lzss          
0002e171  frexp                         
0002e171  frexpl                        
0002e1d5  TimerConfigure                
0002e235  GPIOIntTypeSet                
0002e2e1  __TI_ltoa                     
0002e389  atoi                          
0002e3d5  GPIOPinConfigure              
0002e41d  IntPendClear                  
0002e4ad  __aeabi_d2iz                  
0002e4f5  __aeabi_l2f                   
0002e53d  uDMAChannelAttributeDisable   
0002e585  uDMAChannelAttributeEnable    
0002e5cd  UARTConfigSetExpClk           
0002e615  __TI_auto_init_nobinit_nopinit
0002e659  sprintf                       
0002e6d7  EPIDividerCSSet               
0002e70f  __aeabi_f2d                   
0002e749  sscanf                        
0002e781  SysCtlPeripheralEnable        
0002e7b5  SysCtlPeripheralSleepEnable   
0002e7e9  _c_int00_noargs               
0002e81d  __aeabi_i2d                   
0002e84b  strncat                       
0002e879  uDMAChannelAssign             
0002e8a5  GPIODirModeSet                
0002e8cf  __bit_output                  
0002e8f9  uDMAChannelModeGet            
0002e921  IntPrioritySet                
0002e945  __bit_input                   
0002e969  memcmp                        
0002e98d  uDMAChannelControlSet         
0002e9b1  EPIConfigHB16Set              
0002e9d3  calc_cnt                      
0002e9f5  UARTDisable                   
0002ea35  strcat                        
0002ea55  EPIConfigHB16CSSet            
0002ea71  memccpy                       
0002ea8d  copysign                      
0002ea8d  copysignl                     
0002eaa7  GPIOPinTypeGPIOOutput         
0002eac1  TimerDisable                  
0002eaf1  __aeabi_lmul                  
0002eb09  strrchr                       
0002eb21  uDMAChannelEnable             
0002eb39  strchr                        
0002eb51  SysCtlResetCauseClear         
0002eb65  UARTEnable                    
0002eb79  strcpy                        
0002eb8d  strlen                        
0002eba1  uDMAChannelRequest            
0002ebb5  GPIOPinTypeEPI                
0002ebc7  GPIOPinTypeGPIOInput          
0002ebd9  GPIOPinTypeUART               
0002ebeb  GPIOPinTypeUSBAnalog          
0002ebfd  TimerLoadSet                  
0002ec21  atof                          
0002ec33  wcslen                        
0002ec45  IntMasterEnable               
0002ec55  UARTFIFOLevelGet              
0002ec65  uDMAEnable                    
0002ec75  TimerEnable                   
0002ec83  UARTCharGetNonBlocking        
0002ec91  UARTCharsAvail                
0002ec9f  WatchdogStallEnable           
0002ecad  __TI_decompress_none          
0002ecbb  CPUcpsie                      
0002ecc7  GPIOIntEnable                 
0002ecd5  SysCtlResetCauseGet           
0002ece1  UARTTxIntModeSet              
0002eced  __TI_zero_init                
0002ecf9  ResetISR                      
0002ed05  uDMAControlBaseSet            
0002ed11  UARTIntStatus                 
0002ed1b  WatchdogIntEnable             
0002ed25  WatchdogResetDisable          
0002ed2f  WatchdogResetEnable           
0002ed43  TimerIntEnable                
0002ed4b  UARTDMAEnable                 
0002ed53  UARTIntEnable                 
0002ed5d  __aeabi_errno_addr            
0002ed6d  GPIOIntClear                  
0002ed73  GPIOPinRead                   
0002ed79  GPIOPinWrite                  
0002ed7f  UARTFIFOLevelSet              
0002ed85  WatchdogIntClear              
0002ed8b  EPIDividerSet                 
0002ed8f  EPIModeSet                    
0002ed93  TimerIntClear                 
0002ed97  UARTIntClear                  
0002ed9b  WatchdogReloadSet             
0002ed9f  _system_pre_init              
0002eda3  C$$EXIT                       
0002eda3  abort                         
0002eda7  clrpsw_i                      
0002edab  nop                           
0002edaf  setpsw_i                      
0002edb8  AUTO_COEFF_10K                
0002eff4  AUTO_COEFF_4AT                
0002f230  AUTO_COEFF_4E                 
0002f46c  AUTO_COEFF_6AT                
0002f6a8  AUTO_COEFF_6E                 
0002fa94  OWEepromData                  
0002fc08  LL_TBL                        
0002fd38  CmpTbl                        
0002fe3c  _ctypes_                      
00030134  sens_inf                      
00030294  flow_vel_tbl                  
00030388  abs_cont                      
00030598  __TI_Handler_Table_Base       
000305a4  __TI_Handler_Table_Limit      
000305b0  __TI_CINIT_Base               
000305c0  __TI_CINIT_Limit              
00040000  ConfigDat                     
20000000  MES                           
20000000  __start___llvm_prf_cnts       
20000000  __stop___llvm_prf_cnts        
20009c00  LOG_DETAIL                    
2000bfa0  code_buffer                   
2000dfa0  eep_queue                     
2000f7a0  SVD                           
20010e80  fwd_temp_data                 
20011680  rev_temp_data                 
20011e80  RX_buf                        
200124f4  TX_buf                        
20012b68  MES_SUB                       
20013108  MAIN                          
200133c0  multi_ch_no                   
200133e4  curr_head_addr_256            
200133e8  value                         
20013800  fow_wave_data                 
20013a58  rev_wave_data                 
20013cb0  RX_buf_dl                     
20013dd8  TX_buf_dl                     
20013f00  SAVE                          
20014020  s_data                        
20014130  ROM_WR_BUFF                   
20014230  WrtDat                        
20014330  sens_info                     
20014430  LED                           
20014520  memory_C_data                 
200145b0  memory_R_data                 
20014640  memory_W_data                 
200146d0  mf_data                       
20014750  sum_abs_data                  
200147a0  wave_hight                    
200147b8  mes_err                       
200147d4  ascii_in                      
200147dc  ascii_out                     
200147e4  ch_no                         
200147ec  ch_z                          
200147f4  digit_check                   
200147fc  echo_back                     
20014804  end_code                      
2001480c  error_check                   
20014814  flow_check                    
2001481c  i_num                         
20014824  l_check                       
2001482c  size                          
20014834  sw_now_almreset               
2001483c  curr_tail_addr_256            
20014840  g_ui32SysClock                
20014844  prev_addr_256                 
20014848  work_oq                       
2001484c  buf_count                     
2001484e  buf_count_dl                  
20014850  buf_count_sub                 
20014852  byte_count_dl                 
20014854  byte_count_host               
20014856  byte_count_ment               
20014858  com_link                      
2001485a  com_start                     
2001485c  com_type                      
2001485e  cunet_error                   
20014860  cunet_mcare                   
20014862  cunet_mfr1                    
20014864  cunet_mfr2                    
20014866  cunet_mfr3                    
20014868  cunet_mfr4                    
2001486a  curr_block_id                 
2001486c  disp_ch                       
2001486e  eep_err                       
20014870  end_wdt                       
20014872  err_stat                      
20014874  err_stat_dl                   
20014876  format_err_host               
20014878  format_err_sub                
2001487a  fow_max                       
2001487c  fow_max_point                 
2001487e  fow_min                       
20014880  led_alarm                     
20014882  led_channel                   
20014884  len_err_host                  
20014886  len_err_sub                   
20014888  main_count                    
2001488a  ow_cnt                        
2001488c  ow_pos                        
2001488e  ow_retry                      
20014890  pending_size                  
20014892  prev_block_id                 
20014894  recv_sa_dl                    
20014896  recv_sa_host                  
20014898  recv_sa_sub                   
2001489a  reset_factor                  
2001489c  rev_max                       
2001489e  rev_max_point                 
200148a0  rev_min                       
200148a2  rx_end_dl                     
200148a4  rx_end_host                   
200148a6  rx_end_ment                   
200148a8  rx_end_subhost                
200148aa  sa_flow                       
200148ac  send_err_status               
200148ae  sw_cont                       
200148b0  sw_cunet_num                  
200148b2  sw_now                        
200148b4  sw_old                        
200148b6  timer_main                    
200148b8  sw_now_zeroadj                
200148c0  SVD_default                   
20014c90  recv_data0                    
20014d90  recv_data1                    
20014e90  send_data                     
20014f90  send_data_sub                 
20015090  err_inf                       
2001514a  comma                         
20015150  LOG_DETAIL_DEF                
200151e8  RX_buf_host                   
200151ec  TX_buf_host                   
200151f0  RX_buf_ment                   
200151f4  TX_buf_ment                   
200151f8  RX_buf_subhost                
200151fc  TX_buf_subhost                
20015202  addit_sts                     
20015204  fifo_data_ready               
20015206  AD_BASE                       
20015208  AD_MAX                        
2001520a  ClcActFlg                     
2001520c  TopPosFix                     
2001520e  SumPntInc                     
20015210  FIFO_CH_SRT                   
20015211  FIFO_CH_END                   
20015212  CH_LED                        
2001521e  OWwrite                       
2001522a  eep_rptr                      
2001522c  eep_wptr                      
2001522e  eep_empty                     
20015230  eep_size                      
20015232  eep_size_max                  
20015234  eep_write_retry               
20015236  get_cyc                       
20015242  AdcSmpFrq                     
2001524a  SmpTs0                        
20015252  SmpTs                         
2001525a  ChCtrlNow                     
2001525c  initializing                  
20015260  OWwriteCH                     
20015262  alm_output                    
20015264  errno                         
20015268  cmi_count                     
2001526c  led_flash                     
20015270  __stack                       
20015a70  __STACK_END                   
20015a70  __STACK_TOP                   
ffffffff  __TI_pprof_out_hndl           
ffffffff  __TI_prof_data_size           
ffffffff  __TI_prof_data_start          
ffffffff  __binit__                     
ffffffff  __c_args__                    
ffffffff  binit                         
UNDEFED   __mpu_init                    
UNDEFED   _system_post_cinit            

[764 symbols]
