<?xml version="1.0" encoding="ISO-8859-1" ?>
<link_info>
   <banner>TI ARM Linker PC v20.2.4.LTS</banner>
   <copyright>Copyright (c) 1996-2018 Texas Instruments Incorporated</copyright>
   <link_time>0x66134c3c</link_time>
   <link_errors>0x0</link_errors>
   <output_file>Mercury.out</output_file>
   <entry_point>
      <name>_c_int00_noargs</name>
      <address>0x2e7e9</address>
   </entry_point>
   <input_file_list>
      <input_file id="fl-2">
         <path>.\</path>
         <kind>object</kind>
         <file>pinout.obj</file>
         <name>pinout.obj</name>
      </input_file>
      <input_file id="fl-3">
         <path>.\</path>
         <kind>object</kind>
         <file>tm4c1290nczad_startup_ccs.obj</file>
         <name>tm4c1290nczad_startup_ccs.obj</name>
      </input_file>
      <input_file id="fl-4">
         <path>.\MAIN\</path>
         <kind>object</kind>
         <file>COM.obj</file>
         <name>COM.obj</name>
      </input_file>
      <input_file id="fl-5">
         <path>.\MAIN\</path>
         <kind>object</kind>
         <file>MAIN.obj</file>
         <name>MAIN.obj</name>
      </input_file>
      <input_file id="fl-6">
         <path>.\MAIN\</path>
         <kind>object</kind>
         <file>MES.obj</file>
         <name>MES.obj</name>
      </input_file>
      <input_file id="fl-7">
         <path>.\MAIN\</path>
         <kind>object</kind>
         <file>SV_def.obj</file>
         <name>SV_def.obj</name>
      </input_file>
      <input_file id="fl-8">
         <path>.\MAIN\</path>
         <kind>object</kind>
         <file>ctlioport.obj</file>
         <name>ctlioport.obj</name>
      </input_file>
      <input_file id="fl-9">
         <path>.\MAIN\</path>
         <kind>object</kind>
         <file>cunet.obj</file>
         <name>cunet.obj</name>
      </input_file>
      <input_file id="fl-a">
         <path>.\MAIN\</path>
         <kind>object</kind>
         <file>defLED.obj</file>
         <name>defLED.obj</name>
      </input_file>
      <input_file id="fl-b">
         <path>.\MAIN\</path>
         <kind>object</kind>
         <file>defLOG.obj</file>
         <name>defLOG.obj</name>
      </input_file>
      <input_file id="fl-c">
         <path>.\MAIN\</path>
         <kind>object</kind>
         <file>defMAIN.obj</file>
         <name>defMAIN.obj</name>
      </input_file>
      <input_file id="fl-d">
         <path>.\MAIN\</path>
         <kind>object</kind>
         <file>defMES.obj</file>
         <name>defMES.obj</name>
      </input_file>
      <input_file id="fl-e">
         <path>.\MAIN\</path>
         <kind>object</kind>
         <file>defSAVE.obj</file>
         <name>defSAVE.obj</name>
      </input_file>
      <input_file id="fl-f">
         <path>.\MAIN\</path>
         <kind>object</kind>
         <file>disp.obj</file>
         <name>disp.obj</name>
      </input_file>
      <input_file id="fl-10">
         <path>.\MAIN\</path>
         <kind>object</kind>
         <file>download.obj</file>
         <name>download.obj</name>
      </input_file>
      <input_file id="fl-11">
         <path>.\MAIN\</path>
         <kind>object</kind>
         <file>eeprom_spi.obj</file>
         <name>eeprom_spi.obj</name>
      </input_file>
      <input_file id="fl-12">
         <path>.\MAIN\</path>
         <kind>object</kind>
         <file>int_flow.obj</file>
         <name>int_flow.obj</name>
      </input_file>
      <input_file id="fl-13">
         <path>.\MAIN\</path>
         <kind>object</kind>
         <file>int_prg.obj</file>
         <name>int_prg.obj</name>
      </input_file>
      <input_file id="fl-14">
         <path>.\MAIN\</path>
         <kind>object</kind>
         <file>log.obj</file>
         <name>log.obj</name>
      </input_file>
      <input_file id="fl-15">
         <path>.\MAIN\</path>
         <kind>object</kind>
         <file>onewire.obj</file>
         <name>onewire.obj</name>
      </input_file>
      <input_file id="fl-16">
         <path>.\MAIN\</path>
         <kind>object</kind>
         <file>protocol.obj</file>
         <name>protocol.obj</name>
      </input_file>
      <input_file id="fl-17">
         <path>.\MAIN\</path>
         <kind>object</kind>
         <file>resetprg.obj</file>
         <name>resetprg.obj</name>
      </input_file>
      <input_file id="fl-18">
         <path>.\MAIN\</path>
         <kind>object</kind>
         <file>sbrk.obj</file>
         <name>sbrk.obj</name>
      </input_file>
      <input_file id="fl-19">
         <path>.\MAIN\</path>
         <kind>object</kind>
         <file>util.obj</file>
         <name>util.obj</name>
      </input_file>
      <input_file id="fl-1a">
         <path>.\MAIN\</path>
         <kind>object</kind>
         <file>vecttbl.obj</file>
         <name>vecttbl.obj</name>
      </input_file>
      <input_file id="fl-1f">
         <kind>object</kind>
         <file>&lt;internal&gt;</file>
         <name>&lt;internal&gt;</name>
      </input_file>
      <input_file id="fl-d5">
         <path>C:\ti\ccs1031\ccs\tools\compiler\ti-cgt-arm_20.2.4.LTS\lib\</path>
         <kind>archive</kind>
         <file>rtsv7M4_T_le_v4SPD16_eabi.lib</file>
         <name>sprintf.c.obj</name>
      </input_file>
      <input_file id="fl-d6">
         <path>C:\ti\ccs1031\ccs\tools\compiler\ti-cgt-arm_20.2.4.LTS\lib\</path>
         <kind>archive</kind>
         <file>rtsv7M4_T_le_v4SPD16_eabi.lib</file>
         <name>sscanf.c.obj</name>
      </input_file>
      <input_file id="fl-d7">
         <path>C:\ti\ccs1031\ccs\tools\compiler\ti-cgt-arm_20.2.4.LTS\lib\</path>
         <kind>archive</kind>
         <file>rtsv7M4_T_le_v4SPD16_eabi.lib</file>
         <name>ll_div_t2.asm.obj</name>
      </input_file>
      <input_file id="fl-d8">
         <path>C:\ti\ccs1031\ccs\tools\compiler\ti-cgt-arm_20.2.4.LTS\lib\</path>
         <kind>archive</kind>
         <file>rtsv7M4_T_le_v4SPD16_eabi.lib</file>
         <name>ull_div_t2.asm.obj</name>
      </input_file>
      <input_file id="fl-d9">
         <path>C:\ti\ccs1031\ccs\tools\compiler\ti-cgt-arm_20.2.4.LTS\lib\</path>
         <kind>archive</kind>
         <file>rtsv7M4_T_le_v4SPD16_eabi.lib</file>
         <name>memset_t2.asm.obj</name>
      </input_file>
      <input_file id="fl-da">
         <path>C:\ti\ccs1031\ccs\tools\compiler\ti-cgt-arm_20.2.4.LTS\lib\</path>
         <kind>archive</kind>
         <file>rtsv7M4_T_le_v4SPD16_eabi.lib</file>
         <name>fd_add_t2.asm.obj</name>
      </input_file>
      <input_file id="fl-db">
         <path>C:\ti\ccs1031\ccs\tools\compiler\ti-cgt-arm_20.2.4.LTS\lib\</path>
         <kind>archive</kind>
         <file>rtsv7M4_T_le_v4SPD16_eabi.lib</file>
         <name>fd_cmp_t2.asm.obj</name>
      </input_file>
      <input_file id="fl-dc">
         <path>C:\ti\ccs1031\ccs\tools\compiler\ti-cgt-arm_20.2.4.LTS\lib\</path>
         <kind>archive</kind>
         <file>rtsv7M4_T_le_v4SPD16_eabi.lib</file>
         <name>fd_div_t2.asm.obj</name>
      </input_file>
      <input_file id="fl-dd">
         <path>C:\ti\ccs1031\ccs\tools\compiler\ti-cgt-arm_20.2.4.LTS\lib\</path>
         <kind>archive</kind>
         <file>rtsv7M4_T_le_v4SPD16_eabi.lib</file>
         <name>fd_mul_t2.asm.obj</name>
      </input_file>
      <input_file id="fl-de">
         <path>C:\ti\ccs1031\ccs\tools\compiler\ti-cgt-arm_20.2.4.LTS\lib\</path>
         <kind>archive</kind>
         <file>rtsv7M4_T_le_v4SPD16_eabi.lib</file>
         <name>fd_toi_t2.asm.obj</name>
      </input_file>
      <input_file id="fl-df">
         <path>C:\ti\ccs1031\ccs\tools\compiler\ti-cgt-arm_20.2.4.LTS\lib\</path>
         <kind>archive</kind>
         <file>rtsv7M4_T_le_v4SPD16_eabi.lib</file>
         <name>fd_toll_t2.asm.obj</name>
      </input_file>
      <input_file id="fl-e0">
         <path>C:\ti\ccs1031\ccs\tools\compiler\ti-cgt-arm_20.2.4.LTS\lib\</path>
         <kind>archive</kind>
         <file>rtsv7M4_T_le_v4SPD16_eabi.lib</file>
         <name>fd_tos_t2.asm.obj</name>
      </input_file>
      <input_file id="fl-e1">
         <path>C:\ti\ccs1031\ccs\tools\compiler\ti-cgt-arm_20.2.4.LTS\lib\</path>
         <kind>archive</kind>
         <file>rtsv7M4_T_le_v4SPD16_eabi.lib</file>
         <name>fs_tod_t2.asm.obj</name>
      </input_file>
      <input_file id="fl-e2">
         <path>C:\ti\ccs1031\ccs\tools\compiler\ti-cgt-arm_20.2.4.LTS\lib\</path>
         <kind>archive</kind>
         <file>rtsv7M4_T_le_v4SPD16_eabi.lib</file>
         <name>i_tofd_t2.asm.obj</name>
      </input_file>
      <input_file id="fl-e3">
         <path>C:\ti\ccs1031\ccs\tools\compiler\ti-cgt-arm_20.2.4.LTS\lib\</path>
         <kind>archive</kind>
         <file>rtsv7M4_T_le_v4SPD16_eabi.lib</file>
         <name>ll_mul_t2.asm.obj</name>
      </input_file>
      <input_file id="fl-e4">
         <path>C:\ti\ccs1031\ccs\tools\compiler\ti-cgt-arm_20.2.4.LTS\lib\</path>
         <kind>archive</kind>
         <file>rtsv7M4_T_le_v4SPD16_eabi.lib</file>
         <name>ll_tofs_t2.asm.obj</name>
      </input_file>
      <input_file id="fl-e5">
         <path>C:\ti\ccs1031\ccs\tools\compiler\ti-cgt-arm_20.2.4.LTS\lib\</path>
         <kind>archive</kind>
         <file>rtsv7M4_T_le_v4SPD16_eabi.lib</file>
         <name>memcpy_t2.asm.obj</name>
      </input_file>
      <input_file id="fl-e6">
         <path>C:\ti\ccs1031\ccs\tools\compiler\ti-cgt-arm_20.2.4.LTS\lib\</path>
         <kind>archive</kind>
         <file>rtsv7M4_T_le_v4SPD16_eabi.lib</file>
         <name>copy_zero_init.c.obj</name>
      </input_file>
      <input_file id="fl-e7">
         <path>C:\ti\ccs1031\ccs\tools\compiler\ti-cgt-arm_20.2.4.LTS\lib\</path>
         <kind>archive</kind>
         <file>rtsv7M4_T_le_v4SPD16_eabi.lib</file>
         <name>copy_decompress_none.c.obj</name>
      </input_file>
      <input_file id="fl-e8">
         <path>C:\ti\ccs1031\ccs\tools\compiler\ti-cgt-arm_20.2.4.LTS\lib\</path>
         <kind>archive</kind>
         <file>rtsv7M4_T_le_v4SPD16_eabi.lib</file>
         <name>copy_decompress_lzss.c.obj</name>
      </input_file>
      <input_file id="fl-e9">
         <path>C:\ti\ccs1031\ccs\tools\compiler\ti-cgt-arm_20.2.4.LTS\lib\</path>
         <kind>archive</kind>
         <file>rtsv7M4_T_le_v4SPD16_eabi.lib</file>
         <name>atof.c.obj</name>
      </input_file>
      <input_file id="fl-ea">
         <path>C:\ti\ccs1031\ccs\tools\compiler\ti-cgt-arm_20.2.4.LTS\lib\</path>
         <kind>archive</kind>
         <file>rtsv7M4_T_le_v4SPD16_eabi.lib</file>
         <name>atoi.c.obj</name>
      </input_file>
      <input_file id="fl-eb">
         <path>C:\ti\ccs1031\ccs\tools\compiler\ti-cgt-arm_20.2.4.LTS\lib\</path>
         <kind>archive</kind>
         <file>rtsv7M4_T_le_v4SPD16_eabi.lib</file>
         <name>ctype.c.obj</name>
      </input_file>
      <input_file id="fl-ec">
         <path>C:\ti\ccs1031\ccs\tools\compiler\ti-cgt-arm_20.2.4.LTS\lib\</path>
         <kind>archive</kind>
         <file>rtsv7M4_T_le_v4SPD16_eabi.lib</file>
         <name>memcmp.c.obj</name>
      </input_file>
      <input_file id="fl-ed">
         <path>C:\ti\ccs1031\ccs\tools\compiler\ti-cgt-arm_20.2.4.LTS\lib\</path>
         <kind>archive</kind>
         <file>rtsv7M4_T_le_v4SPD16_eabi.lib</file>
         <name>strcat.c.obj</name>
      </input_file>
      <input_file id="fl-ee">
         <path>C:\ti\ccs1031\ccs\tools\compiler\ti-cgt-arm_20.2.4.LTS\lib\</path>
         <kind>archive</kind>
         <file>rtsv7M4_T_le_v4SPD16_eabi.lib</file>
         <name>strlen.c.obj</name>
      </input_file>
      <input_file id="fl-ef">
         <path>C:\ti\ccs1031\ccs\tools\compiler\ti-cgt-arm_20.2.4.LTS\lib\</path>
         <kind>archive</kind>
         <file>rtsv7M4_T_le_v4SPD16_eabi.lib</file>
         <name>strncat.c.obj</name>
      </input_file>
      <input_file id="fl-f0">
         <path>C:\ti\ccs1031\ccs\tools\compiler\ti-cgt-arm_20.2.4.LTS\lib\</path>
         <kind>archive</kind>
         <file>rtsv7M4_T_le_v4SPD16_eabi.lib</file>
         <name>strtod.c.obj</name>
      </input_file>
      <input_file id="fl-f1">
         <path>C:\ti\ccs1031\ccs\tools\compiler\ti-cgt-arm_20.2.4.LTS\lib\</path>
         <kind>archive</kind>
         <file>rtsv7M4_T_le_v4SPD16_eabi.lib</file>
         <name>errno.c.obj</name>
      </input_file>
      <input_file id="fl-f2">
         <path>C:\ti\ccs1031\ccs\tools\compiler\ti-cgt-arm_20.2.4.LTS\lib\</path>
         <kind>archive</kind>
         <file>rtsv7M4_T_le_v4SPD16_eabi.lib</file>
         <name>boot_cortex_m.c.obj</name>
      </input_file>
      <input_file id="fl-f3">
         <path>C:\ti\ccs1031\ccs\tools\compiler\ti-cgt-arm_20.2.4.LTS\lib\</path>
         <kind>archive</kind>
         <file>rtsv7M4_T_le_v4SPD16_eabi.lib</file>
         <name>_printfi.c.obj</name>
      </input_file>
      <input_file id="fl-f4">
         <path>C:\ti\ccs1031\ccs\tools\compiler\ti-cgt-arm_20.2.4.LTS\lib\</path>
         <kind>archive</kind>
         <file>rtsv7M4_T_le_v4SPD16_eabi.lib</file>
         <name>_scanfi.c.obj</name>
      </input_file>
      <input_file id="fl-f5">
         <path>C:\ti\ccs1031\ccs\tools\compiler\ti-cgt-arm_20.2.4.LTS\lib\</path>
         <kind>archive</kind>
         <file>rtsv7M4_T_le_v4SPD16_eabi.lib</file>
         <name>s_frexp.c.obj</name>
      </input_file>
      <input_file id="fl-f6">
         <path>C:\ti\ccs1031\ccs\tools\compiler\ti-cgt-arm_20.2.4.LTS\lib\</path>
         <kind>archive</kind>
         <file>rtsv7M4_T_le_v4SPD16_eabi.lib</file>
         <name>s_scalbn.c.obj</name>
      </input_file>
      <input_file id="fl-f7">
         <path>C:\ti\ccs1031\ccs\tools\compiler\ti-cgt-arm_20.2.4.LTS\lib\</path>
         <kind>archive</kind>
         <file>rtsv7M4_T_le_v4SPD16_eabi.lib</file>
         <name>s_copysign.c.obj</name>
      </input_file>
      <input_file id="fl-f8">
         <path>C:\ti\ccs1031\ccs\tools\compiler\ti-cgt-arm_20.2.4.LTS\lib\</path>
         <kind>archive</kind>
         <file>rtsv7M4_T_le_v4SPD16_eabi.lib</file>
         <name>div0.asm.obj</name>
      </input_file>
      <input_file id="fl-f9">
         <path>C:\ti\ccs1031\ccs\tools\compiler\ti-cgt-arm_20.2.4.LTS\lib\</path>
         <kind>archive</kind>
         <file>rtsv7M4_T_le_v4SPD16_eabi.lib</file>
         <name>autoinit.c.obj</name>
      </input_file>
      <input_file id="fl-fa">
         <path>C:\ti\ccs1031\ccs\tools\compiler\ti-cgt-arm_20.2.4.LTS\lib\</path>
         <kind>archive</kind>
         <file>rtsv7M4_T_le_v4SPD16_eabi.lib</file>
         <name>pre_init.c.obj</name>
      </input_file>
      <input_file id="fl-fb">
         <path>C:\ti\ccs1031\ccs\tools\compiler\ti-cgt-arm_20.2.4.LTS\lib\</path>
         <kind>archive</kind>
         <file>rtsv7M4_T_le_v4SPD16_eabi.lib</file>
         <name>cpy_tbl.c.obj</name>
      </input_file>
      <input_file id="fl-fc">
         <path>C:\ti\ccs1031\ccs\tools\compiler\ti-cgt-arm_20.2.4.LTS\lib\</path>
         <kind>archive</kind>
         <file>rtsv7M4_T_le_v4SPD16_eabi.lib</file>
         <name>exit.c.obj</name>
      </input_file>
      <input_file id="fl-fd">
         <path>C:\ti\ccs1031\ccs\tools\compiler\ti-cgt-arm_20.2.4.LTS\lib\</path>
         <kind>archive</kind>
         <file>rtsv7M4_T_le_v4SPD16_eabi.lib</file>
         <name>_lock.c.obj</name>
      </input_file>
      <input_file id="fl-fe">
         <path>C:\ti\ccs1031\ccs\tools\compiler\ti-cgt-arm_20.2.4.LTS\lib\</path>
         <kind>archive</kind>
         <file>rtsv7M4_T_le_v4SPD16_eabi.lib</file>
         <name>_ltoa.c.obj</name>
      </input_file>
      <input_file id="fl-ff">
         <path>C:\ti\ccs1031\ccs\tools\compiler\ti-cgt-arm_20.2.4.LTS\lib\</path>
         <kind>archive</kind>
         <file>rtsv7M4_T_le_v4SPD16_eabi.lib</file>
         <name>args_main.c.obj</name>
      </input_file>
      <input_file id="fl-100">
         <path>C:\ti\ccs1031\ccs\tools\compiler\ti-cgt-arm_20.2.4.LTS\lib\</path>
         <kind>archive</kind>
         <file>rtsv7M4_T_le_v4SPD16_eabi.lib</file>
         <name>memccpy.c.obj</name>
      </input_file>
      <input_file id="fl-101">
         <path>C:\ti\ccs1031\ccs\tools\compiler\ti-cgt-arm_20.2.4.LTS\lib\</path>
         <kind>archive</kind>
         <file>rtsv7M4_T_le_v4SPD16_eabi.lib</file>
         <name>strchr.c.obj</name>
      </input_file>
      <input_file id="fl-102">
         <path>C:\ti\ccs1031\ccs\tools\compiler\ti-cgt-arm_20.2.4.LTS\lib\</path>
         <kind>archive</kind>
         <file>rtsv7M4_T_le_v4SPD16_eabi.lib</file>
         <name>strcpy.c.obj</name>
      </input_file>
      <input_file id="fl-103">
         <path>C:\ti\ccs1031\ccs\tools\compiler\ti-cgt-arm_20.2.4.LTS\lib\</path>
         <kind>archive</kind>
         <file>rtsv7M4_T_le_v4SPD16_eabi.lib</file>
         <name>strrchr.c.obj</name>
      </input_file>
      <input_file id="fl-104">
         <path>C:\ti\ccs1031\ccs\tools\compiler\ti-cgt-arm_20.2.4.LTS\lib\</path>
         <kind>archive</kind>
         <file>rtsv7M4_T_le_v4SPD16_eabi.lib</file>
         <name>strtol.c.obj</name>
      </input_file>
      <input_file id="fl-105">
         <path>C:\ti\ccs1031\ccs\tools\compiler\ti-cgt-arm_20.2.4.LTS\lib\</path>
         <kind>archive</kind>
         <file>rtsv7M4_T_le_v4SPD16_eabi.lib</file>
         <name>strtoll.c.obj</name>
      </input_file>
      <input_file id="fl-106">
         <path>C:\ti\ccs1031\ccs\tools\compiler\ti-cgt-arm_20.2.4.LTS\lib\</path>
         <kind>archive</kind>
         <file>rtsv7M4_T_le_v4SPD16_eabi.lib</file>
         <name>strtoul.c.obj</name>
      </input_file>
      <input_file id="fl-107">
         <path>C:\ti\ccs1031\ccs\tools\compiler\ti-cgt-arm_20.2.4.LTS\lib\</path>
         <kind>archive</kind>
         <file>rtsv7M4_T_le_v4SPD16_eabi.lib</file>
         <name>strtoull.c.obj</name>
      </input_file>
      <input_file id="fl-108">
         <path>C:\ti\ccs1031\ccs\tools\compiler\ti-cgt-arm_20.2.4.LTS\lib\</path>
         <kind>archive</kind>
         <file>rtsv7M4_T_le_v4SPD16_eabi.lib</file>
         <name>wcslen.c.obj</name>
      </input_file>
      <input_file id="fl-109">
         <path>C:\ti\tivaware_c_series_2_1_4_178\driverlib\ccs\Debug\</path>
         <kind>archive</kind>
         <file>driverlib.lib</file>
         <name>epi.obj</name>
      </input_file>
      <input_file id="fl-10a">
         <path>C:\ti\tivaware_c_series_2_1_4_178\driverlib\ccs\Debug\</path>
         <kind>archive</kind>
         <file>driverlib.lib</file>
         <name>gpio.obj</name>
      </input_file>
      <input_file id="fl-10b">
         <path>C:\ti\tivaware_c_series_2_1_4_178\driverlib\ccs\Debug\</path>
         <kind>archive</kind>
         <file>driverlib.lib</file>
         <name>interrupt.obj</name>
      </input_file>
      <input_file id="fl-10c">
         <path>C:\ti\tivaware_c_series_2_1_4_178\driverlib\ccs\Debug\</path>
         <kind>archive</kind>
         <file>driverlib.lib</file>
         <name>sysctl.obj</name>
      </input_file>
      <input_file id="fl-10d">
         <path>C:\ti\tivaware_c_series_2_1_4_178\driverlib\ccs\Debug\</path>
         <kind>archive</kind>
         <file>driverlib.lib</file>
         <name>timer.obj</name>
      </input_file>
      <input_file id="fl-10e">
         <path>C:\ti\tivaware_c_series_2_1_4_178\driverlib\ccs\Debug\</path>
         <kind>archive</kind>
         <file>driverlib.lib</file>
         <name>uart.obj</name>
      </input_file>
      <input_file id="fl-10f">
         <path>C:\ti\tivaware_c_series_2_1_4_178\driverlib\ccs\Debug\</path>
         <kind>archive</kind>
         <file>driverlib.lib</file>
         <name>udma.obj</name>
      </input_file>
      <input_file id="fl-110">
         <path>C:\ti\tivaware_c_series_2_1_4_178\driverlib\ccs\Debug\</path>
         <kind>archive</kind>
         <file>driverlib.lib</file>
         <name>watchdog.obj</name>
      </input_file>
      <input_file id="fl-111">
         <path>C:\ti\tivaware_c_series_2_1_4_178\driverlib\ccs\Debug\</path>
         <kind>archive</kind>
         <file>driverlib.lib</file>
         <name>cpu.obj</name>
      </input_file>
   </input_file_list>
   <object_component_list>
      <object_component id="oc-14">
         <name>.intvecs</name>
         <load_address>0x0</load_address>
         <run_address>0x0</run_address>
         <size>0x208</size>
         <input_file_ref idref="fl-3"/>
      </object_component>
      <object_component id="oc-2b3">
         <name>RAM_PRG</name>
         <load_address>0x208</load_address>
         <run_address>0x208</run_address>
         <size>0x1470</size>
         <input_file_ref idref="fl-10"/>
      </object_component>
      <object_component id="oc-54b">
         <name>RAM_PRG:__bit_output_dl</name>
         <load_address>0x1678</load_address>
         <run_address>0x1678</run_address>
         <size>0x2a</size>
         <input_file_ref idref="fl-10"/>
      </object_component>
      <object_component id="oc-555">
         <name>RAM_PRG:min_dl</name>
         <load_address>0x16a2</load_address>
         <run_address>0x16a2</run_address>
         <size>0x1a</size>
         <input_file_ref idref="fl-10"/>
      </object_component>
      <object_component id="oc-4de">
         <name>.text</name>
         <load_address>0x16c0</load_address>
         <run_address>0x16c0</run_address>
         <size>0x12f04</size>
         <input_file_ref idref="fl-6"/>
      </object_component>
      <object_component id="oc-10e">
         <name>.text:EPIAddressMapSet</name>
         <load_address>0x145c4</load_address>
         <run_address>0x145c4</run_address>
         <size>0x4</size>
         <input_file_ref idref="fl-109"/>
      </object_component>
      <object_component id="oc-97">
         <name>.text</name>
         <load_address>0x145c8</load_address>
         <run_address>0x145c8</run_address>
         <size>0x6150</size>
         <input_file_ref idref="fl-12"/>
      </object_component>
      <object_component id="oc-84">
         <name>.text</name>
         <load_address>0x1a718</load_address>
         <run_address>0x1a718</run_address>
         <size>0x44b4</size>
         <input_file_ref idref="fl-19"/>
      </object_component>
      <object_component id="oc-255">
         <name>.text</name>
         <load_address>0x1ebcc</load_address>
         <run_address>0x1ebcc</run_address>
         <size>0x3e1c</size>
         <input_file_ref idref="fl-16"/>
      </object_component>
      <object_component id="oc-a9">
         <name>.text</name>
         <load_address>0x229e8</load_address>
         <run_address>0x229e8</run_address>
         <size>0x26a4</size>
         <input_file_ref idref="fl-9"/>
      </object_component>
      <object_component id="oc-31">
         <name>.text</name>
         <load_address>0x2508c</load_address>
         <run_address>0x2508c</run_address>
         <size>0x2648</size>
         <input_file_ref idref="fl-5"/>
      </object_component>
      <object_component id="oc-9d">
         <name>.text</name>
         <load_address>0x276d4</load_address>
         <run_address>0x276d4</run_address>
         <size>0xcb8</size>
         <input_file_ref idref="fl-15"/>
      </object_component>
      <object_component id="oc-675">
         <name>.text:__TI_scanfi</name>
         <load_address>0x2838c</load_address>
         <run_address>0x2838c</run_address>
         <size>0xaf0</size>
         <input_file_ref idref="fl-f4"/>
      </object_component>
      <object_component id="oc-a3">
         <name>.text</name>
         <load_address>0x28e7c</load_address>
         <run_address>0x28e7c</run_address>
         <size>0xad0</size>
         <input_file_ref idref="fl-14"/>
      </object_component>
      <object_component id="oc-47b">
         <name>.text:__TI_printfi</name>
         <load_address>0x2994c</load_address>
         <run_address>0x2994c</run_address>
         <size>0xa4e</size>
         <input_file_ref idref="fl-f3"/>
      </object_component>
      <object_component id="oc-46b">
         <name>.text</name>
         <load_address>0x2a39a</load_address>
         <run_address>0x2a39a</run_address>
         <size>0x2</size>
         <input_file_ref idref="fl-f8"/>
      </object_component>
      <object_component id="oc-3d">
         <name>.text</name>
         <load_address>0x2a39c</load_address>
         <run_address>0x2a39c</run_address>
         <size>0x8a4</size>
         <input_file_ref idref="fl-4"/>
      </object_component>
      <object_component id="oc-fb">
         <name>.text</name>
         <load_address>0x2ac40</load_address>
         <run_address>0x2ac40</run_address>
         <size>0x6f4</size>
         <input_file_ref idref="fl-2"/>
      </object_component>
      <object_component id="oc-175">
         <name>.text</name>
         <load_address>0x2b334</load_address>
         <run_address>0x2b334</run_address>
         <size>0x68c</size>
         <input_file_ref idref="fl-11"/>
      </object_component>
      <object_component id="oc-454">
         <name>.text:strtod</name>
         <load_address>0x2b9c0</load_address>
         <run_address>0x2b9c0</run_address>
         <size>0x460</size>
         <input_file_ref idref="fl-f0"/>
      </object_component>
      <object_component id="oc-af">
         <name>.text</name>
         <load_address>0x2be20</load_address>
         <run_address>0x2be20</run_address>
         <size>0x430</size>
         <input_file_ref idref="fl-f"/>
      </object_component>
      <object_component id="oc-64c">
         <name>.text:_pconv_a</name>
         <load_address>0x2c250</load_address>
         <run_address>0x2c250</run_address>
         <size>0x270</size>
         <input_file_ref idref="fl-f3"/>
      </object_component>
      <object_component id="oc-313">
         <name>.text</name>
         <load_address>0x2c4c0</load_address>
         <run_address>0x2c4c0</run_address>
         <size>0x224</size>
         <input_file_ref idref="fl-8"/>
      </object_component>
      <object_component id="oc-e9">
         <name>.text:SysCtlClockFreqSet</name>
         <load_address>0x2c6e4</load_address>
         <run_address>0x2c6e4</run_address>
         <size>0x200</size>
         <input_file_ref idref="fl-10c"/>
      </object_component>
      <object_component id="oc-75f">
         <name>.text:strtoll</name>
         <load_address>0x2c8e4</load_address>
         <run_address>0x2c8e4</run_address>
         <size>0x1dc</size>
         <input_file_ref idref="fl-105"/>
      </object_component>
      <object_component id="oc-63a">
         <name>.text:_pconv_g</name>
         <load_address>0x2cac0</load_address>
         <run_address>0x2cac0</run_address>
         <size>0x1d0</size>
         <input_file_ref idref="fl-f3"/>
      </object_component>
      <object_component id="oc-2bf">
         <name>.text</name>
         <load_address>0x2cc90</load_address>
         <run_address>0x2cc90</run_address>
         <size>0x1b6</size>
         <input_file_ref idref="fl-da"/>
      </object_component>
      <object_component id="oc-37">
         <name>.text</name>
         <load_address>0x2ce48</load_address>
         <run_address>0x2ce48</run_address>
         <size>0x170</size>
         <input_file_ref idref="fl-13"/>
      </object_component>
      <object_component id="oc-74d">
         <name>.text:strtoull</name>
         <load_address>0x2cfb8</load_address>
         <run_address>0x2cfb8</run_address>
         <size>0x15c</size>
         <input_file_ref idref="fl-107"/>
      </object_component>
      <object_component id="oc-646">
         <name>.text:_pconv_e</name>
         <load_address>0x2d114</load_address>
         <run_address>0x2d114</run_address>
         <size>0x13c</size>
         <input_file_ref idref="fl-f3"/>
      </object_component>
      <object_component id="oc-327">
         <name>.text</name>
         <load_address>0x2d250</load_address>
         <run_address>0x2d250</run_address>
         <size>0x136</size>
         <input_file_ref idref="fl-dc"/>
      </object_component>
      <object_component id="oc-2ce">
         <name>.text:GPIOPadConfigSet</name>
         <load_address>0x2d386</load_address>
         <run_address>0x2d386</run_address>
         <size>0x132</size>
         <input_file_ref idref="fl-10a"/>
      </object_component>
      <object_component id="oc-759">
         <name>.text:strtol</name>
         <load_address>0x2d4b8</load_address>
         <run_address>0x2d4b8</run_address>
         <size>0x130</size>
         <input_file_ref idref="fl-104"/>
      </object_component>
      <object_component id="oc-70e">
         <name>.text:fcvt</name>
         <load_address>0x2d5e8</load_address>
         <run_address>0x2d5e8</run_address>
         <size>0x124</size>
         <input_file_ref idref="fl-f3"/>
      </object_component>
      <object_component id="oc-621">
         <name>.text:scalbn</name>
         <load_address>0x2d70c</load_address>
         <run_address>0x2d70c</run_address>
         <size>0x110</size>
         <input_file_ref idref="fl-f6"/>
      </object_component>
      <object_component id="oc-753">
         <name>.text:strtoul</name>
         <load_address>0x2d81c</load_address>
         <run_address>0x2d81c</run_address>
         <size>0x110</size>
         <input_file_ref idref="fl-106"/>
      </object_component>
      <object_component id="oc-1be">
         <name>.text</name>
         <load_address>0x2d92c</load_address>
         <run_address>0x2d92c</run_address>
         <size>0xfc</size>
         <input_file_ref idref="fl-dd"/>
      </object_component>
      <object_component id="oc-634">
         <name>.text:_ltostr</name>
         <load_address>0x2da28</load_address>
         <run_address>0x2da28</run_address>
         <size>0xb1</size>
         <input_file_ref idref="fl-f3"/>
      </object_component>
      <object_component id="oc-51">
         <name>.text</name>
         <load_address>0x2dada</load_address>
         <run_address>0x2dada</run_address>
         <size>0x9c</size>
         <input_file_ref idref="fl-e5"/>
      </object_component>
      <object_component id="oc-470">
         <name>.text</name>
         <load_address>0x2db76</load_address>
         <run_address>0x2db76</run_address>
         <size>0x96</size>
         <input_file_ref idref="fl-d8"/>
      </object_component>
      <object_component id="oc-198">
         <name>.text:__aeabi_cdcmple</name>
         <load_address>0x2dc0c</load_address>
         <run_address>0x2dc0c</run_address>
         <size>0x86</size>
         <input_file_ref idref="fl-db"/>
      </object_component>
      <object_component id="oc-3a1">
         <name>.text:__aeabi_cdrcmple</name>
         <load_address>0x2dc92</load_address>
         <run_address>0x2dc92</run_address>
         <size>0x86</size>
         <input_file_ref idref="fl-db"/>
      </object_component>
      <object_component id="oc-246">
         <name>.text:uDMAChannelTransferSet</name>
         <load_address>0x2dd18</load_address>
         <run_address>0x2dd18</run_address>
         <size>0x84</size>
         <input_file_ref idref="fl-10f"/>
      </object_component>
      <object_component id="oc-1b1">
         <name>.text</name>
         <load_address>0x2dd9c</load_address>
         <run_address>0x2dd9c</run_address>
         <size>0x7a</size>
         <input_file_ref idref="fl-d9"/>
      </object_component>
      <object_component id="oc-694">
         <name>.text</name>
         <load_address>0x2de16</load_address>
         <run_address>0x2de16</run_address>
         <size>0x70</size>
         <input_file_ref idref="fl-df"/>
      </object_component>
      <object_component id="oc-707">
         <name>.text:_mcpy</name>
         <load_address>0x2de86</load_address>
         <run_address>0x2de86</run_address>
         <size>0x6e</size>
         <input_file_ref idref="fl-f3"/>
      </object_component>
      <object_component id="oc-181">
         <name>.text</name>
         <load_address>0x2def4</load_address>
         <run_address>0x2def4</run_address>
         <size>0x6e</size>
         <input_file_ref idref="fl-e0"/>
      </object_component>
      <object_component id="oc-1a4">
         <name>.text</name>
         <load_address>0x2df62</load_address>
         <run_address>0x2df62</run_address>
         <size>0x6e</size>
         <input_file_ref idref="fl-d7"/>
      </object_component>
      <object_component id="oc-2ad">
         <name>.text:IntDisable</name>
         <load_address>0x2dfd0</load_address>
         <run_address>0x2dfd0</run_address>
         <size>0x68</size>
         <input_file_ref idref="fl-10b"/>
      </object_component>
      <object_component id="oc-cd">
         <name>.text:IntEnable</name>
         <load_address>0x2e038</load_address>
         <run_address>0x2e038</run_address>
         <size>0x68</size>
         <input_file_ref idref="fl-10b"/>
      </object_component>
      <object_component id="oc-687">
         <name>.text:_chkmbc</name>
         <load_address>0x2e0a0</load_address>
         <run_address>0x2e0a0</run_address>
         <size>0x68</size>
         <input_file_ref idref="fl-d6"/>
      </object_component>
      <object_component id="oc-17">
         <name>.text:decompress:lzss:__TI_decompress_lzss</name>
         <load_address>0x2e108</load_address>
         <run_address>0x2e108</run_address>
         <size>0x68</size>
         <input_file_ref idref="fl-e8"/>
      </object_component>
      <object_component id="oc-71c">
         <name>.text:frexp</name>
         <load_address>0x2e170</load_address>
         <run_address>0x2e170</run_address>
         <size>0x64</size>
         <input_file_ref idref="fl-f5"/>
      </object_component>
      <object_component id="oc-12c">
         <name>.text:TimerConfigure</name>
         <load_address>0x2e1d4</load_address>
         <run_address>0x2e1d4</run_address>
         <size>0x60</size>
         <input_file_ref idref="fl-10d"/>
      </object_component>
      <object_component id="oc-144">
         <name>.text:GPIOIntTypeSet</name>
         <load_address>0x2e234</load_address>
         <run_address>0x2e234</run_address>
         <size>0x56</size>
         <input_file_ref idref="fl-10a"/>
      </object_component>
      <object_component id="oc-640">
         <name>.text:_pconv_f</name>
         <load_address>0x2e28a</load_address>
         <run_address>0x2e28a</run_address>
         <size>0x56</size>
         <input_file_ref idref="fl-f3"/>
      </object_component>
      <object_component id="oc-6fb">
         <name>.text:__TI_ltoa</name>
         <load_address>0x2e2e0</load_address>
         <run_address>0x2e2e0</run_address>
         <size>0x54</size>
         <input_file_ref idref="fl-fe"/>
      </object_component>
      <object_component id="oc-701">
         <name>.text:_ecpy</name>
         <load_address>0x2e334</load_address>
         <run_address>0x2e334</run_address>
         <size>0x52</size>
         <input_file_ref idref="fl-f3"/>
      </object_component>
      <object_component id="oc-4c2">
         <name>.text:atoi</name>
         <load_address>0x2e388</load_address>
         <run_address>0x2e388</run_address>
         <size>0x4c</size>
         <input_file_ref idref="fl-ea"/>
      </object_component>
      <object_component id="oc-416">
         <name>.text:GPIOPinConfigure</name>
         <load_address>0x2e3d4</load_address>
         <run_address>0x2e3d4</run_address>
         <size>0x48</size>
         <input_file_ref idref="fl-10a"/>
      </object_component>
      <object_component id="oc-335">
         <name>.text:IntPendClear</name>
         <load_address>0x2e41c</load_address>
         <run_address>0x2e41c</run_address>
         <size>0x48</size>
         <input_file_ref idref="fl-10b"/>
      </object_component>
      <object_component id="oc-3fd">
         <name>.text:_SysCtlFrequencyGet</name>
         <load_address>0x2e464</load_address>
         <run_address>0x2e464</run_address>
         <size>0x48</size>
         <input_file_ref idref="fl-10c"/>
      </object_component>
      <object_component id="oc-1c3">
         <name>.text</name>
         <load_address>0x2e4ac</load_address>
         <run_address>0x2e4ac</run_address>
         <size>0x48</size>
         <input_file_ref idref="fl-de"/>
      </object_component>
      <object_component id="oc-35b">
         <name>.text</name>
         <load_address>0x2e4f4</load_address>
         <run_address>0x2e4f4</run_address>
         <size>0x48</size>
         <input_file_ref idref="fl-e4"/>
      </object_component>
      <object_component id="oc-162">
         <name>.text:uDMAChannelAttributeDisable</name>
         <load_address>0x2e53c</load_address>
         <run_address>0x2e53c</run_address>
         <size>0x48</size>
         <input_file_ref idref="fl-10f"/>
      </object_component>
      <object_component id="oc-210">
         <name>.text:uDMAChannelAttributeEnable</name>
         <load_address>0x2e584</load_address>
         <run_address>0x2e584</run_address>
         <size>0x48</size>
         <input_file_ref idref="fl-10f"/>
      </object_component>
      <object_component id="oc-1f2">
         <name>.text:UARTConfigSetExpClk</name>
         <load_address>0x2e5cc</load_address>
         <run_address>0x2e5cc</run_address>
         <size>0x46</size>
         <input_file_ref idref="fl-10e"/>
      </object_component>
      <object_component id="oc-50d">
         <name>.text:__TI_auto_init_nobinit_nopinit:__TI_auto_init_nobinit_nopinit</name>
         <load_address>0x2e614</load_address>
         <run_address>0x2e614</run_address>
         <size>0x44</size>
         <input_file_ref idref="fl-f9"/>
      </object_component>
      <object_component id="oc-1b6">
         <name>.text:sprintf</name>
         <load_address>0x2e658</load_address>
         <run_address>0x2e658</run_address>
         <size>0x40</size>
         <input_file_ref idref="fl-d5"/>
      </object_component>
      <object_component id="oc-714">
         <name>.text:_fcpy</name>
         <load_address>0x2e698</load_address>
         <run_address>0x2e698</run_address>
         <size>0x3e</size>
         <input_file_ref idref="fl-f3"/>
      </object_component>
      <object_component id="oc-120">
         <name>.text:EPIDividerCSSet</name>
         <load_address>0x2e6d6</load_address>
         <run_address>0x2e6d6</run_address>
         <size>0x38</size>
         <input_file_ref idref="fl-109"/>
      </object_component>
      <object_component id="oc-193">
         <name>.text</name>
         <load_address>0x2e70e</load_address>
         <run_address>0x2e70e</run_address>
         <size>0x38</size>
         <input_file_ref idref="fl-e1"/>
      </object_component>
      <object_component id="oc-4c9">
         <name>.text:sscanf</name>
         <load_address>0x2e748</load_address>
         <run_address>0x2e748</run_address>
         <size>0x38</size>
         <input_file_ref idref="fl-d6"/>
      </object_component>
      <object_component id="oc-ef">
         <name>.text:SysCtlPeripheralEnable</name>
         <load_address>0x2e780</load_address>
         <run_address>0x2e780</run_address>
         <size>0x34</size>
         <input_file_ref idref="fl-10c"/>
      </object_component>
      <object_component id="oc-150">
         <name>.text:SysCtlPeripheralSleepEnable</name>
         <load_address>0x2e7b4</load_address>
         <run_address>0x2e7b4</run_address>
         <size>0x34</size>
         <input_file_ref idref="fl-10c"/>
      </object_component>
      <object_component id="oc-6f">
         <name>.text:_c_int00_noargs:_c_int00_noargs</name>
         <load_address>0x2e7e8</load_address>
         <run_address>0x2e7e8</run_address>
         <size>0x34</size>
         <input_file_ref idref="fl-f2"/>
      </object_component>
      <object_component id="oc-322">
         <name>.text</name>
         <load_address>0x2e81c</load_address>
         <run_address>0x2e81c</run_address>
         <size>0x2e</size>
         <input_file_ref idref="fl-e2"/>
      </object_component>
      <object_component id="oc-4bc">
         <name>.text:strncat</name>
         <load_address>0x2e84a</load_address>
         <run_address>0x2e84a</run_address>
         <size>0x2e</size>
         <input_file_ref idref="fl-ef"/>
      </object_component>
      <object_component id="oc-20a">
         <name>.text:uDMAChannelAssign</name>
         <load_address>0x2e878</load_address>
         <run_address>0x2e878</run_address>
         <size>0x2c</size>
         <input_file_ref idref="fl-10f"/>
      </object_component>
      <object_component id="oc-2c8">
         <name>.text:GPIODirModeSet</name>
         <load_address>0x2e8a4</load_address>
         <run_address>0x2e8a4</run_address>
         <size>0x2a</size>
         <input_file_ref idref="fl-10a"/>
      </object_component>
      <object_component id="oc-101">
         <name>.text:__bit_output</name>
         <load_address>0x2e8ce</load_address>
         <run_address>0x2e8ce</run_address>
         <size>0x2a</size>
         <input_file_ref idref="fl-4"/>
      </object_component>
      <object_component id="oc-2e3">
         <name>.text:uDMAChannelModeGet</name>
         <load_address>0x2e8f8</load_address>
         <run_address>0x2e8f8</run_address>
         <size>0x28</size>
         <input_file_ref idref="fl-10f"/>
      </object_component>
      <object_component id="oc-13e">
         <name>.text:IntPrioritySet</name>
         <load_address>0x2e920</load_address>
         <run_address>0x2e920</run_address>
         <size>0x24</size>
         <input_file_ref idref="fl-10b"/>
      </object_component>
      <object_component id="oc-3b9">
         <name>.text:__bit_input</name>
         <load_address>0x2e944</load_address>
         <run_address>0x2e944</run_address>
         <size>0x24</size>
         <input_file_ref idref="fl-4"/>
      </object_component>
      <object_component id="oc-368">
         <name>.text:memcmp</name>
         <load_address>0x2e968</load_address>
         <run_address>0x2e968</run_address>
         <size>0x24</size>
         <input_file_ref idref="fl-ec"/>
      </object_component>
      <object_component id="oc-168">
         <name>.text:uDMAChannelControlSet</name>
         <load_address>0x2e98c</load_address>
         <run_address>0x2e98c</run_address>
         <size>0x24</size>
         <input_file_ref idref="fl-10f"/>
      </object_component>
      <object_component id="oc-114">
         <name>.text:EPIConfigHB16Set</name>
         <load_address>0x2e9b0</load_address>
         <run_address>0x2e9b0</run_address>
         <size>0x22</size>
         <input_file_ref idref="fl-109"/>
      </object_component>
      <object_component id="oc-261">
         <name>.text:calc_cnt</name>
         <load_address>0x2e9d2</load_address>
         <run_address>0x2e9d2</run_address>
         <size>0x22</size>
         <input_file_ref idref="fl-4"/>
      </object_component>
      <object_component id="oc-4a0">
         <name>.text:UARTDisable</name>
         <load_address>0x2e9f4</load_address>
         <run_address>0x2e9f4</run_address>
         <size>0x20</size>
         <input_file_ref idref="fl-10e"/>
      </object_component>
      <object_component id="oc-3f7">
         <name>.text:_SysCtlMemTimingGet</name>
         <load_address>0x2ea14</load_address>
         <run_address>0x2ea14</run_address>
         <size>0x20</size>
         <input_file_ref idref="fl-10c"/>
      </object_component>
      <object_component id="oc-4e4">
         <name>.text:strcat</name>
         <load_address>0x2ea34</load_address>
         <run_address>0x2ea34</run_address>
         <size>0x1e</size>
         <input_file_ref idref="fl-ed"/>
      </object_component>
      <object_component id="oc-126">
         <name>.text:EPIConfigHB16CSSet</name>
         <load_address>0x2ea54</load_address>
         <run_address>0x2ea54</run_address>
         <size>0x1c</size>
         <input_file_ref idref="fl-109"/>
      </object_component>
      <object_component id="oc-652">
         <name>.text:memccpy</name>
         <load_address>0x2ea70</load_address>
         <run_address>0x2ea70</run_address>
         <size>0x1c</size>
         <input_file_ref idref="fl-100"/>
      </object_component>
      <object_component id="oc-6e6">
         <name>.text:copysign</name>
         <load_address>0x2ea8c</load_address>
         <run_address>0x2ea8c</run_address>
         <size>0x1a</size>
         <input_file_ref idref="fl-f7"/>
      </object_component>
      <object_component id="oc-16e">
         <name>.text:GPIOPinTypeGPIOOutput</name>
         <load_address>0x2eaa6</load_address>
         <run_address>0x2eaa6</run_address>
         <size>0x18</size>
         <input_file_ref idref="fl-10a"/>
      </object_component>
      <object_component id="oc-25b">
         <name>.text:TimerDisable</name>
         <load_address>0x2eac0</load_address>
         <run_address>0x2eac0</run_address>
         <size>0x18</size>
         <input_file_ref idref="fl-10d"/>
      </object_component>
      <object_component id="oc-481">
         <name>.text:_outs</name>
         <load_address>0x2ead8</load_address>
         <run_address>0x2ead8</run_address>
         <size>0x18</size>
         <input_file_ref idref="fl-d5"/>
      </object_component>
      <object_component id="oc-2f8">
         <name>.text</name>
         <load_address>0x2eaf0</load_address>
         <run_address>0x2eaf0</run_address>
         <size>0x18</size>
         <input_file_ref idref="fl-e3"/>
      </object_component>
      <object_component id="oc-765">
         <name>.text:strrchr</name>
         <load_address>0x2eb08</load_address>
         <run_address>0x2eb08</run_address>
         <size>0x18</size>
         <input_file_ref idref="fl-103"/>
      </object_component>
      <object_component id="oc-24c">
         <name>.text:uDMAChannelEnable</name>
         <load_address>0x2eb20</load_address>
         <run_address>0x2eb20</run_address>
         <size>0x18</size>
         <input_file_ref idref="fl-10f"/>
      </object_component>
      <object_component id="oc-722">
         <name>.text:strchr</name>
         <load_address>0x2eb38</load_address>
         <run_address>0x2eb38</run_address>
         <size>0x16</size>
         <input_file_ref idref="fl-101"/>
      </object_component>
      <object_component id="oc-2a7">
         <name>.text:SysCtlResetCauseClear</name>
         <load_address>0x2eb50</load_address>
         <run_address>0x2eb50</run_address>
         <size>0x14</size>
         <input_file_ref idref="fl-10c"/>
      </object_component>
      <object_component id="oc-1fe">
         <name>.text:UARTEnable</name>
         <load_address>0x2eb64</load_address>
         <run_address>0x2eb64</run_address>
         <size>0x14</size>
         <input_file_ref idref="fl-10e"/>
      </object_component>
      <object_component id="oc-747">
         <name>.text:strcpy</name>
         <load_address>0x2eb78</load_address>
         <run_address>0x2eb78</run_address>
         <size>0x14</size>
         <input_file_ref idref="fl-102"/>
      </object_component>
      <object_component id="oc-3a6">
         <name>.text:strlen</name>
         <load_address>0x2eb8c</load_address>
         <run_address>0x2eb8c</run_address>
         <size>0x14</size>
         <input_file_ref idref="fl-ee"/>
      </object_component>
      <object_component id="oc-2dd">
         <name>.text:uDMAChannelRequest</name>
         <load_address>0x2eba0</load_address>
         <run_address>0x2eba0</run_address>
         <size>0x14</size>
         <input_file_ref idref="fl-10f"/>
      </object_component>
      <object_component id="oc-41c">
         <name>.text:GPIOPinTypeEPI</name>
         <load_address>0x2ebb4</load_address>
         <run_address>0x2ebb4</run_address>
         <size>0x12</size>
         <input_file_ref idref="fl-10a"/>
      </object_component>
      <object_component id="oc-8a">
         <name>.text:GPIOPinTypeGPIOInput</name>
         <load_address>0x2ebc6</load_address>
         <run_address>0x2ebc6</run_address>
         <size>0x12</size>
         <input_file_ref idref="fl-10a"/>
      </object_component>
      <object_component id="oc-422">
         <name>.text:GPIOPinTypeUART</name>
         <load_address>0x2ebd8</load_address>
         <run_address>0x2ebd8</run_address>
         <size>0x12</size>
         <input_file_ref idref="fl-10a"/>
      </object_component>
      <object_component id="oc-428">
         <name>.text:GPIOPinTypeUSBAnalog</name>
         <load_address>0x2ebea</load_address>
         <run_address>0x2ebea</run_address>
         <size>0x12</size>
         <input_file_ref idref="fl-10a"/>
      </object_component>
      <object_component id="oc-132">
         <name>.text:TimerLoadSet</name>
         <load_address>0x2ebfc</load_address>
         <run_address>0x2ebfc</run_address>
         <size>0x12</size>
         <input_file_ref idref="fl-10d"/>
      </object_component>
      <object_component id="oc-67b">
         <name>.text:_inpchar</name>
         <load_address>0x2ec0e</load_address>
         <run_address>0x2ec0e</run_address>
         <size>0x12</size>
         <input_file_ref idref="fl-d6"/>
      </object_component>
      <object_component id="oc-17b">
         <name>.text:atof</name>
         <load_address>0x2ec20</load_address>
         <run_address>0x2ec20</run_address>
         <size>0x12</size>
         <input_file_ref idref="fl-e9"/>
      </object_component>
      <object_component id="oc-658">
         <name>.text:wcslen</name>
         <load_address>0x2ec32</load_address>
         <run_address>0x2ec32</run_address>
         <size>0x12</size>
         <input_file_ref idref="fl-108"/>
      </object_component>
      <object_component id="oc-f5">
         <name>.text:IntMasterEnable</name>
         <load_address>0x2ec44</load_address>
         <run_address>0x2ec44</run_address>
         <size>0x10</size>
         <input_file_ref idref="fl-10b"/>
      </object_component>
      <object_component id="oc-216">
         <name>.text:UARTFIFOLevelGet</name>
         <load_address>0x2ec54</load_address>
         <run_address>0x2ec54</run_address>
         <size>0x10</size>
         <input_file_ref idref="fl-10e"/>
      </object_component>
      <object_component id="oc-156">
         <name>.text:uDMAEnable</name>
         <load_address>0x2ec64</load_address>
         <run_address>0x2ec64</run_address>
         <size>0x10</size>
         <input_file_ref idref="fl-10f"/>
      </object_component>
      <object_component id="oc-d3">
         <name>.text:TimerEnable</name>
         <load_address>0x2ec74</load_address>
         <run_address>0x2ec74</run_address>
         <size>0xe</size>
         <input_file_ref idref="fl-10d"/>
      </object_component>
      <object_component id="oc-23a">
         <name>.text:UARTCharGetNonBlocking</name>
         <load_address>0x2ec82</load_address>
         <run_address>0x2ec82</run_address>
         <size>0xe</size>
         <input_file_ref idref="fl-10e"/>
      </object_component>
      <object_component id="oc-234">
         <name>.text:UARTCharsAvail</name>
         <load_address>0x2ec90</load_address>
         <run_address>0x2ec90</run_address>
         <size>0xe</size>
         <input_file_ref idref="fl-10e"/>
      </object_component>
      <object_component id="oc-b5">
         <name>.text:WatchdogStallEnable</name>
         <load_address>0x2ec9e</load_address>
         <run_address>0x2ec9e</run_address>
         <size>0xe</size>
         <input_file_ref idref="fl-110"/>
      </object_component>
      <object_component id="oc-1d">
         <name>.text:decompress:none:__TI_decompress_none</name>
         <load_address>0x2ecac</load_address>
         <run_address>0x2ecac</run_address>
         <size>0xe</size>
         <input_file_ref idref="fl-e7"/>
      </object_component>
      <object_component id="oc-40f">
         <name>.text:CPUcpsie</name>
         <load_address>0x2ecba</load_address>
         <run_address>0x2ecba</run_address>
         <size>0xc</size>
         <input_file_ref idref="fl-111"/>
      </object_component>
      <object_component id="oc-14a">
         <name>.text:GPIOIntEnable</name>
         <load_address>0x2ecc6</load_address>
         <run_address>0x2ecc6</run_address>
         <size>0xc</size>
         <input_file_ref idref="fl-10a"/>
      </object_component>
      <object_component id="oc-2a1">
         <name>.text:SysCtlResetCauseGet</name>
         <load_address>0x2ecd4</load_address>
         <run_address>0x2ecd4</run_address>
         <size>0xc</size>
         <input_file_ref idref="fl-10c"/>
      </object_component>
      <object_component id="oc-1f8">
         <name>.text:UARTTxIntModeSet</name>
         <load_address>0x2ece0</load_address>
         <run_address>0x2ece0</run_address>
         <size>0xc</size>
         <input_file_ref idref="fl-10e"/>
      </object_component>
      <object_component id="oc-63">
         <name>.text:decompress:ZI:__TI_zero_init</name>
         <load_address>0x2ecec</load_address>
         <run_address>0x2ecec</run_address>
         <size>0xc</size>
         <input_file_ref idref="fl-e6"/>
      </object_component>
      <object_component id="oc-2b">
         <name>.text</name>
         <load_address>0x2ecf8</load_address>
         <run_address>0x2ecf8</run_address>
         <size>0xc</size>
         <input_file_ref idref="fl-3"/>
      </object_component>
      <object_component id="oc-15c">
         <name>.text:uDMAControlBaseSet</name>
         <load_address>0x2ed04</load_address>
         <run_address>0x2ed04</run_address>
         <size>0xc</size>
         <input_file_ref idref="fl-10f"/>
      </object_component>
      <object_component id="oc-228">
         <name>.text:UARTIntStatus</name>
         <load_address>0x2ed10</load_address>
         <run_address>0x2ed10</run_address>
         <size>0xa</size>
         <input_file_ref idref="fl-10e"/>
      </object_component>
      <object_component id="oc-c7">
         <name>.text:WatchdogIntEnable</name>
         <load_address>0x2ed1a</load_address>
         <run_address>0x2ed1a</run_address>
         <size>0xa</size>
         <input_file_ref idref="fl-110"/>
      </object_component>
      <object_component id="oc-c1">
         <name>.text:WatchdogResetDisable</name>
         <load_address>0x2ed24</load_address>
         <run_address>0x2ed24</run_address>
         <size>0xa</size>
         <input_file_ref idref="fl-110"/>
      </object_component>
      <object_component id="oc-bb">
         <name>.text:WatchdogResetEnable</name>
         <load_address>0x2ed2e</load_address>
         <run_address>0x2ed2e</run_address>
         <size>0xa</size>
         <input_file_ref idref="fl-110"/>
      </object_component>
      <object_component id="oc-487">
         <name>.text:_outc</name>
         <load_address>0x2ed38</load_address>
         <run_address>0x2ed38</run_address>
         <size>0xa</size>
         <input_file_ref idref="fl-d5"/>
      </object_component>
      <object_component id="oc-138">
         <name>.text:TimerIntEnable</name>
         <load_address>0x2ed42</load_address>
         <run_address>0x2ed42</run_address>
         <size>0x8</size>
         <input_file_ref idref="fl-10d"/>
      </object_component>
      <object_component id="oc-204">
         <name>.text:UARTDMAEnable</name>
         <load_address>0x2ed4a</load_address>
         <run_address>0x2ed4a</run_address>
         <size>0x8</size>
         <input_file_ref idref="fl-10e"/>
      </object_component>
      <object_component id="oc-222">
         <name>.text:UARTIntEnable</name>
         <load_address>0x2ed52</load_address>
         <run_address>0x2ed52</run_address>
         <size>0x8</size>
         <input_file_ref idref="fl-10e"/>
      </object_component>
      <object_component id="oc-61b">
         <name>.text:__aeabi_errno_addr</name>
         <load_address>0x2ed5c</load_address>
         <run_address>0x2ed5c</run_address>
         <size>0x8</size>
         <input_file_ref idref="fl-f1"/>
      </object_component>
      <object_component id="oc-681">
         <name>.text:_uninpchar</name>
         <load_address>0x2ed64</load_address>
         <run_address>0x2ed64</run_address>
         <size>0x8</size>
         <input_file_ref idref="fl-d6"/>
      </object_component>
      <object_component id="oc-1e7">
         <name>.text:GPIOIntClear</name>
         <load_address>0x2ed6c</load_address>
         <run_address>0x2ed6c</run_address>
         <size>0x6</size>
         <input_file_ref idref="fl-10a"/>
      </object_component>
      <object_component id="oc-32c">
         <name>.text:GPIOPinRead</name>
         <load_address>0x2ed72</load_address>
         <run_address>0x2ed72</run_address>
         <size>0x6</size>
         <input_file_ref idref="fl-10a"/>
      </object_component>
      <object_component id="oc-2f2">
         <name>.text:GPIOPinWrite</name>
         <load_address>0x2ed78</load_address>
         <run_address>0x2ed78</run_address>
         <size>0x6</size>
         <input_file_ref idref="fl-10a"/>
      </object_component>
      <object_component id="oc-21c">
         <name>.text:UARTFIFOLevelSet</name>
         <load_address>0x2ed7e</load_address>
         <run_address>0x2ed7e</run_address>
         <size>0x6</size>
         <input_file_ref idref="fl-10e"/>
      </object_component>
      <object_component id="oc-1d2">
         <name>.text:WatchdogIntClear</name>
         <load_address>0x2ed84</load_address>
         <run_address>0x2ed84</run_address>
         <size>0x6</size>
         <input_file_ref idref="fl-110"/>
      </object_component>
      <object_component id="oc-11a">
         <name>.text:EPIDividerSet</name>
         <load_address>0x2ed8a</load_address>
         <run_address>0x2ed8a</run_address>
         <size>0x4</size>
         <input_file_ref idref="fl-109"/>
      </object_component>
      <object_component id="oc-108">
         <name>.text:EPIModeSet</name>
         <load_address>0x2ed8e</load_address>
         <run_address>0x2ed8e</run_address>
         <size>0x4</size>
         <input_file_ref idref="fl-109"/>
      </object_component>
      <object_component id="oc-1e1">
         <name>.text:TimerIntClear</name>
         <load_address>0x2ed92</load_address>
         <run_address>0x2ed92</run_address>
         <size>0x4</size>
         <input_file_ref idref="fl-10d"/>
      </object_component>
      <object_component id="oc-22e">
         <name>.text:UARTIntClear</name>
         <load_address>0x2ed96</load_address>
         <run_address>0x2ed96</run_address>
         <size>0x4</size>
         <input_file_ref idref="fl-10e"/>
      </object_component>
      <object_component id="oc-1cc">
         <name>.text:WatchdogReloadSet</name>
         <load_address>0x2ed9a</load_address>
         <run_address>0x2ed9a</run_address>
         <size>0x4</size>
         <input_file_ref idref="fl-110"/>
      </object_component>
      <object_component id="oc-28f">
         <name>.text:_system_pre_init</name>
         <load_address>0x2ed9e</load_address>
         <run_address>0x2ed9e</run_address>
         <size>0x4</size>
         <input_file_ref idref="fl-fa"/>
      </object_component>
      <object_component id="oc-501">
         <name>.text:abort:abort</name>
         <load_address>0x2eda2</load_address>
         <run_address>0x2eda2</run_address>
         <size>0x4</size>
         <input_file_ref idref="fl-fc"/>
      </object_component>
      <object_component id="oc-90">
         <name>.text:clrpsw_i</name>
         <load_address>0x2eda6</load_address>
         <run_address>0x2eda6</run_address>
         <size>0x4</size>
         <input_file_ref idref="fl-4"/>
      </object_component>
      <object_component id="oc-37b">
         <name>.text:nop</name>
         <load_address>0x2edaa</load_address>
         <run_address>0x2edaa</run_address>
         <size>0x4</size>
         <input_file_ref idref="fl-4"/>
      </object_component>
      <object_component id="oc-d9">
         <name>.text:setpsw_i</name>
         <load_address>0x2edae</load_address>
         <run_address>0x2edae</run_address>
         <size>0x4</size>
         <input_file_ref idref="fl-4"/>
      </object_component>
      <object_component id="oc-30c">
         <name>.const:AUTO_COEFF_10K</name>
         <load_address>0x2edb8</load_address>
         <run_address>0x2edb8</run_address>
         <size>0x23c</size>
         <input_file_ref idref="fl-12"/>
      </object_component>
      <object_component id="oc-309">
         <name>.const:AUTO_COEFF_4AT</name>
         <load_address>0x2eff4</load_address>
         <run_address>0x2eff4</run_address>
         <size>0x23c</size>
         <input_file_ref idref="fl-12"/>
      </object_component>
      <object_component id="oc-303">
         <name>.const:AUTO_COEFF_4E</name>
         <load_address>0x2f230</load_address>
         <run_address>0x2f230</run_address>
         <size>0x23c</size>
         <input_file_ref idref="fl-12"/>
      </object_component>
      <object_component id="oc-306">
         <name>.const:AUTO_COEFF_6AT</name>
         <load_address>0x2f46c</load_address>
         <run_address>0x2f46c</run_address>
         <size>0x23c</size>
         <input_file_ref idref="fl-12"/>
      </object_component>
      <object_component id="oc-30f">
         <name>.const:AUTO_COEFF_6E</name>
         <load_address>0x2f6a8</load_address>
         <run_address>0x2f6a8</run_address>
         <size>0x23c</size>
         <input_file_ref idref="fl-12"/>
      </object_component>
      <object_component id="oc-406">
         <name>.const:g_pppui32XTALtoVCO</name>
         <load_address>0x2f8e4</load_address>
         <run_address>0x2f8e4</run_address>
         <size>0x1b0</size>
         <input_file_ref idref="fl-10c"/>
      </object_component>
      <object_component id="oc-373">
         <name>.const:OWEepromData</name>
         <load_address>0x2fa94</load_address>
         <run_address>0x2fa94</run_address>
         <size>0x174</size>
         <input_file_ref idref="fl-15"/>
      </object_component>
      <object_component id="oc-2da">
         <name>.const:LL_TBL</name>
         <load_address>0x2fc08</load_address>
         <run_address>0x2fc08</run_address>
         <size>0x130</size>
         <input_file_ref idref="fl-12"/>
      </object_component>
      <object_component id="oc-364">
         <name>.const:CmpTbl</name>
         <load_address>0x2fd38</load_address>
         <run_address>0x2fd38</run_address>
         <size>0x104</size>
         <input_file_ref idref="fl-12"/>
      </object_component>
      <object_component id="oc-627">
         <name>.const:.string:_ctypes_</name>
         <load_address>0x2fe3c</load_address>
         <run_address>0x2fe3c</run_address>
         <size>0x101</size>
         <input_file_ref idref="fl-eb"/>
      </object_component>
      <object_component id="oc-62a">
         <name>.const:$O1$$</name>
         <load_address>0x2ff40</load_address>
         <run_address>0x2ff40</run_address>
         <size>0xc8</size>
         <input_file_ref idref="fl-f0"/>
      </object_component>
      <object_component id="oc-439">
         <name>.const:g_pui32Regs</name>
         <load_address>0x30008</load_address>
         <run_address>0x30008</run_address>
         <size>0x9c</size>
         <input_file_ref idref="fl-10b"/>
      </object_component>
      <object_component id="oc-5f5">
         <name>.const:g_pui32GPIOBaseAddrs</name>
         <load_address>0x300a4</load_address>
         <run_address>0x300a4</run_address>
         <size>0x90</size>
         <input_file_ref idref="fl-10a"/>
      </object_component>
      <object_component id="oc-2fd">
         <name>.const:sens_inf</name>
         <load_address>0x30134</load_address>
         <run_address>0x30134</run_address>
         <size>0x82</size>
         <input_file_ref idref="fl-12"/>
      </object_component>
      <object_component id="oc-3cc">
         <name>.const</name>
         <load_address>0x301b8</load_address>
         <run_address>0x301b8</run_address>
         <size>0x70</size>
         <input_file_ref idref="fl-10b"/>
      </object_component>
      <object_component id="oc-403">
         <name>.const:g_pui32Xtals</name>
         <load_address>0x30228</load_address>
         <run_address>0x30228</run_address>
         <size>0x6c</size>
         <input_file_ref idref="fl-10c"/>
      </object_component>
      <object_component id="oc-358">
         <name>.const:flow_vel_tbl</name>
         <load_address>0x30294</load_address>
         <run_address>0x30294</run_address>
         <size>0x54</size>
         <input_file_ref idref="fl-12"/>
      </object_component>
      <object_component id="oc-5e2">
         <name>.const:g_sXTALtoMEMTIM</name>
         <load_address>0x302e8</load_address>
         <run_address>0x302e8</run_address>
         <size>0x30</size>
         <input_file_ref idref="fl-10c"/>
      </object_component>
      <object_component id="oc-6a1">
         <name>.const:$P$T0$1</name>
         <load_address>0x30318</load_address>
         <run_address>0x30318</run_address>
         <size>0x20</size>
         <input_file_ref idref="fl-6"/>
      </object_component>
      <object_component id="oc-6a4">
         <name>.const:$P$T1$2</name>
         <load_address>0x30338</load_address>
         <run_address>0x30338</run_address>
         <size>0x20</size>
         <input_file_ref idref="fl-6"/>
      </object_component>
      <object_component id="oc-319">
         <name>.const:$P$T7$8</name>
         <load_address>0x30358</load_address>
         <run_address>0x30358</run_address>
         <size>0x20</size>
         <input_file_ref idref="fl-12"/>
      </object_component>
      <object_component id="oc-76b">
         <name>.const:$O1$$</name>
         <load_address>0x30378</load_address>
         <run_address>0x30378</run_address>
         <size>0x10</size>
         <input_file_ref idref="fl-f4"/>
      </object_component>
      <object_component id="oc-352">
         <name>.const:abs_cont</name>
         <load_address>0x30388</load_address>
         <run_address>0x30388</run_address>
         <size>0xa</size>
         <input_file_ref idref="fl-12"/>
      </object_component>
      <object_component id="oc-340">
         <name>.const:$P$T1$2</name>
         <load_address>0x30392</load_address>
         <run_address>0x30392</run_address>
         <size>0x8</size>
         <input_file_ref idref="fl-12"/>
      </object_component>
      <object_component id="oc-6a7">
         <name>.const:$P$T2$3</name>
         <load_address>0x3039a</load_address>
         <run_address>0x3039a</run_address>
         <size>0x8</size>
         <input_file_ref idref="fl-6"/>
      </object_component>
      <object_component id="oc-347">
         <name>.const:$P$T2$3</name>
         <load_address>0x303a2</load_address>
         <run_address>0x303a2</run_address>
         <size>0x8</size>
         <input_file_ref idref="fl-12"/>
      </object_component>
      <object_component id="oc-34a">
         <name>.const:$P$T3$4</name>
         <load_address>0x303aa</load_address>
         <run_address>0x303aa</run_address>
         <size>0x8</size>
         <input_file_ref idref="fl-12"/>
      </object_component>
      <object_component id="oc-2e9">
         <name>.const:$P$T4$5</name>
         <load_address>0x303b2</load_address>
         <run_address>0x303b2</run_address>
         <size>0x8</size>
         <input_file_ref idref="fl-12"/>
      </object_component>
      <object_component id="oc-2ec">
         <name>.const:$P$T5$6</name>
         <load_address>0x303ba</load_address>
         <run_address>0x303ba</run_address>
         <size>0x8</size>
         <input_file_ref idref="fl-12"/>
      </object_component>
      <object_component id="oc-2ef">
         <name>.const:$P$T6$7</name>
         <load_address>0x303c2</load_address>
         <run_address>0x303c2</run_address>
         <size>0x8</size>
         <input_file_ref idref="fl-12"/>
      </object_component>
      <object_component id="oc-31c">
         <name>.const:$P$T8$9</name>
         <load_address>0x303ca</load_address>
         <run_address>0x303ca</run_address>
         <size>0x8</size>
         <input_file_ref idref="fl-12"/>
      </object_component>
      <object_component id="oc-31f">
         <name>.const:$P$T9$10</name>
         <load_address>0x303d2</load_address>
         <run_address>0x303d2</run_address>
         <size>0x8</size>
         <input_file_ref idref="fl-12"/>
      </object_component>
      <object_component id="oc-409">
         <name>.const</name>
         <load_address>0x303dc</load_address>
         <run_address>0x303dc</run_address>
         <size>0x8</size>
         <input_file_ref idref="fl-10c"/>
      </object_component>
      <object_component id="oc-4d9">
         <name>.const:.string:$P$T0$1</name>
         <load_address>0x303e4</load_address>
         <run_address>0x303e4</run_address>
         <size>0x5</size>
         <input_file_ref idref="fl-16"/>
      </object_component>
      <object_component id="oc-332">
         <name>.const:$P$T0$1</name>
         <load_address>0x303ea</load_address>
         <run_address>0x303ea</run_address>
         <size>0x4</size>
         <input_file_ref idref="fl-12"/>
      </object_component>
      <object_component id="oc-82b">
         <name>.cinit..data.load</name>
         <load_address>0x303f0</load_address>
         <run_address>0x303f0</run_address>
         <size>0x1a8</size>
      </object_component>
      <object_component id="oc-829">
         <name>__TI_handler_table</name>
         <load_address>0x30598</load_address>
         <run_address>0x30598</run_address>
         <size>0xc</size>
      </object_component>
      <object_component id="oc-82c">
         <name>.cinit..bss.load</name>
         <load_address>0x305a8</load_address>
         <run_address>0x305a8</run_address>
         <size>0x8</size>
      </object_component>
      <object_component id="oc-82a">
         <name>__TI_cinit_table</name>
         <load_address>0x305b0</load_address>
         <run_address>0x305b0</run_address>
         <size>0x10</size>
      </object_component>
      <object_component id="oc-e0">
         <name>.fpgacfg</name>
         <load_address>0x40000</load_address>
         <run_address>0x40000</run_address>
         <size>0xa5afa</size>
         <input_file_ref idref="fl-5"/>
      </object_component>
      <object_component id="oc-240">
         <name>.data</name>
         <load_address>0x200151e8</load_address>
         <run_address>0x200151e8</run_address>
         <size>0x1a</size>
         <input_file_ref idref="fl-4"/>
      </object_component>
      <object_component id="oc-e3">
         <name>.data</name>
         <load_address>0x2001525a</load_address>
         <run_address>0x2001525a</run_address>
         <size>0x4</size>
         <input_file_ref idref="fl-5"/>
      </object_component>
      <object_component id="oc-691">
         <name>.data:comma</name>
         <load_address>0x2001514a</load_address>
         <run_address>0x2001514a</run_address>
         <size>0x5</size>
         <input_file_ref idref="fl-6"/>
      </object_component>
      <object_component id="oc-69e">
         <name>.data</name>
         <load_address>0x20015262</load_address>
         <run_address>0x20015262</run_address>
         <size>0x2</size>
         <input_file_ref idref="fl-6"/>
      </object_component>
      <object_component id="oc-44a">
         <name>.data:SVD_default</name>
         <load_address>0x200148c0</load_address>
         <run_address>0x200148c0</run_address>
         <size>0x3d0</size>
         <input_file_ref idref="fl-7"/>
      </object_component>
      <object_component id="oc-393">
         <name>.data:recv_data0</name>
         <load_address>0x20014c90</load_address>
         <run_address>0x20014c90</run_address>
         <size>0x100</size>
         <input_file_ref idref="fl-9"/>
      </object_component>
      <object_component id="oc-396">
         <name>.data:recv_data1</name>
         <load_address>0x20014d90</load_address>
         <run_address>0x20014d90</run_address>
         <size>0x100</size>
         <input_file_ref idref="fl-9"/>
      </object_component>
      <object_component id="oc-39b">
         <name>.data:send_data</name>
         <load_address>0x20014e90</load_address>
         <run_address>0x20014e90</run_address>
         <size>0x100</size>
         <input_file_ref idref="fl-9"/>
      </object_component>
      <object_component id="oc-39e">
         <name>.data:send_data_sub</name>
         <load_address>0x20014f90</load_address>
         <run_address>0x20014f90</run_address>
         <size>0x100</size>
         <input_file_ref idref="fl-9"/>
      </object_component>
      <object_component id="oc-388">
         <name>.data:LOG_DETAIL_DEF</name>
         <load_address>0x20015150</load_address>
         <run_address>0x20015150</run_address>
         <size>0x98</size>
         <input_file_ref idref="fl-b"/>
      </object_component>
      <object_component id="oc-2c4">
         <name>.data:err_inf</name>
         <load_address>0x20015090</load_address>
         <run_address>0x20015090</run_address>
         <size>0xba</size>
         <input_file_ref idref="fl-c"/>
      </object_component>
      <object_component id="oc-3c3">
         <name>.data</name>
         <load_address>0x2001526c</load_address>
         <run_address>0x2001526c</run_address>
         <size>0x2</size>
         <input_file_ref idref="fl-f"/>
      </object_component>
      <object_component id="oc-1ae">
         <name>.data:CH_LED</name>
         <load_address>0x20015212</load_address>
         <run_address>0x20015212</run_address>
         <size>0xc</size>
         <input_file_ref idref="fl-f"/>
      </object_component>
      <object_component id="oc-545">
         <name>.data</name>
         <load_address>0x2001514f</load_address>
         <run_address>0x2001514f</run_address>
         <size>0x1</size>
         <input_file_ref idref="fl-10"/>
      </object_component>
      <object_component id="oc-44d">
         <name>.data</name>
         <load_address>0x2001522a</load_address>
         <run_address>0x2001522a</run_address>
         <size>0xc</size>
         <input_file_ref idref="fl-11"/>
      </object_component>
      <object_component id="oc-190">
         <name>.data</name>
         <load_address>0x20015202</load_address>
         <run_address>0x20015202</run_address>
         <size>0x10</size>
         <input_file_ref idref="fl-12"/>
      </object_component>
      <object_component id="oc-34f">
         <name>.data:get_cyc</name>
         <load_address>0x20015236</load_address>
         <run_address>0x20015236</run_address>
         <size>0xc</size>
         <input_file_ref idref="fl-12"/>
      </object_component>
      <object_component id="oc-361">
         <name>.data:SmpTs0</name>
         <load_address>0x2001524a</load_address>
         <run_address>0x2001524a</run_address>
         <size>0x8</size>
         <input_file_ref idref="fl-12"/>
      </object_component>
      <object_component id="oc-355">
         <name>.data:SmpTs</name>
         <load_address>0x20015252</load_address>
         <run_address>0x20015252</run_address>
         <size>0x8</size>
         <input_file_ref idref="fl-12"/>
      </object_component>
      <object_component id="oc-33d">
         <name>.data:AdcSmpFrq</name>
         <load_address>0x20015242</load_address>
         <run_address>0x20015242</run_address>
         <size>0x8</size>
         <input_file_ref idref="fl-12"/>
      </object_component>
      <object_component id="oc-376">
         <name>.data</name>
         <load_address>0x2001525e</load_address>
         <run_address>0x2001525e</run_address>
         <size>0x4</size>
         <input_file_ref idref="fl-15"/>
      </object_component>
      <object_component id="oc-2bc">
         <name>.data:OWwrite</name>
         <load_address>0x2001521e</load_address>
         <run_address>0x2001521e</run_address>
         <size>0xc</size>
         <input_file_ref idref="fl-15"/>
      </object_component>
      <object_component id="oc-1ed">
         <name>.data</name>
         <load_address>0x20015268</load_address>
         <run_address>0x20015268</run_address>
         <size>0x4</size>
         <input_file_ref idref="fl-19"/>
      </object_component>
      <object_component id="oc-6e1">
         <name>.data</name>
         <load_address>0x20015264</load_address>
         <run_address>0x20015264</run_address>
         <size>0x4</size>
         <input_file_ref idref="fl-f1"/>
      </object_component>
      <object_component id="oc-186">
         <name>.bss:pui8ControlTable</name>
         <uninitialized>true</uninitialized>
         <run_address>0x20013400</run_address>
         <size>0x400</size>
         <input_file_ref idref="fl-5"/>
      </object_component>
      <object_component id="oc-1ac">
         <name>.bss:ZajTmr$1</name>
         <uninitialized>true</uninitialized>
         <run_address>0x200147c8</run_address>
         <size>0xc</size>
         <input_file_ref idref="fl-5"/>
      </object_component>
      <object_component id="oc-243">
         <name>.common:byte_count_host</name>
         <uninitialized>true</uninitialized>
         <run_address>0x20014854</run_address>
         <size>0x2</size>
      </object_component>
      <object_component id="oc-254">
         <name>.common:byte_count_ment</name>
         <uninitialized>true</uninitialized>
         <run_address>0x20014856</run_address>
         <size>0x2</size>
      </object_component>
      <object_component id="oc-252">
         <name>.common:err_stat</name>
         <uninitialized>true</uninitialized>
         <run_address>0x20014872</run_address>
         <size>0x2</size>
      </object_component>
      <object_component id="oc-253">
         <name>.common:rx_end_host</name>
         <uninitialized>true</uninitialized>
         <run_address>0x200148a4</run_address>
         <size>0x2</size>
      </object_component>
      <object_component id="oc-269">
         <name>.common:rx_end_subhost</name>
         <uninitialized>true</uninitialized>
         <run_address>0x200148a8</run_address>
         <size>0x2</size>
      </object_component>
      <object_component id="oc-268">
         <name>.common:rx_end_ment</name>
         <uninitialized>true</uninitialized>
         <run_address>0x200148a6</run_address>
         <size>0x2</size>
      </object_component>
      <object_component id="oc-26a">
         <name>.common:ascii_in</name>
         <uninitialized>true</uninitialized>
         <run_address>0x200147d4</run_address>
         <size>0x8</size>
      </object_component>
      <object_component id="oc-26b">
         <name>.common:ascii_out</name>
         <uninitialized>true</uninitialized>
         <run_address>0x200147dc</run_address>
         <size>0x8</size>
      </object_component>
      <object_component id="oc-1a0">
         <name>.common:main_count</name>
         <uninitialized>true</uninitialized>
         <run_address>0x20014888</run_address>
         <size>0x2</size>
      </object_component>
      <object_component id="oc-e6">
         <name>.common:com_type</name>
         <uninitialized>true</uninitialized>
         <run_address>0x2001485c</run_address>
         <size>0x2</size>
      </object_component>
      <object_component id="oc-174">
         <name>.common:g_ui32SysClock</name>
         <uninitialized>true</uninitialized>
         <run_address>0x20014840</run_address>
         <size>0x4</size>
      </object_component>
      <object_component id="oc-699">
         <name>.common:fow_wave_data</name>
         <uninitialized>true</uninitialized>
         <run_address>0x20013800</run_address>
         <size>0x258</size>
      </object_component>
[...]
         <object_component_ref idref="oc-2bf"/>
      </symbol>
      <symbol id="sm-20af">
         <name>__aeabi_cdcmpeq</name>
         <value>0x2dc0d</value>
         <object_component_ref idref="oc-198"/>
      </symbol>
      <symbol id="sm-20b0">
         <name>__aeabi_cdcmple</name>
         <value>0x2dc0d</value>
         <object_component_ref idref="oc-198"/>
      </symbol>
      <symbol id="sm-20b1">
         <name>__aeabi_cdrcmple</name>
         <value>0x2dc93</value>
         <object_component_ref idref="oc-3a1"/>
      </symbol>
      <symbol id="sm-20c5">
         <name>__aeabi_ddiv</name>
         <value>0x2d251</value>
         <object_component_ref idref="oc-327"/>
      </symbol>
      <symbol id="sm-20d0">
         <name>__aeabi_dmul</name>
         <value>0x2d92d</value>
         <object_component_ref idref="oc-1be"/>
      </symbol>
      <symbol id="sm-20da">
         <name>__aeabi_d2iz</name>
         <value>0x2e4ad</value>
         <object_component_ref idref="oc-1c3"/>
      </symbol>
      <symbol id="sm-20e5">
         <name>__aeabi_d2lz</name>
         <value>0x2de17</value>
         <object_component_ref idref="oc-694"/>
      </symbol>
      <symbol id="sm-20f1">
         <name>__aeabi_d2f</name>
         <value>0x2def5</value>
         <object_component_ref idref="oc-181"/>
      </symbol>
      <symbol id="sm-20fc">
         <name>__aeabi_f2d</name>
         <value>0x2e70f</value>
         <object_component_ref idref="oc-193"/>
      </symbol>
      <symbol id="sm-2106">
         <name>__aeabi_i2d</name>
         <value>0x2e81d</value>
         <object_component_ref idref="oc-322"/>
      </symbol>
      <symbol id="sm-210f">
         <name>__aeabi_lmul</name>
         <value>0x2eaf1</value>
         <object_component_ref idref="oc-2f8"/>
      </symbol>
      <symbol id="sm-211a">
         <name>__aeabi_l2f</name>
         <value>0x2e4f5</value>
         <object_component_ref idref="oc-35b"/>
      </symbol>
      <symbol id="sm-2135">
         <name>memcpy</name>
         <value>0x2dadb</value>
         <object_component_ref idref="oc-51"/>
      </symbol>
      <symbol id="sm-2136">
         <name>__aeabi_memcpy</name>
         <value>0x2dadb</value>
         <object_component_ref idref="oc-51"/>
      </symbol>
      <symbol id="sm-2137">
         <name>__aeabi_memcpy8</name>
         <value>0x2dadb</value>
         <object_component_ref idref="oc-51"/>
      </symbol>
      <symbol id="sm-2138">
         <name>__aeabi_memcpy4</name>
         <value>0x2dadb</value>
         <object_component_ref idref="oc-51"/>
      </symbol>
      <symbol id="sm-214a">
         <name>__TI_zero_init</name>
         <value>0x2eced</value>
         <object_component_ref idref="oc-63"/>
      </symbol>
      <symbol id="sm-2161">
         <name>__TI_decompress_none</name>
         <value>0x2ecad</value>
         <object_component_ref idref="oc-1d"/>
      </symbol>
      <symbol id="sm-2184">
         <name>__TI_decompress_lzss</name>
         <value>0x2e109</value>
         <object_component_ref idref="oc-17"/>
      </symbol>
      <symbol id="sm-2191">
         <name>atof</name>
         <value>0x2ec21</value>
         <object_component_ref idref="oc-17b"/>
      </symbol>
      <symbol id="sm-21a7">
         <name>atoi</name>
         <value>0x2e389</value>
         <object_component_ref idref="oc-4c2"/>
      </symbol>
      <symbol id="sm-21b2">
         <name>_ctypes_</name>
         <value>0x2fe3c</value>
         <object_component_ref idref="oc-627"/>
      </symbol>
      <symbol id="sm-21c2">
         <name>memcmp</name>
         <value>0x2e969</value>
         <object_component_ref idref="oc-368"/>
      </symbol>
      <symbol id="sm-21d2">
         <name>strcat</name>
         <value>0x2ea35</value>
         <object_component_ref idref="oc-4e4"/>
      </symbol>
      <symbol id="sm-21e0">
         <name>strlen</name>
         <value>0x2eb8d</value>
         <object_component_ref idref="oc-3a6"/>
      </symbol>
      <symbol id="sm-21f1">
         <name>strncat</name>
         <value>0x2e84b</value>
         <object_component_ref idref="oc-4bc"/>
      </symbol>
      <symbol id="sm-2251">
         <name>strtold</name>
         <value>0x2b9c1</value>
         <object_component_ref idref="oc-454"/>
      </symbol>
      <symbol id="sm-2252">
         <name>strtod</name>
         <value>0x2b9c1</value>
         <object_component_ref idref="oc-454"/>
      </symbol>
      <symbol id="sm-2268">
         <name>__aeabi_errno_addr</name>
         <value>0x2ed5d</value>
         <object_component_ref idref="oc-61b"/>
      </symbol>
      <symbol id="sm-2269">
         <name>errno</name>
         <value>0x20015264</value>
         <object_component_ref idref="oc-6e1"/>
      </symbol>
      <symbol id="sm-227c">
         <name>__stack</name>
         <value>0x20015270</value>
         <object_component_ref idref="oc-28"/>
      </symbol>
      <symbol id="sm-227d">
         <name>_c_int00_noargs</name>
         <value>0x2e7e9</value>
         <object_component_ref idref="oc-6f"/>
      </symbol>
      <symbol id="sm-23e2">
         <name>__TI_printfi</name>
         <value>0x2994d</value>
         <object_component_ref idref="oc-47b"/>
      </symbol>
      <symbol id="sm-2493">
         <name>__TI_scanfi</name>
         <value>0x2838d</value>
         <object_component_ref idref="oc-675"/>
      </symbol>
      <symbol id="sm-24b3">
         <name>frexpl</name>
         <value>0x2e171</value>
         <object_component_ref idref="oc-71c"/>
      </symbol>
      <symbol id="sm-24b4">
         <name>frexp</name>
         <value>0x2e171</value>
         <object_component_ref idref="oc-71c"/>
      </symbol>
      <symbol id="sm-24d1">
         <name>scalbn</name>
         <value>0x2d70d</value>
         <object_component_ref idref="oc-621"/>
      </symbol>
      <symbol id="sm-24d2">
         <name>scalbnl</name>
         <value>0x2d70d</value>
         <object_component_ref idref="oc-621"/>
      </symbol>
      <symbol id="sm-24d3">
         <name>ldexpl</name>
         <value>0x2d70d</value>
         <object_component_ref idref="oc-621"/>
      </symbol>
      <symbol id="sm-24d4">
         <name>ldexp</name>
         <value>0x2d70d</value>
         <object_component_ref idref="oc-621"/>
      </symbol>
      <symbol id="sm-24de">
         <name>copysign</name>
         <value>0x2ea8d</value>
         <object_component_ref idref="oc-6e6"/>
      </symbol>
      <symbol id="sm-24df">
         <name>copysignl</name>
         <value>0x2ea8d</value>
         <object_component_ref idref="oc-6e6"/>
      </symbol>
      <symbol id="sm-24e9">
         <name>__aeabi_idiv0</name>
         <value>0x2a39b</value>
         <object_component_ref idref="oc-46b"/>
      </symbol>
      <symbol id="sm-24ea">
         <name>__aeabi_ldiv0</name>
         <value>0x2a39b</value>
         <object_component_ref idref="oc-46b"/>
      </symbol>
      <symbol id="sm-2512">
         <name>__TI_auto_init_nobinit_nopinit</name>
         <value>0x2e615</value>
         <object_component_ref idref="oc-50d"/>
      </symbol>
      <symbol id="sm-251c">
         <name>_system_pre_init</name>
         <value>0x2ed9f</value>
         <object_component_ref idref="oc-28f"/>
      </symbol>
      <symbol id="sm-2528">
         <name>C$$EXIT</name>
         <value>0x2eda3</value>
         <object_component_ref idref="oc-501"/>
      </symbol>
      <symbol id="sm-2529">
         <name>abort</name>
         <value>0x2eda3</value>
         <object_component_ref idref="oc-501"/>
      </symbol>
      <symbol id="sm-2539">
         <name>__TI_ltoa</name>
         <value>0x2e2e1</value>
         <object_component_ref idref="oc-6fb"/>
      </symbol>
      <symbol id="sm-254a">
         <name>memccpy</name>
         <value>0x2ea71</value>
         <object_component_ref idref="oc-652"/>
      </symbol>
      <symbol id="sm-255a">
         <name>strchr</name>
         <value>0x2eb39</value>
         <object_component_ref idref="oc-722"/>
      </symbol>
      <symbol id="sm-2568">
         <name>strcpy</name>
         <value>0x2eb79</value>
         <object_component_ref idref="oc-747"/>
      </symbol>
      <symbol id="sm-2577">
         <name>strrchr</name>
         <value>0x2eb09</value>
         <object_component_ref idref="oc-765"/>
      </symbol>
      <symbol id="sm-259b">
         <name>strtol</name>
         <value>0x2d4b9</value>
         <object_component_ref idref="oc-759"/>
      </symbol>
      <symbol id="sm-25c1">
         <name>strtoll</name>
         <value>0x2c8e5</value>
         <object_component_ref idref="oc-75f"/>
      </symbol>
      <symbol id="sm-25e1">
         <name>strtoul</name>
         <value>0x2d81d</value>
         <object_component_ref idref="oc-753"/>
      </symbol>
      <symbol id="sm-2604">
         <name>strtoull</name>
         <value>0x2cfb9</value>
         <object_component_ref idref="oc-74d"/>
      </symbol>
      <symbol id="sm-261d">
         <name>wcslen</name>
         <value>0x2ec33</value>
         <object_component_ref idref="oc-658"/>
      </symbol>
      <symbol id="sm-265a">
         <name>EPIDividerCSSet</name>
         <value>0x2e6d7</value>
         <object_component_ref idref="oc-120"/>
      </symbol>
      <symbol id="sm-265b">
         <name>EPIModeSet</name>
         <value>0x2ed8f</value>
         <object_component_ref idref="oc-108"/>
      </symbol>
      <symbol id="sm-265c">
         <name>EPIDividerSet</name>
         <value>0x2ed8b</value>
         <object_component_ref idref="oc-11a"/>
      </symbol>
      <symbol id="sm-265d">
         <name>EPIConfigHB16Set</name>
         <value>0x2e9b1</value>
         <object_component_ref idref="oc-114"/>
      </symbol>
      <symbol id="sm-265e">
         <name>EPIAddressMapSet</name>
         <value>0x145c5</value>
         <object_component_ref idref="oc-10e"/>
      </symbol>
      <symbol id="sm-265f">
         <name>EPIConfigHB16CSSet</name>
         <value>0x2ea55</value>
         <object_component_ref idref="oc-126"/>
      </symbol>
      <symbol id="sm-26d9">
         <name>GPIOPinConfigure</name>
         <value>0x2e3d5</value>
         <object_component_ref idref="oc-416"/>
      </symbol>
      <symbol id="sm-26da">
         <name>GPIOPinTypeUSBAnalog</name>
         <value>0x2ebeb</value>
         <object_component_ref idref="oc-428"/>
      </symbol>
      <symbol id="sm-26db">
         <name>GPIOIntEnable</name>
         <value>0x2ecc7</value>
         <object_component_ref idref="oc-14a"/>
      </symbol>
      <symbol id="sm-26dc">
         <name>GPIOIntTypeSet</name>
         <value>0x2e235</value>
         <object_component_ref idref="oc-144"/>
      </symbol>
      <symbol id="sm-26dd">
         <name>GPIOPinTypeGPIOInput</name>
         <value>0x2ebc7</value>
         <object_component_ref idref="oc-8a"/>
      </symbol>
      <symbol id="sm-26de">
         <name>GPIOIntClear</name>
         <value>0x2ed6d</value>
         <object_component_ref idref="oc-1e7"/>
      </symbol>
      <symbol id="sm-26df">
         <name>GPIOPinTypeUART</name>
         <value>0x2ebd9</value>
         <object_component_ref idref="oc-422"/>
      </symbol>
      <symbol id="sm-26e0">
         <name>GPIOPinTypeGPIOOutput</name>
         <value>0x2eaa7</value>
         <object_component_ref idref="oc-16e"/>
      </symbol>
      <symbol id="sm-26e1">
         <name>GPIOPinRead</name>
         <value>0x2ed73</value>
         <object_component_ref idref="oc-32c"/>
      </symbol>
      <symbol id="sm-26e2">
         <name>GPIODirModeSet</name>
         <value>0x2e8a5</value>
         <object_component_ref idref="oc-2c8"/>
      </symbol>
      <symbol id="sm-26e3">
         <name>GPIOPinWrite</name>
         <value>0x2ed79</value>
         <object_component_ref idref="oc-2f2"/>
      </symbol>
      <symbol id="sm-26e4">
         <name>GPIOPadConfigSet</name>
         <value>0x2d387</value>
         <object_component_ref idref="oc-2ce"/>
      </symbol>
      <symbol id="sm-26e5">
         <name>GPIOPinTypeEPI</name>
         <value>0x2ebb5</value>
         <object_component_ref idref="oc-41c"/>
      </symbol>
      <symbol id="sm-2749">
         <name>IntPendClear</name>
         <value>0x2e41d</value>
         <object_component_ref idref="oc-335"/>
      </symbol>
      <symbol id="sm-274a">
         <name>IntPrioritySet</name>
         <value>0x2e921</value>
         <object_component_ref idref="oc-13e"/>
      </symbol>
      <symbol id="sm-274b">
         <name>IntEnable</name>
         <value>0x2e039</value>
         <object_component_ref idref="oc-cd"/>
      </symbol>
      <symbol id="sm-274c">
         <name>IntDisable</name>
         <value>0x2dfd1</value>
         <object_component_ref idref="oc-2ad"/>
      </symbol>
      <symbol id="sm-274d">
         <name>IntMasterEnable</name>
         <value>0x2ec45</value>
         <object_component_ref idref="oc-f5"/>
      </symbol>
      <symbol id="sm-27da">
         <name>SysCtlResetCauseGet</name>
         <value>0x2ecd5</value>
         <object_component_ref idref="oc-2a1"/>
      </symbol>
      <symbol id="sm-27db">
         <name>SysCtlPeripheralEnable</name>
         <value>0x2e781</value>
         <object_component_ref idref="oc-ef"/>
      </symbol>
      <symbol id="sm-27dc">
         <name>SysCtlPeripheralSleepEnable</name>
         <value>0x2e7b5</value>
         <object_component_ref idref="oc-150"/>
      </symbol>
      <symbol id="sm-27dd">
         <name>SysCtlResetCauseClear</name>
         <value>0x2eb51</value>
         <object_component_ref idref="oc-2a7"/>
      </symbol>
      <symbol id="sm-27de">
         <name>SysCtlClockFreqSet</name>
         <value>0x2c6e5</value>
         <object_component_ref idref="oc-e9"/>
      </symbol>
      <symbol id="sm-281c">
         <name>TimerLoadSet</name>
         <value>0x2ebfd</value>
         <object_component_ref idref="oc-132"/>
      </symbol>
      <symbol id="sm-281d">
         <name>TimerDisable</name>
         <value>0x2eac1</value>
         <object_component_ref idref="oc-25b"/>
      </symbol>
      <symbol id="sm-281e">
         <name>TimerEnable</name>
         <value>0x2ec75</value>
         <object_component_ref idref="oc-d3"/>
      </symbol>
      <symbol id="sm-281f">
         <name>TimerIntEnable</name>
         <value>0x2ed43</value>
         <object_component_ref idref="oc-138"/>
      </symbol>
      <symbol id="sm-2820">
         <name>TimerConfigure</name>
         <value>0x2e1d5</value>
         <object_component_ref idref="oc-12c"/>
      </symbol>
      <symbol id="sm-2821">
         <name>TimerIntClear</name>
         <value>0x2ed93</value>
         <object_component_ref idref="oc-1e1"/>
      </symbol>
      <symbol id="sm-288a">
         <name>UARTDMAEnable</name>
         <value>0x2ed4b</value>
         <object_component_ref idref="oc-204"/>
      </symbol>
      <symbol id="sm-288b">
         <name>UARTTxIntModeSet</name>
         <value>0x2ece1</value>
         <object_component_ref idref="oc-1f8"/>
      </symbol>
      <symbol id="sm-288c">
         <name>UARTConfigSetExpClk</name>
         <value>0x2e5cd</value>
         <object_component_ref idref="oc-1f2"/>
      </symbol>
      <symbol id="sm-288d">
         <name>UARTDisable</name>
         <value>0x2e9f5</value>
         <object_component_ref idref="oc-4a0"/>
      </symbol>
      <symbol id="sm-288e">
         <name>UARTFIFOLevelGet</name>
         <value>0x2ec55</value>
         <object_component_ref idref="oc-216"/>
      </symbol>
      <symbol id="sm-288f">
         <name>UARTIntEnable</name>
         <value>0x2ed53</value>
         <object_component_ref idref="oc-222"/>
      </symbol>
      <symbol id="sm-2890">
         <name>UARTCharsAvail</name>
         <value>0x2ec91</value>
         <object_component_ref idref="oc-234"/>
      </symbol>
      <symbol id="sm-2891">
         <name>UARTCharGetNonBlocking</name>
         <value>0x2ec83</value>
         <object_component_ref idref="oc-23a"/>
      </symbol>
      <symbol id="sm-2892">
         <name>UARTEnable</name>
         <value>0x2eb65</value>
         <object_component_ref idref="oc-1fe"/>
      </symbol>
      <symbol id="sm-2893">
         <name>UARTIntClear</name>
         <value>0x2ed97</value>
         <object_component_ref idref="oc-22e"/>
      </symbol>
      <symbol id="sm-2894">
         <name>UARTIntStatus</name>
         <value>0x2ed11</value>
         <object_component_ref idref="oc-228"/>
      </symbol>
      <symbol id="sm-2895">
         <name>UARTFIFOLevelSet</name>
         <value>0x2ed7f</value>
         <object_component_ref idref="oc-21c"/>
      </symbol>
      <symbol id="sm-2911">
         <name>uDMAChannelControlSet</name>
         <value>0x2e98d</value>
         <object_component_ref idref="oc-168"/>
      </symbol>
      <symbol id="sm-2912">
         <name>uDMAChannelModeGet</name>
         <value>0x2e8f9</value>
         <object_component_ref idref="oc-2e3"/>
      </symbol>
      <symbol id="sm-2913">
         <name>uDMAChannelAttributeEnable</name>
         <value>0x2e585</value>
         <object_component_ref idref="oc-210"/>
      </symbol>
      <symbol id="sm-2914">
         <name>uDMAChannelTransferSet</name>
         <value>0x2dd19</value>
         <object_component_ref idref="oc-246"/>
      </symbol>
      <symbol id="sm-2915">
         <name>uDMAChannelAssign</name>
         <value>0x2e879</value>
         <object_component_ref idref="oc-20a"/>
      </symbol>
      <symbol id="sm-2916">
         <name>uDMAEnable</name>
         <value>0x2ec65</value>
         <object_component_ref idref="oc-156"/>
      </symbol>
      <symbol id="sm-2917">
         <name>uDMAControlBaseSet</name>
         <value>0x2ed05</value>
         <object_component_ref idref="oc-15c"/>
      </symbol>
      <symbol id="sm-2918">
         <name>uDMAChannelAttributeDisable</name>
         <value>0x2e53d</value>
         <object_component_ref idref="oc-162"/>
      </symbol>
      <symbol id="sm-2919">
         <name>uDMAChannelEnable</name>
         <value>0x2eb21</value>
         <object_component_ref idref="oc-24c"/>
      </symbol>
      <symbol id="sm-291a">
         <name>uDMAChannelRequest</name>
         <value>0x2eba1</value>
         <object_component_ref idref="oc-2dd"/>
      </symbol>
      <symbol id="sm-294f">
         <name>WatchdogIntClear</name>
         <value>0x2ed85</value>
         <object_component_ref idref="oc-1d2"/>
      </symbol>
      <symbol id="sm-2950">
         <name>WatchdogStallEnable</name>
         <value>0x2ec9f</value>
         <object_component_ref idref="oc-b5"/>
      </symbol>
      <symbol id="sm-2951">
         <name>WatchdogResetDisable</name>
         <value>0x2ed25</value>
         <object_component_ref idref="oc-c1"/>
      </symbol>
      <symbol id="sm-2952">
         <name>WatchdogReloadSet</name>
         <value>0x2ed9b</value>
         <object_component_ref idref="oc-1cc"/>
      </symbol>
      <symbol id="sm-2953">
         <name>WatchdogResetEnable</name>
         <value>0x2ed2f</value>
         <object_component_ref idref="oc-bb"/>
      </symbol>
      <symbol id="sm-2954">
         <name>WatchdogIntEnable</name>
         <value>0x2ed1b</value>
         <object_component_ref idref="oc-c7"/>
      </symbol>
      <symbol id="sm-295e">
         <name>CPUcpsie</name>
         <value>0x2ecbb</value>
         <object_component_ref idref="oc-40f"/>
      </symbol>
      <symbol id="sm-295f">
         <name>__TI_static_base__</name>
         <value>0x0</value>
      </symbol>
      <symbol id="sm-2962">
         <name>__mpu_init</name>
         <value>0x0</value>
      </symbol>
      <symbol id="sm-2963">
         <name>_system_post_cinit</name>
         <value>0x0</value>
      </symbol>
   </symbol_table>
   <title>Link successful</title>
</link_info>
