<?xml version="1.0" encoding="ISO-8859-1" ?>
<link_info>
   <banner>TI ARM Linker PC v20.2.4.LTS</banner>
   <copyright>Copyright (c) 1996-2018 Texas Instruments Incorporated</copyright>
   <link_time>0x6448cd22</link_time>
   <link_errors>0x0</link_errors>
   <output_file>SFC9000.out</output_file>
   <entry_point>
      <name>_c_int00_noargs</name>
      <address>0x24e7d</address>
   </entry_point>
   <input_file_list>
      <input_file id="fl-2">
         <path>.\</path>
         <kind>object</kind>
         <file>pinout.obj</file>
         <name>pinout.obj</name>
      </input_file>
      <input_file id="fl-3">
         <path>.\</path>
         <kind>object</kind>
         <file>tm4c1290nczad_startup_ccs.obj</file>
         <name>tm4c1290nczad_startup_ccs.obj</name>
      </input_file>
      <input_file id="fl-4">
         <path>.\MAIN\</path>
         <kind>object</kind>
         <file>COM.obj</file>
         <name>COM.obj</name>
      </input_file>
      <input_file id="fl-5">
         <path>.\MAIN\</path>
         <kind>object</kind>
         <file>MAIN.obj</file>
         <name>MAIN.obj</name>
      </input_file>
      <input_file id="fl-6">
         <path>.\MAIN\</path>
         <kind>object</kind>
         <file>MES.obj</file>
         <name>MES.obj</name>
      </input_file>
      <input_file id="fl-7">
         <path>.\MAIN\</path>
         <kind>object</kind>
         <file>SV_def.obj</file>
         <name>SV_def.obj</name>
      </input_file>
      <input_file id="fl-8">
         <path>.\MAIN\</path>
         <kind>object</kind>
         <file>ctlioport.obj</file>
         <name>ctlioport.obj</name>
      </input_file>
      <input_file id="fl-9">
         <path>.\MAIN\</path>
         <kind>object</kind>
         <file>cunet.obj</file>
         <name>cunet.obj</name>
      </input_file>
      <input_file id="fl-a">
         <path>.\MAIN\</path>
         <kind>object</kind>
         <file>defLED.obj</file>
         <name>defLED.obj</name>
      </input_file>
      <input_file id="fl-b">
         <path>.\MAIN\</path>
         <kind>object</kind>
         <file>defLOG.obj</file>
         <name>defLOG.obj</name>
      </input_file>
      <input_file id="fl-c">
         <path>.\MAIN\</path>
         <kind>object</kind>
         <file>defMAIN.obj</file>
         <name>defMAIN.obj</name>
      </input_file>
      <input_file id="fl-d">
         <path>.\MAIN\</path>
         <kind>object</kind>
         <file>defMES.obj</file>
         <name>defMES.obj</name>
      </input_file>
      <input_file id="fl-e">
         <path>.\MAIN\</path>
         <kind>object</kind>
         <file>defSAVE.obj</file>
         <name>defSAVE.obj</name>
      </input_file>
      <input_file id="fl-f">
         <path>.\MAIN\</path>
         <kind>object</kind>
         <file>disp.obj</file>
         <name>disp.obj</name>
      </input_file>
      <input_file id="fl-10">
         <path>.\MAIN\</path>
         <kind>object</kind>
         <file>download.obj</file>
         <name>download.obj</name>
      </input_file>
      <input_file id="fl-11">
         <path>.\MAIN\</path>
         <kind>object</kind>
         <file>eeprom_spi.obj</file>
         <name>eeprom_spi.obj</name>
      </input_file>
      <input_file id="fl-12">
         <path>.\MAIN\</path>
         <kind>object</kind>
         <file>int_flow.obj</file>
         <name>int_flow.obj</name>
      </input_file>
      <input_file id="fl-13">
         <path>.\MAIN\</path>
         <kind>object</kind>
         <file>int_prg.obj</file>
         <name>int_prg.obj</name>
      </input_file>
      <input_file id="fl-14">
         <path>.\MAIN\</path>
         <kind>object</kind>
         <file>log.obj</file>
         <name>log.obj</name>
      </input_file>
      <input_file id="fl-15">
         <path>.\MAIN\</path>
         <kind>object</kind>
         <file>onewire.obj</file>
         <name>onewire.obj</name>
      </input_file>
      <input_file id="fl-16">
         <path>.\MAIN\</path>
         <kind>object</kind>
         <file>protocol.obj</file>
         <name>protocol.obj</name>
      </input_file>
      <input_file id="fl-17">
         <path>.\MAIN\</path>
         <kind>object</kind>
         <file>resetprg.obj</file>
         <name>resetprg.obj</name>
      </input_file>
      <input_file id="fl-18">
         <path>.\MAIN\</path>
         <kind>object</kind>
         <file>sbrk.obj</file>
         <name>sbrk.obj</name>
      </input_file>
      <input_file id="fl-19">
         <path>.\MAIN\</path>
         <kind>object</kind>
         <file>util.obj</file>
         <name>util.obj</name>
      </input_file>
      <input_file id="fl-1a">
         <path>.\MAIN\</path>
         <kind>object</kind>
         <file>vecttbl.obj</file>
         <name>vecttbl.obj</name>
      </input_file>
      <input_file id="fl-1f">
         <kind>object</kind>
         <file>&lt;internal&gt;</file>
         <name>&lt;internal&gt;</name>
      </input_file>
      <input_file id="fl-d5">
         <path>C:\ti\ccs1031\ccs\tools\compiler\ti-cgt-arm_20.2.4.LTS\lib\</path>
         <kind>archive</kind>
         <file>rtsv7M4_T_le_v4SPD16_eabi.lib</file>
         <name>ll_div_t2.asm.obj</name>
      </input_file>
      <input_file id="fl-d6">
         <path>C:\ti\ccs1031\ccs\tools\compiler\ti-cgt-arm_20.2.4.LTS\lib\</path>
         <kind>archive</kind>
         <file>rtsv7M4_T_le_v4SPD16_eabi.lib</file>
         <name>ull_div_t2.asm.obj</name>
      </input_file>
      <input_file id="fl-d7">
         <path>C:\ti\ccs1031\ccs\tools\compiler\ti-cgt-arm_20.2.4.LTS\lib\</path>
         <kind>archive</kind>
         <file>rtsv7M4_T_le_v4SPD16_eabi.lib</file>
         <name>memset_t2.asm.obj</name>
      </input_file>
      <input_file id="fl-d8">
         <path>C:\ti\ccs1031\ccs\tools\compiler\ti-cgt-arm_20.2.4.LTS\lib\</path>
         <kind>archive</kind>
         <file>rtsv7M4_T_le_v4SPD16_eabi.lib</file>
         <name>fd_add_t2.asm.obj</name>
      </input_file>
      <input_file id="fl-d9">
         <path>C:\ti\ccs1031\ccs\tools\compiler\ti-cgt-arm_20.2.4.LTS\lib\</path>
         <kind>archive</kind>
         <file>rtsv7M4_T_le_v4SPD16_eabi.lib</file>
         <name>fd_cmp_t2.asm.obj</name>
      </input_file>
      <input_file id="fl-da">
         <path>C:\ti\ccs1031\ccs\tools\compiler\ti-cgt-arm_20.2.4.LTS\lib\</path>
         <kind>archive</kind>
         <file>rtsv7M4_T_le_v4SPD16_eabi.lib</file>
         <name>fd_div_t2.asm.obj</name>
      </input_file>
      <input_file id="fl-db">
         <path>C:\ti\ccs1031\ccs\tools\compiler\ti-cgt-arm_20.2.4.LTS\lib\</path>
         <kind>archive</kind>
         <file>rtsv7M4_T_le_v4SPD16_eabi.lib</file>
         <name>fd_mul_t2.asm.obj</name>
      </input_file>
      <input_file id="fl-dc">
         <path>C:\ti\ccs1031\ccs\tools\compiler\ti-cgt-arm_20.2.4.LTS\lib\</path>
         <kind>archive</kind>
         <file>rtsv7M4_T_le_v4SPD16_eabi.lib</file>
         <name>fd_toi_t2.asm.obj</name>
      </input_file>
      <input_file id="fl-dd">
         <path>C:\ti\ccs1031\ccs\tools\compiler\ti-cgt-arm_20.2.4.LTS\lib\</path>
         <kind>archive</kind>
         <file>rtsv7M4_T_le_v4SPD16_eabi.lib</file>
         <name>fd_tos_t2.asm.obj</name>
      </input_file>
      <input_file id="fl-de">
         <path>C:\ti\ccs1031\ccs\tools\compiler\ti-cgt-arm_20.2.4.LTS\lib\</path>
         <kind>archive</kind>
         <file>rtsv7M4_T_le_v4SPD16_eabi.lib</file>
         <name>fs_tod_t2.asm.obj</name>
      </input_file>
      <input_file id="fl-df">
         <path>C:\ti\ccs1031\ccs\tools\compiler\ti-cgt-arm_20.2.4.LTS\lib\</path>
         <kind>archive</kind>
         <file>rtsv7M4_T_le_v4SPD16_eabi.lib</file>
         <name>i_tofd_t2.asm.obj</name>
      </input_file>
      <input_file id="fl-e0">
         <path>C:\ti\ccs1031\ccs\tools\compiler\ti-cgt-arm_20.2.4.LTS\lib\</path>
         <kind>archive</kind>
         <file>rtsv7M4_T_le_v4SPD16_eabi.lib</file>
         <name>ll_mul_t2.asm.obj</name>
      </input_file>
      <input_file id="fl-e1">
         <path>C:\ti\ccs1031\ccs\tools\compiler\ti-cgt-arm_20.2.4.LTS\lib\</path>
         <kind>archive</kind>
         <file>rtsv7M4_T_le_v4SPD16_eabi.lib</file>
         <name>memcpy_t2.asm.obj</name>
      </input_file>
      <input_file id="fl-e2">
         <path>C:\ti\ccs1031\ccs\tools\compiler\ti-cgt-arm_20.2.4.LTS\lib\</path>
         <kind>archive</kind>
         <file>rtsv7M4_T_le_v4SPD16_eabi.lib</file>
         <name>copy_zero_init.c.obj</name>
      </input_file>
      <input_file id="fl-e3">
         <path>C:\ti\ccs1031\ccs\tools\compiler\ti-cgt-arm_20.2.4.LTS\lib\</path>
         <kind>archive</kind>
         <file>rtsv7M4_T_le_v4SPD16_eabi.lib</file>
         <name>copy_decompress_none.c.obj</name>
      </input_file>
      <input_file id="fl-e4">
         <path>C:\ti\ccs1031\ccs\tools\compiler\ti-cgt-arm_20.2.4.LTS\lib\</path>
         <kind>archive</kind>
         <file>rtsv7M4_T_le_v4SPD16_eabi.lib</file>
         <name>copy_decompress_lzss.c.obj</name>
      </input_file>
      <input_file id="fl-e5">
         <path>C:\ti\ccs1031\ccs\tools\compiler\ti-cgt-arm_20.2.4.LTS\lib\</path>
         <kind>archive</kind>
         <file>rtsv7M4_T_le_v4SPD16_eabi.lib</file>
         <name>atoi.c.obj</name>
      </input_file>
      <input_file id="fl-e6">
         <path>C:\ti\ccs1031\ccs\tools\compiler\ti-cgt-arm_20.2.4.LTS\lib\</path>
         <kind>archive</kind>
         <file>rtsv7M4_T_le_v4SPD16_eabi.lib</file>
         <name>ctype.c.obj</name>
      </input_file>
      <input_file id="fl-e7">
         <path>C:\ti\ccs1031\ccs\tools\compiler\ti-cgt-arm_20.2.4.LTS\lib\</path>
         <kind>archive</kind>
         <file>rtsv7M4_T_le_v4SPD16_eabi.lib</file>
         <name>memcmp.c.obj</name>
      </input_file>
      <input_file id="fl-e8">
         <path>C:\ti\ccs1031\ccs\tools\compiler\ti-cgt-arm_20.2.4.LTS\lib\</path>
         <kind>archive</kind>
         <file>rtsv7M4_T_le_v4SPD16_eabi.lib</file>
         <name>strcat.c.obj</name>
      </input_file>
      <input_file id="fl-e9">
         <path>C:\ti\ccs1031\ccs\tools\compiler\ti-cgt-arm_20.2.4.LTS\lib\</path>
         <kind>archive</kind>
         <file>rtsv7M4_T_le_v4SPD16_eabi.lib</file>
         <name>strlen.c.obj</name>
      </input_file>
      <input_file id="fl-ea">
         <path>C:\ti\ccs1031\ccs\tools\compiler\ti-cgt-arm_20.2.4.LTS\lib\</path>
         <kind>archive</kind>
         <file>rtsv7M4_T_le_v4SPD16_eabi.lib</file>
         <name>strncat.c.obj</name>
      </input_file>
      <input_file id="fl-eb">
         <path>C:\ti\ccs1031\ccs\tools\compiler\ti-cgt-arm_20.2.4.LTS\lib\</path>
         <kind>archive</kind>
         <file>rtsv7M4_T_le_v4SPD16_eabi.lib</file>
         <name>boot_cortex_m.c.obj</name>
      </input_file>
      <input_file id="fl-ec">
         <path>C:\ti\ccs1031\ccs\tools\compiler\ti-cgt-arm_20.2.4.LTS\lib\</path>
         <kind>archive</kind>
         <file>rtsv7M4_T_le_v4SPD16_eabi.lib</file>
         <name>div0.asm.obj</name>
      </input_file>
      <input_file id="fl-ed">
         <path>C:\ti\ccs1031\ccs\tools\compiler\ti-cgt-arm_20.2.4.LTS\lib\</path>
         <kind>archive</kind>
         <file>rtsv7M4_T_le_v4SPD16_eabi.lib</file>
         <name>autoinit.c.obj</name>
      </input_file>
      <input_file id="fl-ee">
         <path>C:\ti\ccs1031\ccs\tools\compiler\ti-cgt-arm_20.2.4.LTS\lib\</path>
         <kind>archive</kind>
         <file>rtsv7M4_T_le_v4SPD16_eabi.lib</file>
         <name>pre_init.c.obj</name>
      </input_file>
      <input_file id="fl-ef">
         <path>C:\ti\ccs1031\ccs\tools\compiler\ti-cgt-arm_20.2.4.LTS\lib\</path>
         <kind>archive</kind>
         <file>rtsv7M4_T_le_v4SPD16_eabi.lib</file>
         <name>cpy_tbl.c.obj</name>
      </input_file>
      <input_file id="fl-f0">
         <path>C:\ti\ccs1031\ccs\tools\compiler\ti-cgt-arm_20.2.4.LTS\lib\</path>
         <kind>archive</kind>
         <file>rtsv7M4_T_le_v4SPD16_eabi.lib</file>
         <name>exit.c.obj</name>
      </input_file>
      <input_file id="fl-f1">
         <path>C:\ti\ccs1031\ccs\tools\compiler\ti-cgt-arm_20.2.4.LTS\lib\</path>
         <kind>archive</kind>
         <file>rtsv7M4_T_le_v4SPD16_eabi.lib</file>
         <name>_lock.c.obj</name>
      </input_file>
      <input_file id="fl-f2">
         <path>C:\ti\ccs1031\ccs\tools\compiler\ti-cgt-arm_20.2.4.LTS\lib\</path>
         <kind>archive</kind>
         <file>rtsv7M4_T_le_v4SPD16_eabi.lib</file>
         <name>args_main.c.obj</name>
      </input_file>
      <input_file id="fl-f3">
         <path>C:\ti\tivaware_c_series_2_1_4_178\driverlib\ccs\Debug\</path>
         <kind>archive</kind>
         <file>driverlib.lib</file>
         <name>epi.obj</name>
      </input_file>
      <input_file id="fl-f4">
         <path>C:\ti\tivaware_c_series_2_1_4_178\driverlib\ccs\Debug\</path>
         <kind>archive</kind>
         <file>driverlib.lib</file>
         <name>gpio.obj</name>
      </input_file>
      <input_file id="fl-f5">
         <path>C:\ti\tivaware_c_series_2_1_4_178\driverlib\ccs\Debug\</path>
         <kind>archive</kind>
         <file>driverlib.lib</file>
         <name>interrupt.obj</name>
      </input_file>
      <input_file id="fl-f6">
         <path>C:\ti\tivaware_c_series_2_1_4_178\driverlib\ccs\Debug\</path>
         <kind>archive</kind>
         <file>driverlib.lib</file>
         <name>sysctl.obj</name>
      </input_file>
      <input_file id="fl-f7">
         <path>C:\ti\tivaware_c_series_2_1_4_178\driverlib\ccs\Debug\</path>
         <kind>archive</kind>
         <file>driverlib.lib</file>
         <name>timer.obj</name>
      </input_file>
      <input_file id="fl-f8">
         <path>C:\ti\tivaware_c_series_2_1_4_178\driverlib\ccs\Debug\</path>
         <kind>archive</kind>
         <file>driverlib.lib</file>
         <name>uart.obj</name>
      </input_file>
      <input_file id="fl-f9">
         <path>C:\ti\tivaware_c_series_2_1_4_178\driverlib\ccs\Debug\</path>
         <kind>archive</kind>
         <file>driverlib.lib</file>
         <name>udma.obj</name>
      </input_file>
      <input_file id="fl-fa">
         <path>C:\ti\tivaware_c_series_2_1_4_178\driverlib\ccs\Debug\</path>
         <kind>archive</kind>
         <file>driverlib.lib</file>
         <name>watchdog.obj</name>
      </input_file>
      <input_file id="fl-fb">
         <path>C:\ti\tivaware_c_series_2_1_4_178\driverlib\ccs\Debug\</path>
         <kind>archive</kind>
         <file>driverlib.lib</file>
         <name>cpu.obj</name>
      </input_file>
   </input_file_list>
   <object_component_list>
      <object_component id="oc-13">
         <name>.intvecs</name>
         <load_address>0x0</load_address>
         <run_address>0x0</run_address>
         <size>0x208</size>
         <input_file_ref idref="fl-3"/>
      </object_component>
      <object_component id="oc-2fe">
         <name>RAM_PRG</name>
         <load_address>0x208</load_address>
         <run_address>0x208</run_address>
         <size>0x1498</size>
         <input_file_ref idref="fl-10"/>
      </object_component>
      <object_component id="oc-50b">
         <name>RAM_PRG:__bit_output_dl</name>
         <load_address>0x16a0</load_address>
         <run_address>0x16a0</run_address>
         <size>0x2a</size>
         <input_file_ref idref="fl-10"/>
      </object_component>
      <object_component id="oc-515">
         <name>RAM_PRG:min_dl</name>
         <load_address>0x16ca</load_address>
         <run_address>0x16ca</run_address>
         <size>0x1a</size>
         <input_file_ref idref="fl-10"/>
      </object_component>
      <object_component id="oc-478">
         <name>.text</name>
         <load_address>0x16e4</load_address>
         <run_address>0x16e4</run_address>
         <size>0x10774</size>
         <input_file_ref idref="fl-6"/>
      </object_component>
      <object_component id="oc-90">
         <name>.text</name>
         <load_address>0x11e58</load_address>
         <run_address>0x11e58</run_address>
         <size>0x3a30</size>
         <input_file_ref idref="fl-19"/>
      </object_component>
      <object_component id="oc-216">
         <name>.text</name>
         <load_address>0x15888</load_address>
         <run_address>0x15888</run_address>
         <size>0x37e4</size>
         <input_file_ref idref="fl-16"/>
      </object_component>
      <object_component id="oc-42">
         <name>.text</name>
         <load_address>0x1906c</load_address>
         <run_address>0x1906c</run_address>
         <size>0x334c</size>
         <input_file_ref idref="fl-12"/>
      </object_component>
      <object_component id="oc-96">
         <name>.text</name>
         <load_address>0x1c3b8</load_address>
         <run_address>0x1c3b8</run_address>
         <size>0x2554</size>
         <input_file_ref idref="fl-9"/>
      </object_component>
      <object_component id="oc-30">
         <name>.text</name>
         <load_address>0x1e90c</load_address>
         <run_address>0x1e90c</run_address>
         <size>0x1f58</size>
         <input_file_ref idref="fl-5"/>
      </object_component>
      <object_component id="oc-9c">
         <name>.text</name>
         <load_address>0x20864</load_address>
         <run_address>0x20864</run_address>
         <size>0xd5c</size>
         <input_file_ref idref="fl-15"/>
      </object_component>
      <object_component id="oc-a2">
         <name>.text</name>
         <load_address>0x215c0</load_address>
         <run_address>0x215c0</run_address>
         <size>0xacc</size>
         <input_file_ref idref="fl-14"/>
      </object_component>
      <object_component id="oc-3c">
         <name>.text</name>
         <load_address>0x2208c</load_address>
         <run_address>0x2208c</run_address>
         <size>0x8a4</size>
         <input_file_ref idref="fl-4"/>
      </object_component>
      <object_component id="oc-f1">
         <name>.text</name>
         <load_address>0x22930</load_address>
         <run_address>0x22930</run_address>
         <size>0x6ac</size>
         <input_file_ref idref="fl-2"/>
      </object_component>
      <object_component id="oc-165">
         <name>.text</name>
         <load_address>0x22fdc</load_address>
         <run_address>0x22fdc</run_address>
         <size>0x68c</size>
         <input_file_ref idref="fl-11"/>
      </object_component>
      <object_component id="oc-a8">
         <name>.text</name>
         <load_address>0x23668</load_address>
         <run_address>0x23668</run_address>
         <size>0x540</size>
         <input_file_ref idref="fl-f"/>
      </object_component>
      <object_component id="oc-df">
         <name>.text:SysCtlClockFreqSet</name>
         <load_address>0x23ba8</load_address>
         <run_address>0x23ba8</run_address>
         <size>0x200</size>
         <input_file_ref idref="fl-f6"/>
      </object_component>
      <object_component id="oc-29c">
         <name>.text</name>
         <load_address>0x23da8</load_address>
         <run_address>0x23da8</run_address>
         <size>0x1b6</size>
         <input_file_ref idref="fl-d8"/>
      </object_component>
      <object_component id="oc-5a0">
         <name>.text</name>
         <load_address>0x23f5e</load_address>
         <run_address>0x23f5e</run_address>
         <size>0x2</size>
         <input_file_ref idref="fl-ec"/>
      </object_component>
      <object_component id="oc-36">
         <name>.text</name>
         <load_address>0x23f60</load_address>
         <run_address>0x23f60</run_address>
         <size>0x17c</size>
         <input_file_ref idref="fl-13"/>
      </object_component>
      <object_component id="oc-259">
         <name>.text</name>
         <load_address>0x240dc</load_address>
         <run_address>0x240dc</run_address>
         <size>0x158</size>
         <input_file_ref idref="fl-8"/>
      </object_component>
      <object_component id="oc-26d">
         <name>.text</name>
         <load_address>0x24234</load_address>
         <run_address>0x24234</run_address>
         <size>0x136</size>
         <input_file_ref idref="fl-da"/>
      </object_component>
      <object_component id="oc-3da">
         <name>.text:GPIOPadConfigSet</name>
         <load_address>0x2436a</load_address>
         <run_address>0x2436a</run_address>
         <size>0x132</size>
         <input_file_ref idref="fl-f4"/>
      </object_component>
      <object_component id="oc-2a1">
         <name>.text</name>
         <load_address>0x2449c</load_address>
         <run_address>0x2449c</run_address>
         <size>0xfc</size>
         <input_file_ref idref="fl-db"/>
      </object_component>
      <object_component id="oc-56">
         <name>.text</name>
         <load_address>0x24598</load_address>
         <run_address>0x24598</run_address>
         <size>0x9c</size>
         <input_file_ref idref="fl-e1"/>
      </object_component>
      <object_component id="oc-457">
         <name>.text</name>
         <load_address>0x24634</load_address>
         <run_address>0x24634</run_address>
         <size>0x96</size>
         <input_file_ref idref="fl-d6"/>
      </object_component>
      <object_component id="oc-328">
         <name>.text:__aeabi_cdrcmple</name>
         <load_address>0x246ca</load_address>
         <run_address>0x246ca</run_address>
         <size>0x86</size>
         <input_file_ref idref="fl-d9"/>
      </object_component>
      <object_component id="oc-207">
         <name>.text:uDMAChannelTransferSet</name>
         <load_address>0x24750</load_address>
         <run_address>0x24750</run_address>
         <size>0x84</size>
         <input_file_ref idref="fl-f9"/>
      </object_component>
      <object_component id="oc-2bd">
         <name>.text</name>
         <load_address>0x247d4</load_address>
         <run_address>0x247d4</run_address>
         <size>0x7a</size>
         <input_file_ref idref="fl-d7"/>
      </object_component>
      <object_component id="oc-2a6">
         <name>.text</name>
         <load_address>0x2484e</load_address>
         <run_address>0x2484e</run_address>
         <size>0x6e</size>
         <input_file_ref idref="fl-dd"/>
      </object_component>
      <object_component id="oc-452">
         <name>.text</name>
         <load_address>0x248bc</load_address>
         <run_address>0x248bc</run_address>
         <size>0x6e</size>
         <input_file_ref idref="fl-d5"/>
      </object_component>
      <object_component id="oc-2b6">
         <name>.text:IntDisable</name>
         <load_address>0x2492c</load_address>
         <run_address>0x2492c</run_address>
         <size>0x68</size>
         <input_file_ref idref="fl-f5"/>
      </object_component>
      <object_component id="oc-c6">
         <name>.text:IntEnable</name>
         <load_address>0x24994</load_address>
         <run_address>0x24994</run_address>
         <size>0x68</size>
         <input_file_ref idref="fl-f5"/>
      </object_component>
      <object_component id="oc-16">
         <name>.text:decompress:lzss:__TI_decompress_lzss</name>
         <load_address>0x249fc</load_address>
         <run_address>0x249fc</run_address>
         <size>0x68</size>
         <input_file_ref idref="fl-e4"/>
      </object_component>
      <object_component id="oc-11c">
         <name>.text:TimerConfigure</name>
         <load_address>0x24a64</load_address>
         <run_address>0x24a64</run_address>
         <size>0x60</size>
         <input_file_ref idref="fl-f7"/>
      </object_component>
      <object_component id="oc-134">
         <name>.text:GPIOIntTypeSet</name>
         <load_address>0x24ac4</load_address>
         <run_address>0x24ac4</run_address>
         <size>0x56</size>
         <input_file_ref idref="fl-f4"/>
      </object_component>
      <object_component id="oc-462">
         <name>.text:atoi</name>
         <load_address>0x24b1c</load_address>
         <run_address>0x24b1c</run_address>
         <size>0x4c</size>
         <input_file_ref idref="fl-e5"/>
      </object_component>
      <object_component id="oc-3ce">
         <name>.text:GPIOPinConfigure</name>
         <load_address>0x24b68</load_address>
         <run_address>0x24b68</run_address>
         <size>0x48</size>
         <input_file_ref idref="fl-f4"/>
      </object_component>
      <object_component id="oc-25f">
         <name>.text:IntPendClear</name>
         <load_address>0x24bb0</load_address>
         <run_address>0x24bb0</run_address>
         <size>0x48</size>
         <input_file_ref idref="fl-f5"/>
      </object_component>
      <object_component id="oc-3b5">
         <name>.text:_SysCtlFrequencyGet</name>
         <load_address>0x24bf8</load_address>
         <run_address>0x24bf8</run_address>
         <size>0x48</size>
         <input_file_ref idref="fl-f6"/>
      </object_component>
      <object_component id="oc-272">
         <name>.text</name>
         <load_address>0x24c40</load_address>
         <run_address>0x24c40</run_address>
         <size>0x48</size>
         <input_file_ref idref="fl-dc"/>
      </object_component>
      <object_component id="oc-152">
         <name>.text:uDMAChannelAttributeDisable</name>
         <load_address>0x24c88</load_address>
         <run_address>0x24c88</run_address>
         <size>0x48</size>
         <input_file_ref idref="fl-f9"/>
      </object_component>
      <object_component id="oc-1d1">
         <name>.text:uDMAChannelAttributeEnable</name>
         <load_address>0x24cd0</load_address>
         <run_address>0x24cd0</run_address>
         <size>0x48</size>
         <input_file_ref idref="fl-f9"/>
      </object_component>
      <object_component id="oc-1b3">
         <name>.text:UARTConfigSetExpClk</name>
         <load_address>0x24d18</load_address>
         <run_address>0x24d18</run_address>
         <size>0x46</size>
         <input_file_ref idref="fl-f8"/>
      </object_component>
      <object_component id="oc-4ce">
         <name>.text:__TI_auto_init_nobinit_nopinit:__TI_auto_init_nobinit_nopinit</name>
         <load_address>0x24d60</load_address>
         <run_address>0x24d60</run_address>
         <size>0x44</size>
         <input_file_ref idref="fl-ed"/>
      </object_component>
      <object_component id="oc-110">
         <name>.text:EPIDividerCSSet</name>
         <load_address>0x24da4</load_address>
         <run_address>0x24da4</run_address>
         <size>0x38</size>
         <input_file_ref idref="fl-f3"/>
      </object_component>
      <object_component id="oc-268">
         <name>.text</name>
         <load_address>0x24ddc</load_address>
         <run_address>0x24ddc</run_address>
         <size>0x38</size>
         <input_file_ref idref="fl-de"/>
      </object_component>
      <object_component id="oc-e5">
         <name>.text:SysCtlPeripheralEnable</name>
         <load_address>0x24e14</load_address>
         <run_address>0x24e14</run_address>
         <size>0x34</size>
         <input_file_ref idref="fl-f6"/>
      </object_component>
      <object_component id="oc-140">
         <name>.text:SysCtlPeripheralSleepEnable</name>
         <load_address>0x24e48</load_address>
         <run_address>0x24e48</run_address>
         <size>0x34</size>
         <input_file_ref idref="fl-f6"/>
      </object_component>
      <object_component id="oc-74">
         <name>.text:_c_int00_noargs:_c_int00_noargs</name>
         <load_address>0x24e7c</load_address>
         <run_address>0x24e7c</run_address>
         <size>0x34</size>
         <input_file_ref idref="fl-eb"/>
      </object_component>
      <object_component id="oc-323">
         <name>.text</name>
         <load_address>0x24eb0</load_address>
         <run_address>0x24eb0</run_address>
         <size>0x2e</size>
         <input_file_ref idref="fl-df"/>
      </object_component>
      <object_component id="oc-45c">
         <name>.text:strncat</name>
         <load_address>0x24ede</load_address>
         <run_address>0x24ede</run_address>
         <size>0x2e</size>
         <input_file_ref idref="fl-ea"/>
      </object_component>
      <object_component id="oc-1cb">
         <name>.text:uDMAChannelAssign</name>
         <load_address>0x24f0c</load_address>
         <run_address>0x24f0c</run_address>
         <size>0x2c</size>
         <input_file_ref idref="fl-f9"/>
      </object_component>
      <object_component id="oc-403">
         <name>.text:GPIODirModeSet</name>
         <load_address>0x24f38</load_address>
         <run_address>0x24f38</run_address>
         <size>0x2a</size>
         <input_file_ref idref="fl-f4"/>
      </object_component>
      <object_component id="oc-f7">
         <name>.text:__bit_output</name>
         <load_address>0x24f62</load_address>
         <run_address>0x24f62</run_address>
         <size>0x2a</size>
         <input_file_ref idref="fl-4"/>
      </object_component>
      <object_component id="oc-27d">
         <name>.text:uDMAChannelModeGet</name>
         <load_address>0x24f8c</load_address>
         <run_address>0x24f8c</run_address>
         <size>0x28</size>
         <input_file_ref idref="fl-f9"/>
      </object_component>
      <object_component id="oc-12e">
         <name>.text:IntPrioritySet</name>
         <load_address>0x24fb4</load_address>
         <run_address>0x24fb4</run_address>
         <size>0x24</size>
         <input_file_ref idref="fl-f5"/>
      </object_component>
      <object_component id="oc-340">
         <name>.text:__bit_input</name>
         <load_address>0x24fd8</load_address>
         <run_address>0x24fd8</run_address>
         <size>0x24</size>
         <input_file_ref idref="fl-4"/>
      </object_component>
      <object_component id="oc-351">
         <name>.text:memcmp</name>
         <load_address>0x24ffc</load_address>
         <run_address>0x24ffc</run_address>
         <size>0x24</size>
         <input_file_ref idref="fl-e7"/>
      </object_component>
      <object_component id="oc-158">
         <name>.text:uDMAChannelControlSet</name>
         <load_address>0x25020</load_address>
         <run_address>0x25020</run_address>
         <size>0x24</size>
         <input_file_ref idref="fl-f9"/>
      </object_component>
      <object_component id="oc-10a">
         <name>.text:EPIConfigHB16Set</name>
         <load_address>0x25044</load_address>
         <run_address>0x25044</run_address>
         <size>0x22</size>
         <input_file_ref idref="fl-f3"/>
      </object_component>
      <object_component id="oc-222">
         <name>.text:calc_cnt</name>
         <load_address>0x25066</load_address>
         <run_address>0x25066</run_address>
         <size>0x22</size>
         <input_file_ref idref="fl-4"/>
      </object_component>
      <object_component id="oc-436">
         <name>.text:UARTDisable</name>
         <load_address>0x25088</load_address>
         <run_address>0x25088</run_address>
         <size>0x20</size>
         <input_file_ref idref="fl-f8"/>
      </object_component>
      <object_component id="oc-3af">
         <name>.text:_SysCtlMemTimingGet</name>
         <load_address>0x250a8</load_address>
         <run_address>0x250a8</run_address>
         <size>0x20</size>
         <input_file_ref idref="fl-f6"/>
      </object_component>
      <object_component id="oc-47e">
         <name>.text:strcat</name>
         <load_address>0x250c8</load_address>
         <run_address>0x250c8</run_address>
         <size>0x1e</size>
         <input_file_ref idref="fl-e8"/>
      </object_component>
      <object_component id="oc-116">
         <name>.text:EPIConfigHB16CSSet</name>
         <load_address>0x250e8</load_address>
         <run_address>0x250e8</run_address>
         <size>0x1c</size>
         <input_file_ref idref="fl-f3"/>
      </object_component>
      <object_component id="oc-15e">
         <name>.text:GPIOPinTypeGPIOOutput</name>
         <load_address>0x25104</load_address>
         <run_address>0x25104</run_address>
         <size>0x18</size>
         <input_file_ref idref="fl-f4"/>
      </object_component>
      <object_component id="oc-21c">
         <name>.text:TimerDisable</name>
         <load_address>0x2511c</load_address>
         <run_address>0x2511c</run_address>
         <size>0x18</size>
         <input_file_ref idref="fl-f7"/>
      </object_component>
      <object_component id="oc-2b1">
         <name>.text</name>
         <load_address>0x25134</load_address>
         <run_address>0x25134</run_address>
         <size>0x18</size>
         <input_file_ref idref="fl-e0"/>
      </object_component>
      <object_component id="oc-20d">
         <name>.text:uDMAChannelEnable</name>
         <load_address>0x2514c</load_address>
         <run_address>0x2514c</run_address>
         <size>0x18</size>
         <input_file_ref idref="fl-f9"/>
      </object_component>
      <object_component id="oc-2f8">
         <name>.text:SysCtlResetCauseClear</name>
         <load_address>0x25164</load_address>
         <run_address>0x25164</run_address>
         <size>0x14</size>
         <input_file_ref idref="fl-f6"/>
      </object_component>
      <object_component id="oc-1bf">
         <name>.text:UARTEnable</name>
         <load_address>0x25178</load_address>
         <run_address>0x25178</run_address>
         <size>0x14</size>
         <input_file_ref idref="fl-f8"/>
      </object_component>
      <object_component id="oc-32d">
         <name>.text:strlen</name>
         <load_address>0x2518c</load_address>
         <run_address>0x2518c</run_address>
         <size>0x14</size>
         <input_file_ref idref="fl-e9"/>
      </object_component>
      <object_component id="oc-277">
         <name>.text:uDMAChannelRequest</name>
         <load_address>0x251a0</load_address>
         <run_address>0x251a0</run_address>
         <size>0x14</size>
         <input_file_ref idref="fl-f9"/>
      </object_component>
      <object_component id="oc-3d4">
         <name>.text:GPIOPinTypeEPI</name>
         <load_address>0x251b4</load_address>
         <run_address>0x251b4</run_address>
         <size>0x12</size>
         <input_file_ref idref="fl-f4"/>
      </object_component>
      <object_component id="oc-347">
         <name>.text:GPIOPinTypeGPIOInput</name>
         <load_address>0x251c6</load_address>
         <run_address>0x251c6</run_address>
         <size>0x12</size>
         <input_file_ref idref="fl-f4"/>
      </object_component>
      <object_component id="oc-3e0">
         <name>.text:GPIOPinTypeUART</name>
         <load_address>0x251d8</load_address>
         <run_address>0x251d8</run_address>
         <size>0x12</size>
         <input_file_ref idref="fl-f4"/>
      </object_component>
      <object_component id="oc-3e6">
         <name>.text:GPIOPinTypeUSBAnalog</name>
         <load_address>0x251ea</load_address>
         <run_address>0x251ea</run_address>
         <size>0x12</size>
         <input_file_ref idref="fl-f4"/>
      </object_component>
      <object_component id="oc-122">
         <name>.text:TimerLoadSet</name>
         <load_address>0x251fc</load_address>
         <run_address>0x251fc</run_address>
         <size>0x12</size>
         <input_file_ref idref="fl-f7"/>
      </object_component>
      <object_component id="oc-eb">
         <name>.text:IntMasterEnable</name>
         <load_address>0x2520e</load_address>
         <run_address>0x2520e</run_address>
         <size>0x10</size>
         <input_file_ref idref="fl-f5"/>
      </object_component>
      <object_component id="oc-1d7">
         <name>.text:UARTFIFOLevelGet</name>
         <load_address>0x2521e</load_address>
         <run_address>0x2521e</run_address>
         <size>0x10</size>
         <input_file_ref idref="fl-f8"/>
      </object_component>
      <object_component id="oc-146">
         <name>.text:uDMAEnable</name>
         <load_address>0x25230</load_address>
         <run_address>0x25230</run_address>
         <size>0x10</size>
         <input_file_ref idref="fl-f9"/>
      </object_component>
      <object_component id="oc-cc">
         <name>.text:TimerEnable</name>
         <load_address>0x25240</load_address>
         <run_address>0x25240</run_address>
         <size>0xe</size>
         <input_file_ref idref="fl-f7"/>
      </object_component>
      <object_component id="oc-1fb">
         <name>.text:UARTCharGetNonBlocking</name>
         <load_address>0x2524e</load_address>
         <run_address>0x2524e</run_address>
         <size>0xe</size>
         <input_file_ref idref="fl-f8"/>
      </object_component>
      <object_component id="oc-1f5">
         <name>.text:UARTCharsAvail</name>
         <load_address>0x2525c</load_address>
         <run_address>0x2525c</run_address>
         <size>0xe</size>
         <input_file_ref idref="fl-f8"/>
      </object_component>
      <object_component id="oc-ae">
         <name>.text:WatchdogStallEnable</name>
         <load_address>0x2526a</load_address>
         <run_address>0x2526a</run_address>
         <size>0xe</size>
         <input_file_ref idref="fl-fa"/>
      </object_component>
      <object_component id="oc-1c">
         <name>.text:decompress:none:__TI_decompress_none</name>
         <load_address>0x25278</load_address>
         <run_address>0x25278</run_address>
         <size>0xe</size>
         <input_file_ref idref="fl-e3"/>
      </object_component>
      <object_component id="oc-3c7">
         <name>.text:CPUcpsie</name>
         <load_address>0x25286</load_address>
         <run_address>0x25286</run_address>
         <size>0xc</size>
         <input_file_ref idref="fl-fb"/>
      </object_component>
      <object_component id="oc-13a">
         <name>.text:GPIOIntEnable</name>
         <load_address>0x25292</load_address>
         <run_address>0x25292</run_address>
         <size>0xc</size>
         <input_file_ref idref="fl-f4"/>
      </object_component>
      <object_component id="oc-2f2">
         <name>.text:SysCtlResetCauseGet</name>
         <load_address>0x252a0</load_address>
         <run_address>0x252a0</run_address>
         <size>0xc</size>
         <input_file_ref idref="fl-f6"/>
      </object_component>
      <object_component id="oc-1b9">
         <name>.text:UARTTxIntModeSet</name>
         <load_address>0x252ac</load_address>
         <run_address>0x252ac</run_address>
         <size>0xc</size>
         <input_file_ref idref="fl-f8"/>
      </object_component>
      <object_component id="oc-68">
         <name>.text:decompress:ZI:__TI_zero_init</name>
         <load_address>0x252b8</load_address>
         <run_address>0x252b8</run_address>
         <size>0xc</size>
         <input_file_ref idref="fl-e2"/>
      </object_component>
      <object_component id="oc-2a">
         <name>.text</name>
         <load_address>0x252c4</load_address>
         <run_address>0x252c4</run_address>
         <size>0xc</size>
         <input_file_ref idref="fl-3"/>
      </object_component>
      <object_component id="oc-14c">
         <name>.text:uDMAControlBaseSet</name>
         <load_address>0x252d0</load_address>
         <run_address>0x252d0</run_address>
         <size>0xc</size>
         <input_file_ref idref="fl-f9"/>
      </object_component>
      <object_component id="oc-1e9">
         <name>.text:UARTIntStatus</name>
         <load_address>0x252dc</load_address>
         <run_address>0x252dc</run_address>
         <size>0xa</size>
         <input_file_ref idref="fl-f8"/>
      </object_component>
      <object_component id="oc-c0">
         <name>.text:WatchdogIntEnable</name>
         <load_address>0x252e6</load_address>
         <run_address>0x252e6</run_address>
         <size>0xa</size>
         <input_file_ref idref="fl-fa"/>
      </object_component>
      <object_component id="oc-ba">
         <name>.text:WatchdogResetDisable</name>
         <load_address>0x252f0</load_address>
         <run_address>0x252f0</run_address>
         <size>0xa</size>
         <input_file_ref idref="fl-fa"/>
      </object_component>
      <object_component id="oc-b4">
         <name>.text:WatchdogResetEnable</name>
         <load_address>0x252fa</load_address>
         <run_address>0x252fa</run_address>
         <size>0xa</size>
         <input_file_ref idref="fl-fa"/>
      </object_component>
      <object_component id="oc-128">
         <name>.text:TimerIntEnable</name>
         <load_address>0x25304</load_address>
         <run_address>0x25304</run_address>
         <size>0x8</size>
         <input_file_ref idref="fl-f7"/>
      </object_component>
      <object_component id="oc-1c5">
         <name>.text:UARTDMAEnable</name>
         <load_address>0x2530c</load_address>
         <run_address>0x2530c</run_address>
         <size>0x8</size>
         <input_file_ref idref="fl-f8"/>
      </object_component>
      <object_component id="oc-1e3">
         <name>.text:UARTIntEnable</name>
         <load_address>0x25314</load_address>
         <run_address>0x25314</run_address>
         <size>0x8</size>
         <input_file_ref idref="fl-f8"/>
      </object_component>
      <object_component id="oc-1a8">
         <name>.text:GPIOIntClear</name>
         <load_address>0x2531c</load_address>
         <run_address>0x2531c</run_address>
         <size>0x6</size>
         <input_file_ref idref="fl-f4"/>
      </object_component>
      <object_component id="oc-243">
         <name>.text:GPIOPinRead</name>
         <load_address>0x25322</load_address>
         <run_address>0x25322</run_address>
         <size>0x6</size>
         <input_file_ref idref="fl-f4"/>
      </object_component>
      <object_component id="oc-239">
         <name>.text:GPIOPinWrite</name>
         <load_address>0x25328</load_address>
         <run_address>0x25328</run_address>
         <size>0x6</size>
         <input_file_ref idref="fl-f4"/>
      </object_component>
      <object_component id="oc-1dd">
         <name>.text:UARTFIFOLevelSet</name>
         <load_address>0x2532e</load_address>
         <run_address>0x2532e</run_address>
         <size>0x6</size>
         <input_file_ref idref="fl-f8"/>
      </object_component>
      <object_component id="oc-193">
         <name>.text:WatchdogIntClear</name>
         <load_address>0x25334</load_address>
         <run_address>0x25334</run_address>
         <size>0x6</size>
         <input_file_ref idref="fl-fa"/>
      </object_component>
      <object_component id="oc-104">
         <name>.text:EPIAddressMapSet</name>
         <load_address>0x2533a</load_address>
         <run_address>0x2533a</run_address>
         <size>0x4</size>
         <input_file_ref idref="fl-f3"/>
      </object_component>
      <object_component id="oc-fe">
         <name>.text:EPIModeSet</name>
         <load_address>0x2533e</load_address>
         <run_address>0x2533e</run_address>
         <size>0x4</size>
         <input_file_ref idref="fl-f3"/>
      </object_component>
      <object_component id="oc-1a2">
         <name>.text:TimerIntClear</name>
         <load_address>0x25342</load_address>
         <run_address>0x25342</run_address>
         <size>0x4</size>
         <input_file_ref idref="fl-f7"/>
      </object_component>
      <object_component id="oc-1ef">
         <name>.text:UARTIntClear</name>
         <load_address>0x25346</load_address>
         <run_address>0x25346</run_address>
         <size>0x4</size>
         <input_file_ref idref="fl-f8"/>
      </object_component>
      <object_component id="oc-18d">
         <name>.text:WatchdogReloadSet</name>
         <load_address>0x2534a</load_address>
         <run_address>0x2534a</run_address>
         <size>0x4</size>
         <input_file_ref idref="fl-fa"/>
      </object_component>
      <object_component id="oc-2e0">
         <name>.text:_system_pre_init</name>
         <load_address>0x2534e</load_address>
         <run_address>0x2534e</run_address>
         <size>0x4</size>
         <input_file_ref idref="fl-ee"/>
      </object_component>
      <object_component id="oc-4c2">
         <name>.text:abort:abort</name>
         <load_address>0x25352</load_address>
         <run_address>0x25352</run_address>
         <size>0x4</size>
         <input_file_ref idref="fl-f0"/>
      </object_component>
      <object_component id="oc-89">
         <name>.text:clrpsw_i</name>
         <load_address>0x25356</load_address>
         <run_address>0x25356</run_address>
         <size>0x4</size>
         <input_file_ref idref="fl-4"/>
      </object_component>
      <object_component id="oc-364">
         <name>.text:nop</name>
         <load_address>0x2535a</load_address>
         <run_address>0x2535a</run_address>
         <size>0x4</size>
         <input_file_ref idref="fl-4"/>
      </object_component>
      <object_component id="oc-d2">
         <name>.text:setpsw_i</name>
         <load_address>0x2535e</load_address>
         <run_address>0x2535e</run_address>
         <size>0x4</size>
         <input_file_ref idref="fl-4"/>
      </object_component>
      <object_component id="oc-252">
         <name>.const:AUTO_COEFF_10K</name>
         <load_address>0x25364</load_address>
         <run_address>0x25364</run_address>
         <size>0x23c</size>
         <input_file_ref idref="fl-12"/>
      </object_component>
      <object_component id="oc-24f">
         <name>.const:AUTO_COEFF_4AT</name>
         <load_address>0x255a0</load_address>
         <run_address>0x255a0</run_address>
         <size>0x23c</size>
         <input_file_ref idref="fl-12"/>
      </object_component>
      <object_component id="oc-249">
         <name>.const:AUTO_COEFF_4E</name>
         <load_address>0x257dc</load_address>
         <run_address>0x257dc</run_address>
         <size>0x23c</size>
         <input_file_ref idref="fl-12"/>
      </object_component>
      <object_component id="oc-24c">
         <name>.const:AUTO_COEFF_6AT</name>
         <load_address>0x25a18</load_address>
         <run_address>0x25a18</run_address>
         <size>0x23c</size>
         <input_file_ref idref="fl-12"/>
      </object_component>
      <object_component id="oc-255">
         <name>.const:AUTO_COEFF_6E</name>
         <load_address>0x25c54</load_address>
         <run_address>0x25c54</run_address>
         <size>0x23c</size>
         <input_file_ref idref="fl-12"/>
      </object_component>
      <object_component id="oc-3be">
         <name>.const:g_pppui32XTALtoVCO</name>
         <load_address>0x25e90</load_address>
         <run_address>0x25e90</run_address>
         <size>0x1b0</size>
         <input_file_ref idref="fl-f6"/>
      </object_component>
      <object_component id="oc-233">
         <name>.const:LL_TBL</name>
         <load_address>0x26040</load_address>
         <run_address>0x26040</run_address>
         <size>0x130</size>
         <input_file_ref idref="fl-12"/>
      </object_component>
      <object_component id="oc-5a9">
         <name>.const:.string:_ctypes_</name>
         <load_address>0x26170</load_address>
         <run_address>0x26170</run_address>
         <size>0x101</size>
         <input_file_ref idref="fl-e6"/>
      </object_component>
      <object_component id="oc-361">
         <name>.const:OWEepromData</name>
         <load_address>0x26274</load_address>
         <run_address>0x26274</run_address>
         <size>0xe4</size>
         <input_file_ref idref="fl-15"/>
      </object_component>
      <object_component id="oc-3f6">
         <name>.const:g_pui32Regs</name>
         <load_address>0x26358</load_address>
         <run_address>0x26358</run_address>
         <size>0x9c</size>
         <input_file_ref idref="fl-f5"/>
      </object_component>
      <object_component id="oc-575">
         <name>.const:g_pui32GPIOBaseAddrs</name>
         <load_address>0x263f4</load_address>
         <run_address>0x263f4</run_address>
         <size>0x90</size>
         <input_file_ref idref="fl-f4"/>
      </object_component>
      <object_component id="oc-23f">
         <name>.const:sens_inf</name>
         <load_address>0x26484</load_address>
         <run_address>0x26484</run_address>
         <size>0x8c</size>
         <input_file_ref idref="fl-12"/>
      </object_component>
      <object_component id="oc-38b">
         <name>.const</name>
         <load_address>0x26510</load_address>
         <run_address>0x26510</run_address>
         <size>0x70</size>
         <input_file_ref idref="fl-f5"/>
      </object_component>
      <object_component id="oc-3bb">
         <name>.const:g_pui32Xtals</name>
         <load_address>0x26580</load_address>
         <run_address>0x26580</run_address>
         <size>0x6c</size>
         <input_file_ref idref="fl-f6"/>
      </object_component>
      <object_component id="oc-2ab">
         <name>.const:flow_vel_tbl</name>
         <load_address>0x265ec</load_address>
         <run_address>0x265ec</run_address>
         <size>0x54</size>
         <input_file_ref idref="fl-12"/>
      </object_component>
      <object_component id="oc-562">
         <name>.const:g_sXTALtoMEMTIM</name>
         <load_address>0x26640</load_address>
         <run_address>0x26640</run_address>
         <size>0x30</size>
         <input_file_ref idref="fl-f6"/>
      </object_component>
      <object_component id="oc-283">
         <name>.const:AGC_control</name>
         <load_address>0x26670</load_address>
         <run_address>0x26670</run_address>
         <size>0xc</size>
         <input_file_ref idref="fl-12"/>
      </object_component>
      <object_component id="oc-236">
         <name>.const:abs_cont</name>
         <load_address>0x2667c</load_address>
         <run_address>0x2667c</run_address>
         <size>0xc</size>
         <input_file_ref idref="fl-12"/>
      </object_component>
      <object_component id="oc-3c1">
         <name>.const</name>
         <load_address>0x26688</load_address>
         <run_address>0x26688</run_address>
         <size>0x8</size>
         <input_file_ref idref="fl-f6"/>
      </object_component>
      <object_component id="oc-473">
         <name>.const:.string:$P$T0$1</name>
         <load_address>0x26690</load_address>
         <run_address>0x26690</run_address>
         <size>0x5</size>
         <input_file_ref idref="fl-16"/>
      </object_component>
      <object_component id="oc-65f">
         <name>.cinit..data.load</name>
         <load_address>0x26698</load_address>
         <run_address>0x26698</run_address>
         <size>0x17c</size>
      </object_component>
      <object_component id="oc-65d">
         <name>__TI_handler_table</name>
         <load_address>0x26814</load_address>
         <run_address>0x26814</run_address>
         <size>0xc</size>
      </object_component>
      <object_component id="oc-660">
         <name>.cinit..bss.load</name>
         <load_address>0x26820</load_address>
         <run_address>0x26820</run_address>
         <size>0x8</size>
      </object_component>
      <object_component id="oc-65e">
         <name>__TI_cinit_table</name>
         <load_address>0x26828</load_address>
         <run_address>0x26828</run_address>
         <size>0x10</size>
      </object_component>
      <object_component id="oc-201">
         <name>.data</name>
         <load_address>0x2000fae8</load_address>
         <run_address>0x2000fae8</run_address>
         <size>0x1a</size>
         <input_file_ref idref="fl-4"/>
      </object_component>
      <object_component id="oc-d9">
         <name>.data</name>
         <load_address>0x2000fa4c</load_address>
         <run_address>0x2000fa4c</run_address>
         <size>0x4</size>
         <input_file_ref idref="fl-5"/>
      </object_component>
      <object_component id="oc-5b0">
         <name>.data:comma</name>
         <load_address>0x2000fb4a</load_address>
         <run_address>0x2000fb4a</run_address>
         <size>0x5</size>
         <input_file_ref idref="fl-6"/>
      </object_component>
      <object_component id="oc-5b8">
         <name>.data</name>
         <load_address>0x2000fb58</load_address>
         <run_address>0x2000fb58</run_address>
         <size>0x2</size>
         <input_file_ref idref="fl-6"/>
      </object_component>
      <object_component id="oc-40d">
         <name>.data:SVD_default</name>
         <load_address>0x2000f1d0</load_address>
         <run_address>0x2000f1d0</run_address>
         <size>0x3c8</size>
         <input_file_ref idref="fl-7"/>
      </object_component>
      <object_component id="oc-314">
         <name>.data:recv_data0</name>
         <load_address>0x2000f598</load_address>
         <run_address>0x2000f598</run_address>
         <size>0x100</size>
         <input_file_ref idref="fl-9"/>
      </object_component>
      <object_component id="oc-317">
         <name>.data:recv_data1</name>
         <load_address>0x2000f698</load_address>
         <run_address>0x2000f698</run_address>
         <size>0x100</size>
         <input_file_ref idref="fl-9"/>
      </object_component>
      <object_component id="oc-31c">
         <name>.data:send_data</name>
         <load_address>0x2000f798</load_address>
         <run_address>0x2000f798</run_address>
         <size>0x100</size>
         <input_file_ref idref="fl-9"/>
      </object_component>
      <object_component id="oc-31f">
         <name>.data:send_data_sub</name>
         <load_address>0x2000f898</load_address>
         <run_address>0x2000f898</run_address>
         <size>0x100</size>
         <input_file_ref idref="fl-9"/>
      </object_component>
      <object_component id="oc-376">
         <name>.data:LOG_DETAIL_DEF</name>
         <load_address>0x2000fa50</load_address>
         <run_address>0x2000fa50</run_address>
         <size>0x98</size>
         <input_file_ref idref="fl-b"/>
      </object_component>
      <object_component id="oc-30a">
         <name>.data:err_inf</name>
         <load_address>0x2000f998</load_address>
         <run_address>0x2000f998</run_address>
         <size>0xb4</size>
         <input_file_ref idref="fl-c"/>
      </object_component>
      <object_component id="oc-37d">
         <name>.data</name>
         <load_address>0x2000fb5a</load_address>
         <run_address>0x2000fb5a</run_address>
         <size>0x2</size>
         <input_file_ref idref="fl-f"/>
      </object_component>
      <object_component id="oc-17c">
         <name>.data:CH_LED</name>
         <load_address>0x2000fb02</load_address>
         <run_address>0x2000fb02</run_address>
         <size>0xc</size>
         <input_file_ref idref="fl-f"/>
      </object_component>
      <object_component id="oc-505">
         <name>.data</name>
         <load_address>0x2000fb4f</load_address>
         <run_address>0x2000fb4f</run_address>
         <size>0x1</size>
         <input_file_ref idref="fl-10"/>
      </object_component>
      <object_component id="oc-410">
         <name>.data</name>
         <load_address>0x2000fb1a</load_address>
         <run_address>0x2000fb1a</run_address>
         <size>0xc</size>
         <input_file_ref idref="fl-11"/>
      </object_component>
      <object_component id="oc-265">
         <name>.data</name>
         <load_address>0x2000fb32</load_address>
         <run_address>0x2000fb32</run_address>
         <size>0xc</size>
         <input_file_ref idref="fl-12"/>
      </object_component>
      <object_component id="oc-299">
         <name>.data:get_cyc</name>
         <load_address>0x2000fb26</load_address>
         <run_address>0x2000fb26</run_address>
         <size>0xc</size>
         <input_file_ref idref="fl-12"/>
      </object_component>
      <object_component id="oc-36b">
         <name>.data</name>
         <load_address>0x2000fb50</load_address>
         <run_address>0x2000fb50</run_address>
         <size>0x4</size>
         <input_file_ref idref="fl-15"/>
      </object_component>
      <object_component id="oc-358">
         <name>.data:phase_owconnect</name>
         <load_address>0x2000fb3e</load_address>
         <run_address>0x2000fb3e</run_address>
         <size>0xc</size>
         <input_file_ref idref="fl-15"/>
      </object_component>
      <object_component id="oc-307">
         <name>.data:OWwrite</name>
         <load_address>0x2000fb0e</load_address>
         <run_address>0x2000fb0e</run_address>
         <size>0xc</size>
         <input_file_ref idref="fl-15"/>
      </object_component>
      <object_component id="oc-1ae">
         <name>.data</name>
         <load_address>0x2000fb54</load_address>
         <run_address>0x2000fb54</run_address>
         <size>0x4</size>
         <input_file_ref idref="fl-19"/>
      </object_component>
      <object_component id="oc-16b">
         <name>.bss:pui8ControlTable</name>
         <uninitialized>true</uninitialized>
         <run_address>0x2000dc00</run_address>
         <size>0x400</size>
         <input_file_ref idref="fl-5"/>
      </object_component>
      <object_component id="oc-204">
         <name>.common:byte_count_host</name>
         <uninitialized>true</uninitialized>
         <run_address>0x2000f164</run_address>
         <size>0x2</size>
      </object_component>
      <object_component id="oc-215">
         <name>.common:byte_count_ment</name>
         <uninitialized>true</uninitialized>
         <run_address>0x2000f166</run_address>
         <size>0x2</size>
      </object_component>
      <object_component id="oc-213">
         <name>.common:err_stat</name>
         <uninitialized>true</uninitialized>
         <run_address>0x2000f182</run_address>
         <size>0x2</size>
      </object_component>
      <object_component id="oc-214">
         <name>.common:rx_end_host</name>
         <uninitialized>true</uninitialized>
         <run_address>0x2000f1b4</run_address>
         <size>0x2</size>
      </object_component>
      <object_component id="oc-22a">
         <name>.common:rx_end_subhost</name>
         <uninitialized>true</uninitialized>
         <run_address>0x2000f1b8</run_address>
         <size>0x2</size>
      </object_component>
      <object_component id="oc-229">
         <name>.common:rx_end_ment</name>
         <uninitialized>true</uninitialized>
         <run_address>0x2000f1b6</run_address>
         <size>0x2</size>
      </object_component>
      <object_component id="oc-22b">
         <name>.common:ascii_in</name>
         <uninitialized>true</uninitialized>
         <run_address>0x2000f0b4</run_address>
         <size>0x8</size>
      </object_component>
      <object_component id="oc-22c">
         <name>.common:ascii_out</name>
         <uninitialized>true</uninitialized>
         <run_address>0x2000f0bc</run_address>
         <size>0x8</size>
      </object_component>
      <object_component id="oc-174">
         <name>.common:main_count</name>
         <uninitialized>true</uninitialized>
         <run_address>0x2000f198</run_address>
         <size>0x2</size>
      </object_component>
      <object_component id="oc-dc">
         <name>.common:com_type</name>
         <uninitialized>true</uninitialized>
         <run_address>0x2000f16c</run_address>
         <size>0x2</size>
      </object_component>
      <object_component id="oc-164">
         <name>.common:g_ui32SysClock</name>
         <uninitialized>true</uninitialized>
         <run_address>0x2000f134</run_address>
         <size>0x4</size>
      </object_component>
      <object_component id="oc-183">
         <name>.common:zc_zero_calc</name>
         <uninitialized>true</uninitialized>
         <run_address>0x2000f030</run_address>
         <size>0x18</size>
      </object_component>
      <object_component id="oc-187">
         <name>.common:zc_zero_offset</name>
         <uninitialized>true</uninitialized>
         <run_address>0x2000f048</run_address>
         <size>0x18</size>
      </object_component>
      <object_component id="oc-5b3">
         <name>.common:fow_wave_data</name>
         <uninitialized>true</uninitialized>
         <run_address>0x2000d9a8</run_address>
         <size>0x258</size>
      </object_component>
      <object_component id="oc-5b6">
         <name>.common:rev_wave_data</name>
         <uninitialized>true</uninitialized>
         <run_address>0x2000e2b8</run_address>
         <size>0x258</size>
      </object_component>
      <object_component id="oc-5b7">
         <name>.common:sum_abs_data</name>
         <uninitialized>true</uninitialized>
         <run_address>0x2000ef1c</run_address>
         <size>0x50</size>
      </object_component>
      <object_component id="oc-16e">
         <name>.common:SVD</name>
         <uninitialized>true</uninitialized>
         <run_address>0x2000a610</run_address>
         <size>0x16b0</size>
      </object_component>
      <object_component id="oc-30e">
         <name>.common:sa_flow</name>
         <uninitialized>true</uninitialized>
         <run_address>0x2000f1ba</run_address>
         <size>0x2</size>
      </object_component>
      <object_component id="oc-31a">
         <name>.common:recv_sa_host</name>
         <uninitialized>true</uninitialized>
         <run_address>0x2000f1a6</run_address>
         <size>0x2</size>
      </object_component>
      <object_component id="oc-31b">
         <name>.common:recv_sa_sub</name>
         <uninitialized>true</uninitialized>
         <run_address>0x2000f1a8</run_address>
         <size>0x2</size>
      </object_component>
      <object_component id="oc-333">
         <name>.common:buf_count</name>
         <uninitialized>true</uninitialized>
         <run_address>0x2000f15c</run_address>
         <size>0x2</size>
      </object_component>
      <object_component id="oc-335">
         <name>.common:buf_count_sub</name>
         <uninitialized>true</uninitialized>
         <run_address>0x2000f160</run_address>
         <size>0x2</size>
      </object_component>
      <object_component id="oc-313">
         <name>.common:com_start</name>
         <uninitialized>true</uninitialized>
         <run_address>0x2000f16a</run_address>
         <size>0x2</size>
      </object_component>
      <object_component id="oc-337">
         <name>.common:com_link</name>
         <uninitialized>true</uninitialized>
         <run_address>0x2000f168</run_address>
         <size>0x2</size>
      </object_component>
      <object_component id="oc-33d">
         <name>.common:len_err_host</name>
         <uninitialized>true</uninitialized>
         <run_address>0x2000f194</run_address>
         <size>0x2</size>
      </object_component>
      <object_component id="oc-33e">
         <name>.common:len_err_sub</name>
         <uninitialized>true</uninitialized>
         <run_address>0x2000f196</run_address>
         <size>0x2</size>
      </object_component>
      <object_component id="oc-334">
         <name>.common:format_err_host</name>
         <uninitialized>true</uninitialized>
         <run_address>0x2000f186</run_address>
         <size>0x2</size>
      </object_component>
      <object_component id="oc-336">
         <name>.common:format_err_sub</name>
         <uninitialized>true</uninitialized>
         <run_address>0x2000f188</run_address>
         <size>0x2</size>
      </object_component>
      <object_component id="oc-178">
         <name>.common:LED</name>
         <uninitialized>true</uninitialized>
         <run_address>0x2000ea3c</run_address>
         <size>0xa8</size>
      </object_component>
      <object_component id="oc-373">
         <name>.common:LOG_DETAIL</name>
         <uninitialized>true</uninitialized>
         <run_address>0x20004a70</run_address>
         <size>0x23a0</size>
      </object_component>
      <object_component id="oc-182">
         <name>.common:MAIN</name>
         <uninitialized>true</uninitialized>
         <run_address>0x2000e000</run_address>
         <size>0x2b8</size>
      </object_component>
      <object_component id="oc-17f">
         <name>.common:reset_factor</name>
         <uninitialized>true</uninitialized>
         <run_address>0x2000f1aa</run_address>
         <size>0x2</size>
      </object_component>
      <object_component id="oc-322">
         <name>.common:cunet_error</name>
         <uninitialized>true</uninitialized>
         <run_address>0x2000f16e</run_address>
         <size>0x2</size>
      </object_component>
      <object_component id="oc-312">
         <name>.common:send_err_status</name>
         <uninitialized>true</uninitialized>
         <run_address>0x2000f1bc</run_address>
         <size>0x2</size>
      </object_component>
      <object_component id="oc-338">
         <name>.common:cunet_mcare</name>
         <uninitialized>true</uninitialized>
         <run_address>0x2000f170</run_address>
         <size>0x2</size>
      </object_component>
      <object_component id="oc-33c">
         <name>.common:cunet_mfr1</name>
         <uninitialized>true</uninitialized>
         <run_address>0x2000f172</run_address>
         <size>0x2</size>
      </object_component>
      <object_component id="oc-33b">
         <name>.common:cunet_mfr2</name>
         <uninitialized>true</uninitialized>
         <run_address>0x2000f174</run_address>
         <size>0x2</size>
      </object_component>
      <object_component id="oc-33a">
         <name>.common:cunet_mfr3</name>
         <uninitialized>true</uninitialized>
         <run_address>0x2000f176</run_address>
         <size>0x2</size>
      </object_component>
      <object_component id="oc-339">
         <name>.common:cunet_mfr4</name>
         <uninitialized>true</uninitialized>
         <run_address>0x2000f178</run_address>
         <size>0x2</size>
      </object_component>
      <object_component id="oc-171">
         <name>.common:MES</name>
         <uninitialized>true</uninitialized>
         <run_address>0x20000000</run_address>
         <size>0x4a70</size>
      </object_component>
      <object_component id="oc-189">
         <name>.common:SAVE</name>
         <uninitialized>true</uninitialized>
         <run_address>0x2000e510</run_address>
         <size>0x21c</size>
      </object_component>
      <object_component id="oc-37b">
         <name>.common:sw_now</name>
         <uninitialized>true</uninitialized>
         <run_address>0x2000f1c2</run_address>
         <size>0x2</size>
      </object_component>
      <object_component id="oc-37a">
         <name>.common:sw_old</name>
         <uninitialized>true</uninitialized>
         <run_address>0x2000f1c4</run_address>
         <size>0x2</size>
      </object_component>
      <object_component id="oc-37c">
         <name>.common:sw_cont</name>
         <uninitialized>true</uninitialized>
         <run_address>0x2000f1be</run_address>
         <size>0x2</size>
      </object_component>
      <object_component id="oc-311">
         <name>.common:sw_cunet_num</name>
         <uninitialized>true</uninitialized>
         <run_address>0x2000f1c0</run_address>
         <size>0x2</size>
      </object_component>
      <object_component id="oc-17b">
         <name>.common:led_channel</name>
         <uninitialized>true</uninitialized>
         <run_address>0x2000f192</run_address>
         <size>0x2</size>
      </object_component>
      <object_component id="oc-18c">
         <name>.common:led_alarm</name>
         <uninitialized>true</uninitialized>
         <run_address>0x2000f190</run_address>
         <size>0x2</size>
      </object_component>
      <object_component id="oc-175">
         <name>.common:sw_now_zeroadj</name>
         <uninitialized>true</uninitialized>
         <run_address>0x2000f1ca</run_address>
         <size>0x1</size>
      </object_component>
      <object_component id="oc-188">
         <name>.common:sw_now_almreset</name>
         <uninitialized>true</uninitialized>
         <run_address>0x2000f124</run_address>
         <size>0x8</size>
      </object_component>
      <object_component id="oc-50a">
         <name>.common:RX_buf_dl</name>
         <uninitialized>true</uninitialized>
         <run_address>0x2000ee7c</run_address>
         <size>0x50</size>
      </object_component>
      <object_component id="oc-509">
         <name>.common:TX_buf_dl</name>
         <uninitialized>true</uninitialized>
         <run_address>0x2000eecc</run_address>
         <size>0x50</size>
      </object_component>
      <object_component id="oc-512">
         <name>.common:byte_count_dl</name>
         <uninitialized>true</uninitialized>
         <run_address>0x2000f162</run_address>
         <size>0x2</size>
      </object_component>
      <object_component id="oc-513">
         <name>.common:err_stat_dl</name>
         <uninitialized>true</uninitialized>
         <run_address>0x2000f184</run_address>
         <size>0x2</size>
      </object_component>
      <object_component id="oc-508">
         <name>.common:rx_end_dl</name>
         <uninitialized>true</uninitialized>
         <run_address>0x2000f1b2</run_address>
         <size>0x2</size>
      </object_component>
      <object_component id="oc-524">
         <name>.common:buf_count_dl</name>
         <uninitialized>true</uninitialized>
         <run_address>0x2000f15e</run_address>
         <size>0x2</size>
      </object_component>
      <object_component id="oc-523">
         <name>.common:recv_sa_dl</name>
         <uninitialized>true</uninitialized>
         <run_address>0x2000f1a4</run_address>
         <size>0x2</size>
      </object_component>
      <object_component id="oc-502">
         <name>.common:code_buffer</name>
         <uninitialized>true</uninitialized>
         <run_address>0x20006e10</run_address>
         <size>0x2000</size>
      </object_component>
      <object_component id="oc-514">
         <name>.common:s_data</name>
         <uninitialized>true</uninitialized>
         <run_address>0x2000e72c</run_address>
         <size>0x110</size>
      </object_component>
      <object_component id="oc-522">
         <name>.common:ROM_WR_BUFF</name>
         <uninitialized>true</uninitialized>
         <run_address>0x2000e83c</run_address>
         <size>0x100</size>
      </object_component>
      <object_component id="oc-51d">
         <name>.common:prev_block_id</name>
         <uninitialized>true</uninitialized>
         <run_address>0x2000f1a2</run_address>
         <size>0x2</size>
      </object_component>
      <object_component id="oc-51c">
         <name>.common:curr_block_id</name>
         <uninitialized>true</uninitialized>
         <run_address>0x2000f17a</run_address>
         <size>0x2</size>
      </object_component>
      <object_component id="oc-520">
         <name>.common:prev_addr_256</name>
         <uninitialized>true</uninitialized>
         <run_address>0x2000f138</run_address>
         <size>0x4</size>
      </object_component>
      <object_component id="oc-51e">
         <name>.common:curr_head_addr_256</name>
         <uninitialized>true</uninitialized>
         <run_address>0x2000f12c</run_address>
         <size>0x4</size>
      </object_component>
      <object_component id="oc-51f">
         <name>.common:curr_tail_addr_256</name>
         <uninitialized>true</uninitialized>
         <run_address>0x2000f130</run_address>
         <size>0x4</size>
      </object_component>
      <object_component id="oc-521">
         <name>.common:pending_size</name>
         <uninitialized>true</uninitialized>
         <run_address>0x2000f1a0</run_address>
         <size>0x2</size>
      </object_component>
      <object_component id="oc-413">
         <name>.common:eep_queue</name>
         <uninitialized>true</uninitialized>
         <run_address>0x20008e10</run_address>
         <size>0x1800</size>
      </object_component>
      <object_component id="oc-28a">
         <name>.common:rev_max_point</name>
         <uninitialized>true</uninitialized>
         <run_address>0x2000f1ae</run_address>
         <size>0x2</size>
      </object_component>
      <object_component id="oc-289">
         <name>.common:fow_max_point</name>
         <uninitialized>true</uninitialized>
         <run_address>0x2000f18c</run_address>
         <size>0x2</size>
      </object_component>
      <object_component id="oc-297">
         <name>.common:fow_max</name>
         <uninitialized>true</uninitialized>
         <run_address>0x2000f18a</run_address>
         <size>0x2</size>
      </object_component>
      <object_component id="oc-28e">
         <name>.common:fow_min</name>
         <uninitialized>true</uninitialized>
         <run_address>0x2000f18e</run_address>
         <size>0x2</size>
      </object_component>
      <object_component id="oc-298">
         <name>.common:rev_max</name>
         <uninitialized>true</uninitialized>
         <run_address>0x2000f1ac</run_address>
         <size>0x2</size>
      </object_component>
      <object_component id="oc-28f">
         <name>.common:rev_min</name>
         <uninitialized>true</uninitialized>
         <run_address>0x2000f1b0</run_address>
         <size>0x2</size>
      </object_component>
      <object_component id="oc-2bc">
         <name>.common:wave_hight</name>
         <uninitialized>true</uninitialized>
         <run_address>0x2000f018</run_address>
         <size>0x18</size>
      </object_component>
      <object_component id="oc-258">
         <name>.common:work_oq</name>
         <uninitialized>true</uninitialized>
         <run_address>0x2000f13c</run_address>
         <size>0x4</size>
      </object_component>
      <object_component id="oc-286">
         <name>.common:fwd_temp_data</name>
         <uninitialized>true</uninitialized>
         <run_address>0x2000bcc0</run_address>
         <size>0x800</size>
      </object_component>
      <object_component id="oc-287">
         <name>.common:rev_temp_data</name>
         <uninitialized>true</uninitialized>
         <run_address>0x2000c4c0</run_address>
         <size>0x800</size>
      </object_component>
      <object_component id="oc-288">
         <name>.common:alm_level</name>
         <uninitialized>true</uninitialized>
         <run_address>0x2000f15a</run_address>
         <size>0x2</size>
      </object_component>
      <object_component id="oc-242">
         <name>.common:mf_data</name>
         <uninitialized>true</uninitialized>
         <run_address>0x2000ec94</run_address>
         <size>0x80</size>
      </object_component>
      <object_component id="oc-295">
         <name>.common:t_cont</name>
         <uninitialized>true</uninitialized>
         <run_address>0x2000f1c6</run_address>
         <size>0x2</size>
      </object_component>
      <object_component id="oc-28b">
         <name>.common:zc_nearzero_point</name>
         <uninitialized>true</uninitialized>
         <run_address>0x2000ee04</run_address>
         <size>0x78</size>
      </object_component>
      <object_component id="oc-28c">
         <name>.common:zc_nearzero_data1</name>
         <uninitialized>true</uninitialized>
         <run_address>0x2000ed14</run_address>
         <size>0x78</size>
      </object_component>
      <object_component id="oc-28d">
         <name>.common:zc_nearzero_data2</name>
         <uninitialized>true</uninitialized>
         <run_address>0x2000ed8c</run_address>
         <size>0x78</size>
      </object_component>
      <object_component id="oc-290">
         <name>.common:zc_zero_data</name>
         <uninitialized>true</uninitialized>
         <run_address>0x2000ef6c</run_address>
         <size>0x38</size>
      </object_component>
      <object_component id="oc-291">
         <name>.common:zc_zero_dataus</name>
         <uninitialized>true</uninitialized>
         <run_address>0x2000efa4</run_address>
         <size>0x38</size>
      </object_component>
      <object_component id="oc-292">
         <name>.common:zc_Tup</name>
         <uninitialized>true</uninitialized>
         <run_address>0x2000f14c</run_address>
         <size>0x4</size>
      </object_component>
      <object_component id="oc-293">
         <name>.common:zc_Tdown</name>
         <uninitialized>true</uninitialized>
         <run_address>0x2000f148</run_address>
         <size>0x4</size>
      </object_component>
      <object_component id="oc-294">
         <name>.common:zc_Tdata0</name>
         <uninitialized>true</uninitialized>
         <run_address>0x2000f144</run_address>
         <size>0x4</size>
      </object_component>
      <object_component id="oc-296">
         <name>.common:zc_Tdata_buf</name>
         <uninitialized>true</uninitialized>
         <run_address>0x2000f088</run_address>
         <size>0x10</size>
      </object_component>
      <object_component id="oc-184">
         <name>.common:zc_Tdata</name>
         <uninitialized>true</uninitialized>
         <run_address>0x2000f140</run_address>
         <size>0x4</size>
      </object_component>
      <object_component id="oc-2b0">
         <name>.common:zc_flow_val</name>
         <uninitialized>true</uninitialized>
         <run_address>0x2000f154</run_address>
         <size>0x4</size>
      </object_component>
      <object_component id="oc-2af">
         <name>.common:zc_deltaT</name>
         <uninitialized>true</uninitialized>
         <run_address>0x2000f150</run_address>
         <size>0x4</size>
      </object_component>
      <object_component id="oc-2ae">
         <name>.common:zero_org</name>
         <uninitialized>true</uninitialized>
         <run_address>0x2000f060</run_address>
         <size>0x18</size>
      </object_component>
      <object_component id="oc-1b1">
         <name>.common:disp_ch</name>
         <uninitialized>true</uninitialized>
         <run_address>0x2000f17c</run_address>
         <size>0x2</size>
      </object_component>
      <object_component id="oc-199">
         <name>.common:timer_main</name>
         <uninitialized>true</uninitialized>
         <run_address>0x2000f1c8</run_address>
         <size>0x2</size>
      </object_component>
      <object_component id="oc-36f">
         <name>.common:ow_pos</name>
         <uninitialized>true</uninitialized>
         <run_address>0x2000f19c</run_address>
         <size>0x2</size>
      </object_component>
      <object_component id="oc-370">
         <name>.common:ow_cnt</name>
         <uninitialized>true</uninitialized>
         <run_address>0x2000f19a</run_address>
         <size>0x2</size>
      </object_component>
      <object_component id="oc-371">
         <name>.common:ow_retry</name>
         <uninitialized>true</uninitialized>
         <run_address>0x2000f19e</run_address>
         <size>0x2</size>
      </object_component>
      <object_component id="oc-36e">
         <name>.common:sens_info</name>
         <uninitialized>true</uninitialized>
         <run_address>0x2000e93c</run_address>
         <size>0x100</size>
      </object_component>
      <object_component id="oc-34d">
         <name>.common:ck_data</name>
         <uninitialized>true</uninitialized>
         <run_address>0x2000f0d4</run_address>
         <size>0x8</size>
      </object_component>
      <object_component id="oc-360">
         <name>.common:memory_R_data</name>
         <uninitialized>true</uninitialized>
         <run_address>0x2000eb74</run_address>
         <size>0x90</size>
      </object_component>
      <object_component id="oc-35c">
         <name>.common:memory_W_data</name>
         <uninitialized>true</uninitialized>
         <run_address>0x2000ec04</run_address>
         <size>0x90</size>
      </object_component>
      <object_component id="oc-35e">
         <name>.common:memory_C_data</name>
         <uninitialized>true</uninitialized>
         <run_address>0x2000eae4</run_address>
         <size>0x90</size>
      </object_component>
      <object_component id="oc-35f">
         <name>.common:OW_read</name>
         <uninitialized>true</uninitialized>
         <run_address>0x2000f098</run_address>
         <size>0xc</size>
      </object_component>
      <object_component id="oc-35b">
         <name>.common:OW_write</name>
         <uninitialized>true</uninitialized>
         <run_address>0x2000f0ac</run_address>
         <size>0x8</size>
      </object_component>
      <object_component id="oc-35d">
[...]
         <object_component_ref idref="oc-1ae"/>
      </symbol>
      <symbol id="sm-1c87">
         <name>err_total_status</name>
         <value>0x15351</value>
         <object_component_ref idref="oc-90"/>
      </symbol>
      <symbol id="sm-1c88">
         <name>err_status_control</name>
         <value>0x12a39</value>
         <object_component_ref idref="oc-90"/>
      </symbol>
      <symbol id="sm-1c89">
         <name>debug_mode</name>
         <value>0x15475</value>
         <object_component_ref idref="oc-90"/>
      </symbol>
      <symbol id="sm-1c8a">
         <name>action_status_check</name>
         <value>0x12c7f</value>
         <object_component_ref idref="oc-90"/>
      </symbol>
      <symbol id="sm-1c8b">
         <name>reset_factor_check</name>
         <value>0x12da5</value>
         <object_component_ref idref="oc-90"/>
      </symbol>
      <symbol id="sm-1c8c">
         <name>delay</name>
         <value>0x12d6d</value>
         <object_component_ref idref="oc-90"/>
      </symbol>
      <symbol id="sm-1c8d">
         <name>err_judge_status</name>
         <value>0x11f0d</value>
         <object_component_ref idref="oc-90"/>
      </symbol>
      <symbol id="sm-1c8e">
         <name>action_status_control</name>
         <value>0x12c1d</value>
         <object_component_ref idref="oc-90"/>
      </symbol>
      <symbol id="sm-1c8f">
         <name>pwon_count</name>
         <value>0x12cc1</value>
         <object_component_ref idref="oc-90"/>
      </symbol>
      <symbol id="sm-1c90">
         <name>util_eep_allwrite</name>
         <value>0x13005</value>
         <object_component_ref idref="oc-90"/>
      </symbol>
      <symbol id="sm-1c91">
         <name>reset_control</name>
         <value>0x12e49</value>
         <object_component_ref idref="oc-90"/>
      </symbol>
      <symbol id="sm-1c92">
         <name>remove_errcode</name>
         <value>0x1528d</value>
         <object_component_ref idref="oc-90"/>
      </symbol>
      <symbol id="sm-1c93">
         <name>non_sensor_control</name>
         <value>0x12e81</value>
         <object_component_ref idref="oc-90"/>
      </symbol>
      <symbol id="sm-1c94">
         <name>util_eep_zerowrite</name>
         <value>0x14375</value>
         <object_component_ref idref="oc-90"/>
      </symbol>
      <symbol id="sm-1c95">
         <name>util_passed_time</name>
         <value>0x11ebd</value>
         <object_component_ref idref="oc-90"/>
      </symbol>
      <symbol id="sm-1c96">
         <name>write_serial_num</name>
         <value>0x14dc9</value>
         <object_component_ref idref="oc-90"/>
      </symbol>
      <symbol id="sm-1c97">
         <name>invert_data</name>
         <value>0x12d5d</value>
         <object_component_ref idref="oc-90"/>
      </symbol>
      <symbol id="sm-1c98">
         <name>get_total_offset</name>
         <value>0x153a9</value>
         <object_component_ref idref="oc-90"/>
      </symbol>
      <symbol id="sm-1ca7">
         <name>__aeabi_ldivmod</name>
         <value>0x248bd</value>
         <object_component_ref idref="oc-452"/>
      </symbol>
      <symbol id="sm-1cb4">
         <name>__aeabi_uldivmod</name>
         <value>0x24635</value>
         <object_component_ref idref="oc-457"/>
      </symbol>
      <symbol id="sm-1cc3">
         <name>__aeabi_memset</name>
         <value>0x247d7</value>
         <object_component_ref idref="oc-2bd"/>
      </symbol>
      <symbol id="sm-1cc4">
         <name>memset</name>
         <value>0x247dd</value>
         <object_component_ref idref="oc-2bd"/>
      </symbol>
      <symbol id="sm-1cc5">
         <name>__aeabi_memset8</name>
         <value>0x247d7</value>
         <object_component_ref idref="oc-2bd"/>
      </symbol>
      <symbol id="sm-1cc6">
         <name>__aeabi_memset4</name>
         <value>0x247d7</value>
         <object_component_ref idref="oc-2bd"/>
      </symbol>
      <symbol id="sm-1cc7">
         <name>__aeabi_memclr8</name>
         <value>0x247d5</value>
         <object_component_ref idref="oc-2bd"/>
      </symbol>
      <symbol id="sm-1cc8">
         <name>__aeabi_memclr4</name>
         <value>0x247d5</value>
         <object_component_ref idref="oc-2bd"/>
      </symbol>
      <symbol id="sm-1cc9">
         <name>__aeabi_memclr</name>
         <value>0x247d5</value>
         <object_component_ref idref="oc-2bd"/>
      </symbol>
      <symbol id="sm-1ce0">
         <name>__aeabi_dsub</name>
         <value>0x23da9</value>
         <object_component_ref idref="oc-29c"/>
      </symbol>
      <symbol id="sm-1ce1">
         <name>__aeabi_dadd</name>
         <value>0x23db3</value>
         <object_component_ref idref="oc-29c"/>
      </symbol>
      <symbol id="sm-1cf3">
         <name>__aeabi_cdrcmple</name>
         <value>0x246cb</value>
         <object_component_ref idref="oc-328"/>
      </symbol>
      <symbol id="sm-1d07">
         <name>__aeabi_ddiv</name>
         <value>0x24235</value>
         <object_component_ref idref="oc-26d"/>
      </symbol>
      <symbol id="sm-1d12">
         <name>__aeabi_dmul</name>
         <value>0x2449d</value>
         <object_component_ref idref="oc-2a1"/>
      </symbol>
      <symbol id="sm-1d1c">
         <name>__aeabi_d2iz</name>
         <value>0x24c41</value>
         <object_component_ref idref="oc-272"/>
      </symbol>
      <symbol id="sm-1d28">
         <name>__aeabi_d2f</name>
         <value>0x2484f</value>
         <object_component_ref idref="oc-2a6"/>
      </symbol>
      <symbol id="sm-1d33">
         <name>__aeabi_f2d</name>
         <value>0x24ddd</value>
         <object_component_ref idref="oc-268"/>
      </symbol>
      <symbol id="sm-1d3d">
         <name>__aeabi_i2d</name>
         <value>0x24eb1</value>
         <object_component_ref idref="oc-323"/>
      </symbol>
      <symbol id="sm-1d46">
         <name>__aeabi_lmul</name>
         <value>0x25135</value>
         <object_component_ref idref="oc-2b1"/>
      </symbol>
      <symbol id="sm-1d61">
         <name>memcpy</name>
         <value>0x24599</value>
         <object_component_ref idref="oc-56"/>
      </symbol>
      <symbol id="sm-1d62">
         <name>__aeabi_memcpy</name>
         <value>0x24599</value>
         <object_component_ref idref="oc-56"/>
      </symbol>
      <symbol id="sm-1d63">
         <name>__aeabi_memcpy8</name>
         <value>0x24599</value>
         <object_component_ref idref="oc-56"/>
      </symbol>
      <symbol id="sm-1d64">
         <name>__aeabi_memcpy4</name>
         <value>0x24599</value>
         <object_component_ref idref="oc-56"/>
      </symbol>
      <symbol id="sm-1d76">
         <name>__TI_zero_init</name>
         <value>0x252b9</value>
         <object_component_ref idref="oc-68"/>
      </symbol>
      <symbol id="sm-1d8d">
         <name>__TI_decompress_none</name>
         <value>0x25279</value>
         <object_component_ref idref="oc-1c"/>
      </symbol>
      <symbol id="sm-1db0">
         <name>__TI_decompress_lzss</name>
         <value>0x249fd</value>
         <object_component_ref idref="oc-16"/>
      </symbol>
      <symbol id="sm-1dc6">
         <name>atoi</name>
         <value>0x24b1d</value>
         <object_component_ref idref="oc-462"/>
      </symbol>
      <symbol id="sm-1dd1">
         <name>_ctypes_</name>
         <value>0x26170</value>
         <object_component_ref idref="oc-5a9"/>
      </symbol>
      <symbol id="sm-1de1">
         <name>memcmp</name>
         <value>0x24ffd</value>
         <object_component_ref idref="oc-351"/>
      </symbol>
      <symbol id="sm-1df1">
         <name>strcat</name>
         <value>0x250c9</value>
         <object_component_ref idref="oc-47e"/>
      </symbol>
      <symbol id="sm-1dff">
         <name>strlen</name>
         <value>0x2518d</value>
         <object_component_ref idref="oc-32d"/>
      </symbol>
      <symbol id="sm-1e10">
         <name>strncat</name>
         <value>0x24edf</value>
         <object_component_ref idref="oc-45c"/>
      </symbol>
      <symbol id="sm-1e23">
         <name>__stack</name>
         <value>0x2000fb60</value>
         <object_component_ref idref="oc-27"/>
      </symbol>
      <symbol id="sm-1e24">
         <name>_c_int00_noargs</name>
         <value>0x24e7d</value>
         <object_component_ref idref="oc-74"/>
      </symbol>
      <symbol id="sm-1e2e">
         <name>__aeabi_idiv0</name>
         <value>0x23f5f</value>
         <object_component_ref idref="oc-5a0"/>
      </symbol>
      <symbol id="sm-1e2f">
         <name>__aeabi_ldiv0</name>
         <value>0x23f5f</value>
         <object_component_ref idref="oc-5a0"/>
      </symbol>
      <symbol id="sm-1e57">
         <name>__TI_auto_init_nobinit_nopinit</name>
         <value>0x24d61</value>
         <object_component_ref idref="oc-4ce"/>
      </symbol>
      <symbol id="sm-1e61">
         <name>_system_pre_init</name>
         <value>0x2534f</value>
         <object_component_ref idref="oc-2e0"/>
      </symbol>
      <symbol id="sm-1e6d">
         <name>C$$EXIT</name>
         <value>0x25353</value>
         <object_component_ref idref="oc-4c2"/>
      </symbol>
      <symbol id="sm-1e6e">
         <name>abort</name>
         <value>0x25353</value>
         <object_component_ref idref="oc-4c2"/>
      </symbol>
      <symbol id="sm-1ea5">
         <name>EPIDividerCSSet</name>
         <value>0x24da5</value>
         <object_component_ref idref="oc-110"/>
      </symbol>
      <symbol id="sm-1ea6">
         <name>EPIModeSet</name>
         <value>0x2533f</value>
         <object_component_ref idref="oc-fe"/>
      </symbol>
      <symbol id="sm-1ea7">
         <name>EPIConfigHB16Set</name>
         <value>0x25045</value>
         <object_component_ref idref="oc-10a"/>
      </symbol>
      <symbol id="sm-1ea8">
         <name>EPIAddressMapSet</name>
         <value>0x2533b</value>
         <object_component_ref idref="oc-104"/>
      </symbol>
      <symbol id="sm-1ea9">
         <name>EPIConfigHB16CSSet</name>
         <value>0x250e9</value>
         <object_component_ref idref="oc-116"/>
      </symbol>
      <symbol id="sm-1f23">
         <name>GPIOPinConfigure</name>
         <value>0x24b69</value>
         <object_component_ref idref="oc-3ce"/>
      </symbol>
      <symbol id="sm-1f24">
         <name>GPIOPinTypeUSBAnalog</name>
         <value>0x251eb</value>
         <object_component_ref idref="oc-3e6"/>
      </symbol>
      <symbol id="sm-1f25">
         <name>GPIOIntEnable</name>
         <value>0x25293</value>
         <object_component_ref idref="oc-13a"/>
      </symbol>
      <symbol id="sm-1f26">
         <name>GPIOIntTypeSet</name>
         <value>0x24ac5</value>
         <object_component_ref idref="oc-134"/>
      </symbol>
      <symbol id="sm-1f27">
         <name>GPIOPinTypeGPIOInput</name>
         <value>0x251c7</value>
         <object_component_ref idref="oc-347"/>
      </symbol>
      <symbol id="sm-1f28">
         <name>GPIOIntClear</name>
         <value>0x2531d</value>
         <object_component_ref idref="oc-1a8"/>
      </symbol>
      <symbol id="sm-1f29">
         <name>GPIOPinTypeUART</name>
         <value>0x251d9</value>
         <object_component_ref idref="oc-3e0"/>
      </symbol>
      <symbol id="sm-1f2a">
         <name>GPIOPinTypeGPIOOutput</name>
         <value>0x25105</value>
         <object_component_ref idref="oc-15e"/>
      </symbol>
      <symbol id="sm-1f2b">
         <name>GPIOPinRead</name>
         <value>0x25323</value>
         <object_component_ref idref="oc-243"/>
      </symbol>
      <symbol id="sm-1f2c">
         <name>GPIODirModeSet</name>
         <value>0x24f39</value>
         <object_component_ref idref="oc-403"/>
      </symbol>
      <symbol id="sm-1f2d">
         <name>GPIOPinWrite</name>
         <value>0x25329</value>
         <object_component_ref idref="oc-239"/>
      </symbol>
      <symbol id="sm-1f2e">
         <name>GPIOPadConfigSet</name>
         <value>0x2436b</value>
         <object_component_ref idref="oc-3da"/>
      </symbol>
      <symbol id="sm-1f2f">
         <name>GPIOPinTypeEPI</name>
         <value>0x251b5</value>
         <object_component_ref idref="oc-3d4"/>
      </symbol>
      <symbol id="sm-1f93">
         <name>IntPendClear</name>
         <value>0x24bb1</value>
         <object_component_ref idref="oc-25f"/>
      </symbol>
      <symbol id="sm-1f94">
         <name>IntPrioritySet</name>
         <value>0x24fb5</value>
         <object_component_ref idref="oc-12e"/>
      </symbol>
      <symbol id="sm-1f95">
         <name>IntEnable</name>
         <value>0x24995</value>
         <object_component_ref idref="oc-c6"/>
      </symbol>
      <symbol id="sm-1f96">
         <name>IntDisable</name>
         <value>0x2492d</value>
         <object_component_ref idref="oc-2b6"/>
      </symbol>
      <symbol id="sm-1f97">
         <name>IntMasterEnable</name>
         <value>0x2520f</value>
         <object_component_ref idref="oc-eb"/>
      </symbol>
      <symbol id="sm-2024">
         <name>SysCtlResetCauseGet</name>
         <value>0x252a1</value>
         <object_component_ref idref="oc-2f2"/>
      </symbol>
      <symbol id="sm-2025">
         <name>SysCtlPeripheralEnable</name>
         <value>0x24e15</value>
         <object_component_ref idref="oc-e5"/>
      </symbol>
      <symbol id="sm-2026">
         <name>SysCtlPeripheralSleepEnable</name>
         <value>0x24e49</value>
         <object_component_ref idref="oc-140"/>
      </symbol>
      <symbol id="sm-2027">
         <name>SysCtlResetCauseClear</name>
         <value>0x25165</value>
         <object_component_ref idref="oc-2f8"/>
      </symbol>
      <symbol id="sm-2028">
         <name>SysCtlClockFreqSet</name>
         <value>0x23ba9</value>
         <object_component_ref idref="oc-df"/>
      </symbol>
      <symbol id="sm-2066">
         <name>TimerLoadSet</name>
         <value>0x251fd</value>
         <object_component_ref idref="oc-122"/>
      </symbol>
      <symbol id="sm-2067">
         <name>TimerDisable</name>
         <value>0x2511d</value>
         <object_component_ref idref="oc-21c"/>
      </symbol>
      <symbol id="sm-2068">
         <name>TimerEnable</name>
         <value>0x25241</value>
         <object_component_ref idref="oc-cc"/>
      </symbol>
      <symbol id="sm-2069">
         <name>TimerIntEnable</name>
         <value>0x25305</value>
         <object_component_ref idref="oc-128"/>
      </symbol>
      <symbol id="sm-206a">
         <name>TimerConfigure</name>
         <value>0x24a65</value>
         <object_component_ref idref="oc-11c"/>
      </symbol>
      <symbol id="sm-206b">
         <name>TimerIntClear</name>
         <value>0x25343</value>
         <object_component_ref idref="oc-1a2"/>
      </symbol>
      <symbol id="sm-20d4">
         <name>UARTDMAEnable</name>
         <value>0x2530d</value>
         <object_component_ref idref="oc-1c5"/>
      </symbol>
      <symbol id="sm-20d5">
         <name>UARTTxIntModeSet</name>
         <value>0x252ad</value>
         <object_component_ref idref="oc-1b9"/>
      </symbol>
      <symbol id="sm-20d6">
         <name>UARTConfigSetExpClk</name>
         <value>0x24d19</value>
         <object_component_ref idref="oc-1b3"/>
      </symbol>
      <symbol id="sm-20d7">
         <name>UARTDisable</name>
         <value>0x25089</value>
         <object_component_ref idref="oc-436"/>
      </symbol>
      <symbol id="sm-20d8">
         <name>UARTFIFOLevelGet</name>
         <value>0x2521f</value>
         <object_component_ref idref="oc-1d7"/>
      </symbol>
      <symbol id="sm-20d9">
         <name>UARTIntEnable</name>
         <value>0x25315</value>
         <object_component_ref idref="oc-1e3"/>
      </symbol>
      <symbol id="sm-20da">
         <name>UARTCharsAvail</name>
         <value>0x2525d</value>
         <object_component_ref idref="oc-1f5"/>
      </symbol>
      <symbol id="sm-20db">
         <name>UARTCharGetNonBlocking</name>
         <value>0x2524f</value>
         <object_component_ref idref="oc-1fb"/>
      </symbol>
      <symbol id="sm-20dc">
         <name>UARTEnable</name>
         <value>0x25179</value>
         <object_component_ref idref="oc-1bf"/>
      </symbol>
      <symbol id="sm-20dd">
         <name>UARTIntClear</name>
         <value>0x25347</value>
         <object_component_ref idref="oc-1ef"/>
      </symbol>
      <symbol id="sm-20de">
         <name>UARTIntStatus</name>
         <value>0x252dd</value>
         <object_component_ref idref="oc-1e9"/>
      </symbol>
      <symbol id="sm-20df">
         <name>UARTFIFOLevelSet</name>
         <value>0x2532f</value>
         <object_component_ref idref="oc-1dd"/>
      </symbol>
      <symbol id="sm-215b">
         <name>uDMAChannelControlSet</name>
         <value>0x25021</value>
         <object_component_ref idref="oc-158"/>
      </symbol>
      <symbol id="sm-215c">
         <name>uDMAChannelModeGet</name>
         <value>0x24f8d</value>
         <object_component_ref idref="oc-27d"/>
      </symbol>
      <symbol id="sm-215d">
         <name>uDMAChannelAttributeEnable</name>
         <value>0x24cd1</value>
         <object_component_ref idref="oc-1d1"/>
      </symbol>
      <symbol id="sm-215e">
         <name>uDMAChannelTransferSet</name>
         <value>0x24751</value>
         <object_component_ref idref="oc-207"/>
      </symbol>
      <symbol id="sm-215f">
         <name>uDMAChannelAssign</name>
         <value>0x24f0d</value>
         <object_component_ref idref="oc-1cb"/>
      </symbol>
      <symbol id="sm-2160">
         <name>uDMAEnable</name>
         <value>0x25231</value>
         <object_component_ref idref="oc-146"/>
      </symbol>
      <symbol id="sm-2161">
         <name>uDMAControlBaseSet</name>
         <value>0x252d1</value>
         <object_component_ref idref="oc-14c"/>
      </symbol>
      <symbol id="sm-2162">
         <name>uDMAChannelAttributeDisable</name>
         <value>0x24c89</value>
         <object_component_ref idref="oc-152"/>
      </symbol>
      <symbol id="sm-2163">
         <name>uDMAChannelEnable</name>
         <value>0x2514d</value>
         <object_component_ref idref="oc-20d"/>
      </symbol>
      <symbol id="sm-2164">
         <name>uDMAChannelRequest</name>
         <value>0x251a1</value>
         <object_component_ref idref="oc-277"/>
      </symbol>
      <symbol id="sm-2199">
         <name>WatchdogIntClear</name>
         <value>0x25335</value>
         <object_component_ref idref="oc-193"/>
      </symbol>
      <symbol id="sm-219a">
         <name>WatchdogStallEnable</name>
         <value>0x2526b</value>
         <object_component_ref idref="oc-ae"/>
      </symbol>
      <symbol id="sm-219b">
         <name>WatchdogResetDisable</name>
         <value>0x252f1</value>
         <object_component_ref idref="oc-ba"/>
      </symbol>
      <symbol id="sm-219c">
         <name>WatchdogReloadSet</name>
         <value>0x2534b</value>
         <object_component_ref idref="oc-18d"/>
      </symbol>
      <symbol id="sm-219d">
         <name>WatchdogResetEnable</name>
         <value>0x252fb</value>
         <object_component_ref idref="oc-b4"/>
      </symbol>
      <symbol id="sm-219e">
         <name>WatchdogIntEnable</name>
         <value>0x252e7</value>
         <object_component_ref idref="oc-c0"/>
      </symbol>
      <symbol id="sm-21a8">
         <name>CPUcpsie</name>
         <value>0x25287</value>
         <object_component_ref idref="oc-3c7"/>
      </symbol>
      <symbol id="sm-21a9">
         <name>__TI_static_base__</name>
         <value>0x0</value>
      </symbol>
      <symbol id="sm-21ac">
         <name>__mpu_init</name>
         <value>0x0</value>
      </symbol>
      <symbol id="sm-21ad">
         <name>_system_post_cinit</name>
         <value>0x0</value>
      </symbol>
   </symbol_table>
   <title>Link successful</title>
</link_info>
