******************************************************************************
                  TI ARM Linker PC v20.2.4                     
******************************************************************************
>> Linked Wed Apr 26 16:05:06 2023

OUTPUT FILE NAME:   <SFC9000.out>
ENTRY POINT SYMBOL: "_c_int00_noargs"  address: 00024e7d


MEMORY CONFIGURATION

         name            origin    length      used     unused   attr    fill
----------------------  --------  ---------  --------  --------  ----  --------
  FLASH                 00000000   00100000  00026833  000d97cd  R  X
  SRAM                  20000000   00040000  00010357  0002fca9  RW X


SEGMENT ALLOCATION MAP

run origin  load origin   length   init length attrs members
----------  ----------- ---------- ----------- ----- -------
00000000    00000000    00026838   00026838    r-x
  00000000    00000000    00000208   00000208    r-- .intvecs
  00000208    00000208    000014dc   000014dc    r-x RAM_PRG
  000016e4    000016e4    00023c7e   00023c7e    r-x .text
  00025364    00025364    00001331   00001331    r-- .const
  00026698    00026698    000001a0   000001a0    r-- .cinit
20000000    20000000    00010360   00000000    rw-
  20000000    20000000    0000f1cb   00000000    rw- .bss
  2000f1d0    2000f1d0    0000098c   00000000    rw- .data
  2000fb60    2000fb60    00000800   00000000    rw- .stack


SECTION ALLOCATION MAP

 output                                  attributes/
section   page    origin      length       input sections
--------  ----  ----------  ----------   ----------------
.intvecs   0    00000000    00000208     
                  00000000    00000208     tm4c1290nczad_startup_ccs.obj (.intvecs)

RAM_PRG    0    00000208    000014dc     
                  00000208    00001498     download.obj (RAM_PRG)
                  000016a0    0000002a     download.obj (RAM_PRG:__bit_output_dl)
                  000016ca    0000001a     download.obj (RAM_PRG:min_dl)

.text      0    000016e4    00023c7e     
                  000016e4    00010774     MES.obj (.text)
                  00011e58    00003a30     util.obj (.text)
                  00015888    000037e4     protocol.obj (.text)
                  0001906c    0000334c     int_flow.obj (.text)
                  0001c3b8    00002554     cunet.obj (.text)
                  0001e90c    00001f58     MAIN.obj (.text)
                  00020864    00000d5c     onewire.obj (.text)
                  000215c0    00000acc     log.obj (.text)
                  0002208c    000008a4     COM.obj (.text)
                  00022930    000006ac     pinout.obj (.text)
                  00022fdc    0000068c     eeprom_spi.obj (.text)
                  00023668    00000540     disp.obj (.text)
                  00023ba8    00000200     driverlib.lib : sysctl.obj (.text:SysCtlClockFreqSet)
                  00023da8    000001b6     rtsv7M4_T_le_v4SPD16_eabi.lib : fd_add_t2.asm.obj (.text)
                  00023f5e    00000002                                   : div0.asm.obj (.text)
                  00023f60    0000017c     int_prg.obj (.text)
                  000240dc    00000158     ctlioport.obj (.text)
                  00024234    00000136     rtsv7M4_T_le_v4SPD16_eabi.lib : fd_div_t2.asm.obj (.text)
                  0002436a    00000132     driverlib.lib : gpio.obj (.text:GPIOPadConfigSet)
                  0002449c    000000fc     rtsv7M4_T_le_v4SPD16_eabi.lib : fd_mul_t2.asm.obj (.text)
                  00024598    0000009c                                   : memcpy_t2.asm.obj (.text)
                  00024634    00000096                                   : ull_div_t2.asm.obj (.text)
                  000246ca    00000086                                   : fd_cmp_t2.asm.obj (.text:__aeabi_cdrcmple)
                  00024750    00000084     driverlib.lib : udma.obj (.text:uDMAChannelTransferSet)
                  000247d4    0000007a     rtsv7M4_T_le_v4SPD16_eabi.lib : memset_t2.asm.obj (.text)
                  0002484e    0000006e                                   : fd_tos_t2.asm.obj (.text)
                  000248bc    0000006e                                   : ll_div_t2.asm.obj (.text)
                  0002492a    00000002     --HOLE-- [fill = 0]
                  0002492c    00000068     driverlib.lib : interrupt.obj (.text:IntDisable)
                  00024994    00000068                   : interrupt.obj (.text:IntEnable)
                  000249fc    00000068     rtsv7M4_T_le_v4SPD16_eabi.lib : copy_decompress_lzss.c.obj (.text:decompress:lzss:__TI_decompress_lzss)
                  00024a64    00000060     driverlib.lib : timer.obj (.text:TimerConfigure)
                  00024ac4    00000056                   : gpio.obj (.text:GPIOIntTypeSet)
                  00024b1a    00000002     --HOLE-- [fill = 0]
                  00024b1c    0000004c     rtsv7M4_T_le_v4SPD16_eabi.lib : atoi.c.obj (.text:atoi)
                  00024b68    00000048     driverlib.lib : gpio.obj (.text:GPIOPinConfigure)
                  00024bb0    00000048                   : interrupt.obj (.text:IntPendClear)
                  00024bf8    00000048                   : sysctl.obj (.text:_SysCtlFrequencyGet)
                  00024c40    00000048     rtsv7M4_T_le_v4SPD16_eabi.lib : fd_toi_t2.asm.obj (.text)
                  00024c88    00000048     driverlib.lib : udma.obj (.text:uDMAChannelAttributeDisable)
                  00024cd0    00000048                   : udma.obj (.text:uDMAChannelAttributeEnable)
                  00024d18    00000046                   : uart.obj (.text:UARTConfigSetExpClk)
                  00024d5e    00000002     --HOLE-- [fill = 0]
                  00024d60    00000044     rtsv7M4_T_le_v4SPD16_eabi.lib : autoinit.c.obj (.text:__TI_auto_init_nobinit_nopinit:__TI_auto_init_nobinit_nopinit)
                  00024da4    00000038     driverlib.lib : epi.obj (.text:EPIDividerCSSet)
                  00024ddc    00000038     rtsv7M4_T_le_v4SPD16_eabi.lib : fs_tod_t2.asm.obj (.text)
                  00024e14    00000034     driverlib.lib : sysctl.obj (.text:SysCtlPeripheralEnable)
                  00024e48    00000034                   : sysctl.obj (.text:SysCtlPeripheralSleepEnable)
                  00024e7c    00000034     rtsv7M4_T_le_v4SPD16_eabi.lib : boot_cortex_m.c.obj (.text:_c_int00_noargs:_c_int00_noargs)
                  00024eb0    0000002e                                   : i_tofd_t2.asm.obj (.text)
                  00024ede    0000002e                                   : strncat.c.obj (.text:strncat)
                  00024f0c    0000002c     driverlib.lib : udma.obj (.text:uDMAChannelAssign)
                  00024f38    0000002a                   : gpio.obj (.text:GPIODirModeSet)
                  00024f62    0000002a     COM.obj (.text:__bit_output)
                  00024f8c    00000028     driverlib.lib : udma.obj (.text:uDMAChannelModeGet)
                  00024fb4    00000024                   : interrupt.obj (.text:IntPrioritySet)
                  00024fd8    00000024     COM.obj (.text:__bit_input)
                  00024ffc    00000024     rtsv7M4_T_le_v4SPD16_eabi.lib : memcmp.c.obj (.text:memcmp)
                  00025020    00000024     driverlib.lib : udma.obj (.text:uDMAChannelControlSet)
                  00025044    00000022                   : epi.obj (.text:EPIConfigHB16Set)
                  00025066    00000022     COM.obj (.text:calc_cnt)
                  00025088    00000020     driverlib.lib : uart.obj (.text:UARTDisable)
                  000250a8    00000020                   : sysctl.obj (.text:_SysCtlMemTimingGet)
                  000250c8    0000001e     rtsv7M4_T_le_v4SPD16_eabi.lib : strcat.c.obj (.text:strcat)
                  000250e6    00000002     --HOLE-- [fill = 0]
                  000250e8    0000001c     driverlib.lib : epi.obj (.text:EPIConfigHB16CSSet)
                  00025104    00000018                   : gpio.obj (.text:GPIOPinTypeGPIOOutput)
                  0002511c    00000018                   : timer.obj (.text:TimerDisable)
                  00025134    00000018     rtsv7M4_T_le_v4SPD16_eabi.lib : ll_mul_t2.asm.obj (.text)
                  0002514c    00000018     driverlib.lib : udma.obj (.text:uDMAChannelEnable)
                  00025164    00000014                   : sysctl.obj (.text:SysCtlResetCauseClear)
                  00025178    00000014                   : uart.obj (.text:UARTEnable)
                  0002518c    00000014     rtsv7M4_T_le_v4SPD16_eabi.lib : strlen.c.obj (.text:strlen)
                  000251a0    00000014     driverlib.lib : udma.obj (.text:uDMAChannelRequest)
                  000251b4    00000012                   : gpio.obj (.text:GPIOPinTypeEPI)
                  000251c6    00000012                   : gpio.obj (.text:GPIOPinTypeGPIOInput)
                  000251d8    00000012                   : gpio.obj (.text:GPIOPinTypeUART)
                  000251ea    00000012                   : gpio.obj (.text:GPIOPinTypeUSBAnalog)
                  000251fc    00000012                   : timer.obj (.text:TimerLoadSet)
                  0002520e    00000010                   : interrupt.obj (.text:IntMasterEnable)
                  0002521e    00000010                   : uart.obj (.text:UARTFIFOLevelGet)
                  0002522e    00000002     --HOLE-- [fill = 0]
                  00025230    00000010                   : udma.obj (.text:uDMAEnable)
                  00025240    0000000e                   : timer.obj (.text:TimerEnable)
                  0002524e    0000000e                   : uart.obj (.text:UARTCharGetNonBlocking)
                  0002525c    0000000e                   : uart.obj (.text:UARTCharsAvail)
                  0002526a    0000000e                   : watchdog.obj (.text:WatchdogStallEnable)
                  00025278    0000000e     rtsv7M4_T_le_v4SPD16_eabi.lib : copy_decompress_none.c.obj (.text:decompress:none:__TI_decompress_none)
                  00025286    0000000c     driverlib.lib : cpu.obj (.text:CPUcpsie)
                  00025292    0000000c                   : gpio.obj (.text:GPIOIntEnable)
                  0002529e    00000002     --HOLE-- [fill = 0]
                  000252a0    0000000c                   : sysctl.obj (.text:SysCtlResetCauseGet)
                  000252ac    0000000c                   : uart.obj (.text:UARTTxIntModeSet)
                  000252b8    0000000c     rtsv7M4_T_le_v4SPD16_eabi.lib : copy_zero_init.c.obj (.text:decompress:ZI:__TI_zero_init)
                  000252c4    0000000c     tm4c1290nczad_startup_ccs.obj (.text)
                  000252d0    0000000c     driverlib.lib : udma.obj (.text:uDMAControlBaseSet)
                  000252dc    0000000a                   : uart.obj (.text:UARTIntStatus)
                  000252e6    0000000a                   : watchdog.obj (.text:WatchdogIntEnable)
                  000252f0    0000000a                   : watchdog.obj (.text:WatchdogResetDisable)
                  000252fa    0000000a                   : watchdog.obj (.text:WatchdogResetEnable)
                  00025304    00000008                   : timer.obj (.text:TimerIntEnable)
                  0002530c    00000008                   : uart.obj (.text:UARTDMAEnable)
                  00025314    00000008                   : uart.obj (.text:UARTIntEnable)
                  0002531c    00000006                   : gpio.obj (.text:GPIOIntClear)
                  00025322    00000006                   : gpio.obj (.text:GPIOPinRead)
                  00025328    00000006                   : gpio.obj (.text:GPIOPinWrite)
                  0002532e    00000006                   : uart.obj (.text:UARTFIFOLevelSet)
                  00025334    00000006                   : watchdog.obj (.text:WatchdogIntClear)
                  0002533a    00000004                   : epi.obj (.text:EPIAddressMapSet)
                  0002533e    00000004                   : epi.obj (.text:EPIModeSet)
                  00025342    00000004                   : timer.obj (.text:TimerIntClear)
                  00025346    00000004                   : uart.obj (.text:UARTIntClear)
                  0002534a    00000004                   : watchdog.obj (.text:WatchdogReloadSet)
                  0002534e    00000004     rtsv7M4_T_le_v4SPD16_eabi.lib : pre_init.c.obj (.text:_system_pre_init)
                  00025352    00000004                                   : exit.c.obj (.text:abort:abort)
                  00025356    00000004     COM.obj (.text:clrpsw_i)
                  0002535a    00000004     COM.obj (.text:nop)
                  0002535e    00000004     COM.obj (.text:setpsw_i)

.const     0    00025364    00001331     
                  00025364    0000023c     int_flow.obj (.const:AUTO_COEFF_10K)
                  000255a0    0000023c     int_flow.obj (.const:AUTO_COEFF_4AT)
                  000257dc    0000023c     int_flow.obj (.const:AUTO_COEFF_4E)
                  00025a18    0000023c     int_flow.obj (.const:AUTO_COEFF_6AT)
                  00025c54    0000023c     int_flow.obj (.const:AUTO_COEFF_6E)
                  00025e90    000001b0     driverlib.lib : sysctl.obj (.const:g_pppui32XTALtoVCO)
                  00026040    00000130     int_flow.obj (.const:LL_TBL)
                  00026170    00000101     rtsv7M4_T_le_v4SPD16_eabi.lib : ctype.c.obj (.const:.string:_ctypes_)
                  00026271    00000003     --HOLE-- [fill = 0]
                  00026274    000000e4     onewire.obj (.const:OWEepromData)
                  00026358    0000009c     driverlib.lib : interrupt.obj (.const:g_pui32Regs)
                  000263f4    00000090                   : gpio.obj (.const:g_pui32GPIOBaseAddrs)
                  00026484    0000008c     int_flow.obj (.const:sens_inf)
                  00026510    00000070     driverlib.lib : interrupt.obj (.const)
                  00026580    0000006c                   : sysctl.obj (.const:g_pui32Xtals)
                  000265ec    00000054     int_flow.obj (.const:flow_vel_tbl)
                  00026640    00000030     driverlib.lib : sysctl.obj (.const:g_sXTALtoMEMTIM)
                  00026670    0000000c     int_flow.obj (.const:AGC_control)
                  0002667c    0000000c     int_flow.obj (.const:abs_cont)
                  00026688    00000008     driverlib.lib : sysctl.obj (.const)
                  00026690    00000005     protocol.obj (.const:.string:$P$T0$1)

.cinit     0    00026698    000001a0     
                  00026698    0000017c     (.cinit..data.load) [load image, compression = lzss]
                  00026814    0000000c     (__TI_handler_table)
                  00026820    00000008     (.cinit..bss.load) [load image, compression = zero_init]
                  00026828    00000010     (__TI_cinit_table)

.init_array 
*          0    00000000    00000000     UNINITIALIZED

.bss       0    20000000    0000f1cb     UNINITIALIZED
                  20000000    00004a70     (.common:MES)
                  20004a70    000023a0     (.common:LOG_DETAIL)
                  20006e10    00002000     (.common:code_buffer)
                  20008e10    00001800     (.common:eep_queue)
                  2000a610    000016b0     (.common:SVD)
                  2000bcc0    00000800     (.common:fwd_temp_data)
                  2000c4c0    00000800     (.common:rev_temp_data)
                  2000ccc0    00000674     (.common:RX_buf)
                  2000d334    00000674     (.common:TX_buf)
                  2000d9a8    00000258     (.common:fow_wave_data)
                  2000dc00    00000400     MAIN.obj (.bss:pui8ControlTable)
                  2000e000    000002b8     (.common:MAIN)
                  2000e2b8    00000258     (.common:rev_wave_data)
                  2000e510    0000021c     (.common:SAVE)
                  2000e72c    00000110     (.common:s_data)
                  2000e83c    00000100     (.common:ROM_WR_BUFF)
                  2000e93c    00000100     (.common:sens_info)
                  2000ea3c    000000a8     (.common:LED)
                  2000eae4    00000090     (.common:memory_C_data)
                  2000eb74    00000090     (.common:memory_R_data)
                  2000ec04    00000090     (.common:memory_W_data)
                  2000ec94    00000080     (.common:mf_data)
                  2000ed14    00000078     (.common:zc_nearzero_data1)
                  2000ed8c    00000078     (.common:zc_nearzero_data2)
                  2000ee04    00000078     (.common:zc_nearzero_point)
                  2000ee7c    00000050     (.common:RX_buf_dl)
                  2000eecc    00000050     (.common:TX_buf_dl)
                  2000ef1c    00000050     (.common:sum_abs_data)
                  2000ef6c    00000038     (.common:zc_zero_data)
                  2000efa4    00000038     (.common:zc_zero_dataus)
                  2000efdc    00000024     (.common:multi_ch_no)
                  2000f000    00000018     (.common:value)
                  2000f018    00000018     (.common:wave_hight)
                  2000f030    00000018     (.common:zc_zero_calc)
                  2000f048    00000018     (.common:zc_zero_offset)
                  2000f060    00000018     (.common:zero_org)
                  2000f078    00000010     (.common:mes_err)
                  2000f088    00000010     (.common:zc_Tdata_buf)
                  2000f098    0000000c     (.common:OW_read)
                  2000f0a4    00000008     (.common:OW_comp)
                  2000f0ac    00000008     (.common:OW_write)
                  2000f0b4    00000008     (.common:ascii_in)
                  2000f0bc    00000008     (.common:ascii_out)
                  2000f0c4    00000008     (.common:ch_no)
                  2000f0cc    00000008     (.common:ch_z)
                  2000f0d4    00000008     (.common:ck_data)
                  2000f0dc    00000008     (.common:digit_check)
                  2000f0e4    00000008     (.common:echo_back)
                  2000f0ec    00000008     (.common:end_code)
                  2000f0f4    00000008     (.common:error_check)
                  2000f0fc    00000008     (.common:flow_check)
                  2000f104    00000008     (.common:i_num)
                  2000f10c    00000008     (.common:l_check)
                  2000f114    00000008     (.common:rom_data)
                  2000f11c    00000008     (.common:size)
                  2000f124    00000008     (.common:sw_now_almreset)
                  2000f12c    00000004     (.common:curr_head_addr_256)
                  2000f130    00000004     (.common:curr_tail_addr_256)
                  2000f134    00000004     (.common:g_ui32SysClock)
                  2000f138    00000004     (.common:prev_addr_256)
                  2000f13c    00000004     (.common:work_oq)
                  2000f140    00000004     (.common:zc_Tdata)
                  2000f144    00000004     (.common:zc_Tdata0)
                  2000f148    00000004     (.common:zc_Tdown)
                  2000f14c    00000004     (.common:zc_Tup)
                  2000f150    00000004     (.common:zc_deltaT)
                  2000f154    00000004     (.common:zc_flow_val)
                  2000f158    00000002     (.common:OW_reset)
                  2000f15a    00000002     (.common:alm_level)
                  2000f15c    00000002     (.common:buf_count)
                  2000f15e    00000002     (.common:buf_count_dl)
                  2000f160    00000002     (.common:buf_count_sub)
                  2000f162    00000002     (.common:byte_count_dl)
                  2000f164    00000002     (.common:byte_count_host)
                  2000f166    00000002     (.common:byte_count_ment)
                  2000f168    00000002     (.common:com_link)
                  2000f16a    00000002     (.common:com_start)
                  2000f16c    00000002     (.common:com_type)
                  2000f16e    00000002     (.common:cunet_error)
                  2000f170    00000002     (.common:cunet_mcare)
                  2000f172    00000002     (.common:cunet_mfr1)
                  2000f174    00000002     (.common:cunet_mfr2)
                  2000f176    00000002     (.common:cunet_mfr3)
                  2000f178    00000002     (.common:cunet_mfr4)
                  2000f17a    00000002     (.common:curr_block_id)
                  2000f17c    00000002     (.common:disp_ch)
                  2000f17e    00000002     (.common:eep_err)
                  2000f180    00000002     (.common:end_wdt)
                  2000f182    00000002     (.common:err_stat)
                  2000f184    00000002     (.common:err_stat_dl)
                  2000f186    00000002     (.common:format_err_host)
                  2000f188    00000002     (.common:format_err_sub)
                  2000f18a    00000002     (.common:fow_max)
                  2000f18c    00000002     (.common:fow_max_point)
                  2000f18e    00000002     (.common:fow_min)
                  2000f190    00000002     (.common:led_alarm)
                  2000f192    00000002     (.common:led_channel)
                  2000f194    00000002     (.common:len_err_host)
                  2000f196    00000002     (.common:len_err_sub)
                  2000f198    00000002     (.common:main_count)
                  2000f19a    00000002     (.common:ow_cnt)
                  2000f19c    00000002     (.common:ow_pos)
                  2000f19e    00000002     (.common:ow_retry)
                  2000f1a0    00000002     (.common:pending_size)
                  2000f1a2    00000002     (.common:prev_block_id)
                  2000f1a4    00000002     (.common:recv_sa_dl)
                  2000f1a6    00000002     (.common:recv_sa_host)
                  2000f1a8    00000002     (.common:recv_sa_sub)
                  2000f1aa    00000002     (.common:reset_factor)
                  2000f1ac    00000002     (.common:rev_max)
                  2000f1ae    00000002     (.common:rev_max_point)
                  2000f1b0    00000002     (.common:rev_min)
                  2000f1b2    00000002     (.common:rx_end_dl)
                  2000f1b4    00000002     (.common:rx_end_host)
                  2000f1b6    00000002     (.common:rx_end_ment)
                  2000f1b8    00000002     (.common:rx_end_subhost)
                  2000f1ba    00000002     (.common:sa_flow)
                  2000f1bc    00000002     (.common:send_err_status)
                  2000f1be    00000002     (.common:sw_cont)
                  2000f1c0    00000002     (.common:sw_cunet_num)
                  2000f1c2    00000002     (.common:sw_now)
                  2000f1c4    00000002     (.common:sw_old)
                  2000f1c6    00000002     (.common:t_cont)
                  2000f1c8    00000002     (.common:timer_main)
                  2000f1ca    00000001     (.common:sw_now_zeroadj)

.data      0    2000f1d0    0000098c     UNINITIALIZED
                  2000f1d0    000003c8     SV_def.obj (.data:SVD_default)
                  2000f598    00000100     cunet.obj (.data:recv_data0)
                  2000f698    00000100     cunet.obj (.data:recv_data1)
                  2000f798    00000100     cunet.obj (.data:send_data)
                  2000f898    00000100     cunet.obj (.data:send_data_sub)
                  2000f998    000000b4     defMAIN.obj (.data:err_inf)
                  2000fa4c    00000004     MAIN.obj (.data)
                  2000fa50    00000098     defLOG.obj (.data:LOG_DETAIL_DEF)
                  2000fae8    0000001a     COM.obj (.data)
                  2000fb02    0000000c     disp.obj (.data:CH_LED)
                  2000fb0e    0000000c     onewire.obj (.data:OWwrite)
                  2000fb1a    0000000c     eeprom_spi.obj (.data)
                  2000fb26    0000000c     int_flow.obj (.data:get_cyc)
                  2000fb32    0000000c     int_flow.obj (.data)
                  2000fb3e    0000000c     onewire.obj (.data:phase_owconnect)
                  2000fb4a    00000005     MES.obj (.data:comma)
                  2000fb4f    00000001     download.obj (.data)
                  2000fb50    00000004     onewire.obj (.data)
                  2000fb54    00000004     util.obj (.data)
                  2000fb58    00000002     MES.obj (.data)
                  2000fb5a    00000002     disp.obj (.data)

.stack     0    2000fb60    00000800     UNINITIALIZED
                  2000fb60    00000004     rtsv7M4_T_le_v4SPD16_eabi.lib : boot_cortex_m.c.obj (.stack)
                  2000fb64    000007fc     --HOLE--

__llvm_prf_cnts 
*          0    20000000    00000000     UNINITIALIZED

MODULE SUMMARY

       Module                          code     ro data   rw data
       ------                          ----     -------   -------
    .\
       pinout.obj                      1708     0         0      
       tm4c1290nczad_startup_ccs.obj   12       520       0      
    +--+-------------------------------+--------+---------+---------+
       Total:                          1720     520       0      
                                                                 
    .\MAIN\
       MES.obj                         67444    0         1287   
       int_flow.obj                    13132    3412      4828   
       defMES.obj                      0        0         19056  
       protocol.obj                    14308    5         3462   
       util.obj                        14896    0         6      
       download.obj                    5340     0         8909   
       cunet.obj                       9556     0         1046   
       defLOG.obj                      0        0         9272   
       MAIN.obj                        8024     0         1084   
       eeprom_spi.obj                  1676     0         6156   
       SV_def.obj                      0        0         6776   
       onewire.obj                     3420     228       768    
       log.obj                         2764     0         0      
       COM.obj                         2336     0         54     
       disp.obj                        1344     0         35     
       defMAIN.obj                     0        0         892    
       defSAVE.obj                     0        0         540    
       int_prg.obj                     380      0         4      
       ctlioport.obj                   344      0         0      
       defLED.obj                      0        0         168    
    +--+-------------------------------+--------+---------+---------+
       Total:                          144964   3645      64343  
                                                                 
    C:/ti/tivaware_c_series_2_1_4_178/driverlib/ccs/Debug/driverlib.lib
       sysctl.obj                      752      596       0      
       gpio.obj                        632      144       0      
       interrupt.obj                   332      268       0      
       udma.obj                        468      0         0      
       uart.obj                        214      0         0      
       timer.obj                       164      0         0      
       epi.obj                         126      0         0      
       watchdog.obj                    54       0         0      
       cpu.obj                         12       0         0      
    +--+-------------------------------+--------+---------+---------+
       Total:                          2754     1008      0      
                                                                 
    C:\ti\ccs1031\ccs\tools\compiler\ti-cgt-arm_20.2.4.LTS\lib\rtsv7M4_T_le_v4SPD16_eabi.lib
       fd_add_t2.asm.obj               438      0         0      
       fd_div_t2.asm.obj               310      0         0      
       ctype.c.obj                     0        257       0      
       fd_mul_t2.asm.obj               252      0         0      
       memcpy_t2.asm.obj               156      0         0      
       ull_div_t2.asm.obj              150      0         0      
       fd_cmp_t2.asm.obj               134      0         0      
       memset_t2.asm.obj               122      0         0      
       fd_tos_t2.asm.obj               110      0         0      
       ll_div_t2.asm.obj               110      0         0      
       copy_decompress_lzss.c.obj      104      0         0      
       atoi.c.obj                      76       0         0      
       fd_toi_t2.asm.obj               72       0         0      
       autoinit.c.obj                  68       0         0      
       fs_tod_t2.asm.obj               56       0         0      
       boot_cortex_m.c.obj             52       0         0      
       i_tofd_t2.asm.obj               46       0         0      
       strncat.c.obj                   46       0         0      
       memcmp.c.obj                    36       0         0      
       strcat.c.obj                    30       0         0      
       ll_mul_t2.asm.obj               24       0         0      
       strlen.c.obj                    20       0         0      
       copy_decompress_none.c.obj      14       0         0      
       copy_zero_init.c.obj            12       0         0      
       exit.c.obj                      4        0         0      
       pre_init.c.obj                  4        0         0      
       div0.asm.obj                    2        0         0      
    +--+-------------------------------+--------+---------+---------+
       Total:                          2448     257       0      
                                                                 
       Stack:                          0        0         2048   
       Linker Generated:               0        416       0      
    +--+-------------------------------+--------+---------+---------+
       Grand Total:                    151886   5846      66391  


LINKER GENERATED COPY TABLES

__TI_cinit_table @ 00026828 records: 2, size/record: 8, table size: 16
	.data: load addr=00026698, load size=0000017c bytes, run addr=2000f1d0, run size=0000098c bytes, compression=lzss
	.bss: load addr=00026820, load size=00000008 bytes, run addr=20000000, run size=0000f1cb bytes, compression=zero_init


LINKER GENERATED HANDLER TABLE

__TI_handler_table @ 00026814 records: 3, size/record: 4, table size: 12
	index: 0, handler: __TI_decompress_lzss
	index: 1, handler: __TI_decompress_none
	index: 2, handler: __TI_zero_init


GLOBAL SYMBOLS: SORTED ALPHABETICALLY BY Name 

address   name                          
-------   ----                          
00026670  AGC_control                   
00025364  AUTO_COEFF_10K                
000255a0  AUTO_COEFF_4AT                
000257dc  AUTO_COEFF_4E                 
00025a18  AUTO_COEFF_6AT                
00025c54  AUTO_COEFF_6E                 
0001a159  AccessFIFO                    
00025353  C$$EXIT                       
2000fb02  CH_LED                        
00025287  CPUcpsie                      
2000fa4c  ChCtrlNow                     
000207a3  CheckBOOTCFG                  
0002420d  CheckEndPulse                 
0002312b  ClrWEN                        
000225b1  DMA1_end                      
0002256b  DMA2_end                      
0002533b  EPIAddressMapSet              
000250e9  EPIConfigHB16CSSet            
00025045  EPIConfigHB16Set              
00024da5  EPIDividerCSSet               
0002533f  EPIModeSet                    
2000fb3d  FIFO_CH_END                   
2000fb3c  FIFO_CH_SRT                   
00000aa1  FROM_WRITE                    
00019705  Filt                          
000004a1  FlashErase_dl                 
00000501  FlashProgram                  
00024f39  GPIODirModeSet                
0002531d  GPIOIntClear                  
00025293  GPIOIntEnable                 
00024ac5  GPIOIntTypeSet                
0002436b  GPIOPadConfigSet              
00024b69  GPIOPinConfigure              
00025323  GPIOPinRead                   
000251b5  GPIOPinTypeEPI                
000251c7  GPIOPinTypeGPIOInput          
00025105  GPIOPinTypeGPIOOutput         
000251d9  GPIOPinTypeUART               
000251eb  GPIOPinTypeUSBAnalog          
00025329  GPIOPinWrite                  
00000595  GPIOPinWrite_dl               
00020b19  GetCRC8                       
00020abb  GetReflect                    
0002492d  IntDisable                    
00024995  IntEnable                     
0002520f  IntMasterEnable               
00024bb1  IntPendClear                  
00024fb5  IntPrioritySet                
2000ea3c  LED                           
00026040  LL_TBL                        
0001c359  LLmode_kind                   
20004a70  LOG_DETAIL                    
2000fa50  LOG_DETAIL_DEF                
2000e000  MAIN                          
20000000  MES                           
00020cc9  OWCheckConnect                
00020bc1  OWCheckDevice                 
00020c27  OWCheckROMID                  
00020eed  OWCompareData                 
00026274  OWEepromData                  
000209f3  OWReadBit                     
00020a71  OWReadByte                    
00020fb5  OWReadSensinfo                
00020933  OWResetDevice                 
000208d7  OWSensEnable                  
000208b1  OWSensPowSW                   
000208fd  OWSensRX                      
00020865  OWSensSig                     
00020911  OWSensSigPDR                  
0002088b  OWSensSigSW                   
0002156d  OWWaitMS                      
00021527  OWWaitUS                      
000209a7  OWWriteBit                    
00020a2b  OWWriteByte                   
00020dcb  OWWriteData                   
00021269  OWWriteSensinfo               
2000f0a4  OW_comp                       
2000f098  OW_read                       
2000f158  OW_reset                      
2000f0ac  OW_write                      
2000fb0e  OWwrite                       
2000fb52  OWwriteCH                     
000241dd  OutputRestartPulse            
000241f5  OutputStartPulse              
00022931  PinoutSet                     
000230cb  PollingEE                     
000014dc  RAM_PRG_size                  
00000208  RAM_PRG_start                 
2000e83c  ROM_WR_BUFF                   
2000ccc0  RX_buf                        
2000ee7c  RX_buf_dl                     
2000fae8  RX_buf_host                   
2000faf0  RX_buf_ment                   
2000faf8  RX_buf_subhost                
00000821  RX_data_dl_host               
0000069d  RX_data_dl_ment               
00000655  RX_enable_dl_host             
00000621  RX_enable_dl_ment             
000225c5  RX_enable_host                
000225ed  RX_enable_ment                
000231fb  Read                          
00023055  ReadEE                        
00023149  ReadSR                        
000252c5  ResetISR                      
2000e510  SAVE                          
2000a610  SVD                           
2000f1d0  SVD_default                   
00019fd3  SetADCClock                   
0001a087  SetClockPhase                 
00019ff1  SetDriveFreq                  
0001a025  SetDrivePulse                 
0001a0a3  SetFpgaRegister               
0002310d  SetWEN                        
0001a043  SetWindowPosition             
00023ba9  SysCtlClockFreqSet            
00024e15  SysCtlPeripheralEnable        
00024e49  SysCtlPeripheralSleepEnable   
00025165  SysCtlResetCauseClear         
000252a1  SysCtlResetCauseGet           
2000d334  TX_buf                        
2000eecc  TX_buf_dl                     
2000faec  TX_buf_host                   
2000faf4  TX_buf_ment                   
2000fafc  TX_buf_subhost                
000009f7  TX_data_dl_host               
00000993  TX_data_dl_ment               
0002256d  TX_end_host                   
000225b3  TX_end_ment                   
00022539  TX_start_host                 
0002257f  TX_start_ment                 
00024a65  TimerConfigure                
0002511d  TimerDisable                  
00025241  TimerEnable                   
00025343  TimerIntClear                 
00025305  TimerIntEnable                
000251fd  TimerLoadSet                  
00000483  UARTBusy_dl                   
0002524f  UARTCharGetNonBlocking        
00000449  UARTCharGetNonBlocking_dl     
00000465  UARTCharPut_dl                
0002525d  UARTCharsAvail                
0000042b  UARTCharsAvail_dl             
00024d19  UARTConfigSetExpClk           
0002530d  UARTDMAEnable                 
00025089  UARTDisable                   
00025179  UARTEnable                    
0002521f  UARTFIFOLevelGet              
0002532f  UARTFIFOLevelSet              
00025347  UARTIntClear                  
00000419  UARTIntClear_dl               
00025315  UARTIntEnable                 
000252dd  UARTIntStatus                 
000003fb  UARTIntStatus_dl              
000252ad  UARTTxIntModeSet              
00025335  WatchdogIntClear              
000252e7  WatchdogIntEnable             
00020819  WatchdogIntHandler            
0002534b  WatchdogReloadSet             
000005b5  WatchdogReloadSet_dl          
000252f1  WatchdogResetDisable          
000252fb  WatchdogResetEnable           
000005c7  WatchdogResetEnable_dl        
0002526b  WatchdogStallEnable           
0002319d  Write                         
00022fdd  WriteEE                       
00019f45  WriteGainAmp                  
00023173  WriteSR                       
20010360  __STACK_END                   
00000800  __STACK_SIZE                  
20010360  __STACK_TOP                   
00026828  __TI_CINIT_Base               
00026838  __TI_CINIT_Limit              
00026814  __TI_Handler_Table_Base       
00026820  __TI_Handler_Table_Limit      
00024d61  __TI_auto_init_nobinit_nopinit
000249fd  __TI_decompress_lzss          
00025279  __TI_decompress_none          
ffffffff  __TI_pprof_out_hndl           
ffffffff  __TI_prof_data_size           
ffffffff  __TI_prof_data_start          
00000000  __TI_static_base__            
000252b9  __TI_zero_init                
000246cb  __aeabi_cdrcmple              
0002484f  __aeabi_d2f                   
00024c41  __aeabi_d2iz                  
00023db3  __aeabi_dadd                  
00024235  __aeabi_ddiv                  
0002449d  __aeabi_dmul                  
00023da9  __aeabi_dsub                  
00024ddd  __aeabi_f2d                   
00024eb1  __aeabi_i2d                   
00023f5f  __aeabi_idiv0                 
00023f5f  __aeabi_ldiv0                 
000248bd  __aeabi_ldivmod               
00025135  __aeabi_lmul                  
000247d5  __aeabi_memclr                
000247d5  __aeabi_memclr4               
000247d5  __aeabi_memclr8               
00024599  __aeabi_memcpy                
00024599  __aeabi_memcpy4               
00024599  __aeabi_memcpy8               
000247d7  __aeabi_memset                
000247d7  __aeabi_memset4               
000247d7  __aeabi_memset8               
00024635  __aeabi_uldivmod              
ffffffff  __binit__                     
00024fd9  __bit_input                   
00024f63  __bit_output                  
000016a1  __bit_output_dl               
ffffffff  __c_args__                    
UNDEFED   __mpu_init                    
2000fb60  __stack                       
20000000  __start___llvm_prf_cnts       
20000000  __stop___llvm_prf_cnts        
00024e7d  _c_int00_noargs               
00026170  _ctypes_                      
UNDEFED   _system_post_cinit            
0002534f  _system_pre_init              
00025353  abort                         
000221ed  abort_com                     
000221ef  abort_com_host                
000221f1  abort_com_ment                
0002667c  abs_cont                      
00012c7f  action_status_check           
00012c1d  action_status_control         
0001b86d  addit_flow_calc               
0001b729  addit_req_check               
2000fb38  addit_sts                     
2000f15a  alm_level                     
2000fb58  alm_output                    
0001f821  alm_reset_control             
00000ac9  ascii2char                    
2000f0b4  ascii_in                      
2000f0bc  ascii_out                     
00022611  ascii_to_bin                  
0001c333  atn_gain_init                 
00024b1d  atoi                          
0001b36d  auto_linear                   
000226ad  bin_to_ascii                  
ffffffff  binit                         
00000a95  block_erase                   
2000f15c  buf_count                     
2000f15e  buf_count_dl                  
2000f160  buf_count_sub                 
0001baa1  burnout_control               
2000f162  byte_count_dl                 
2000f164  byte_count_host               
2000f166  byte_count_ment               
00025067  calc_cnt                      
2000f0c4  ch_no                         
00019fb9  ch_search                     
2000f0cc  ch_z                          
0001809d  check_act_able                
00017cd9  check_act_disable             
0001b0c1  check_amp_gain                
000165fd  check_channel                 
00016921  check_command                 
00017b95  check_cu_length               
00017215  check_format                  
000234f9  check_queue                   
00017c1b  check_wdt                     
2000f0d4  ck_data                       
00025357  clrpsw_i                      
2000fb54  cmi_count                     
20006e10  code_buffer                   
00022795  com_cont_host                 
000227bd  com_cont_ment                 
000227a9  com_cont_subhost              
0002208d  com_init                      
00000337  com_init_dl_cunet             
000002d9  com_init_dl_host              
0000027b  com_init_dl_ment              
000220cd  com_init_host                 
0002215d  com_init_ment                 
2000f168  com_link                      
00020189  com_req_check                 
000201ed  com_req_control               
2000f16a  com_start                     
2000f16c  com_type                      
2000fb4a  comma                         
00011a39  command_OA                    
000019f1  command_OE                    
000119ad  command_OJ                    
000119ef  command_OL                    
00001dfd  command_OQ                    
00011a09  command_OR                    
00011965  command_OS                    
00011a15  command_OT                    
000016e5  command_OV                    
00011bed  command_OZ                    
00011a8d  command_Ot                    
00005569  command_R1                    
00005705  command_R2                    
00005801  command_R3                    
00005e9d  command_R4                    
00006191  command_R5                    
000068f1  command_R6                    
00006a01  command_R7                    
00007a45  command_R8                    
00007ded  command_R9                    
0000532b  command_RA                    
00007459  command_RC                    
00004c09  command_RD                    
0000513d  command_RE                    
00003c21  command_RF                    
00003e69  command_RG                    
00004669  command_RL                    
000053d9  command_RM                    
00003981  command_RR                    
0000289d  command_RS                    
000054d9  command_RT                    
00003de9  command_RV                    
00007fb1  command_RW                    
00007f2b  command_RX                    
00004eb1  command_RZ                    
000084a9  command_Ra                    
000035db  command_Rb                    
000033fd  command_Rd                    
00005415  command_Rf                    
0000332f  command_Rg                    
00003691  command_Rh                    
00007e9d  command_Ri                    
000033b9  command_Rk                    
00003441  command_Rl                    
00003839  command_Rm                    
000083ad  command_Rn                    
00008291  command_Rp                    
00003371  command_Rr                    
00002e71  command_Rs                    
00005491  command_Rt                    
000036e1  command_Ru                    
00003651  command_Rv                    
00005369  command_Ry                    
00003a05  command_Rz                    
0000cf51  command_W1                    
0000d2d5  command_W2                    
0000d569  command_W5                    
0000f4a9  command_W6                    
0000f825  command_W7                    
000108d9  command_W9                    
0000c865  command_WA                    
0000bee1  command_WE                    
0000bb15  command_WP                    
000095a1  command_WR                    
0000cd8d  command_WT                    
00009be5  command_WU                    
0000b339  command_WZ                    
000113d5  command_Wa                    
000091e5  command_Wb                    
00009025  command_Wd                    
0000caed  command_Wf                    
00008d03  command_Wg                    
000094b9  command_Wh                    
00010beb  command_Wi                    
00008f31  command_Wk                    
00009105  command_Wl                    
00009e75  command_Wm                    
00011165  command_Wn                    
00010ca9  command_Wp                    
00008e2f  command_Wr                    
0000cc9d  command_Wt                    
00009795  command_Wu                    
00009391  command_Wv                    
0000c955  command_Wy                    
0000a2c9  command_Wz                    
0000234d  command_oq                    
0000185b  command_ov                    
0001b31f  correlate_check               
0001efc1  counter_control               
0001ea09  cpu_init                      
0001ed39  cpu_init_rs485                
2000f16e  cunet_error                   
2000f170  cunet_mcare                   
2000f172  cunet_mfr1                    
2000f174  cunet_mfr2                    
2000f176  cunet_mfr3                    
2000f178  cunet_mfr4                    
2000f17a  curr_block_id                 
2000f12c  curr_head_addr_256            
2000f130  curr_tail_addr_256            
0001b6a3  current_flow_control          
0001b6c9  damp_control                  
00015475  debug_mode                    
00012d6d  delay                         
000005e1  delay_dl                      
0001b193  delta_ts_cal                  
2000f0dc  digit_check                   
2000f17c  disp_ch                       
000238e9  disp_ch_read                  
00023b41  disp_cpu_status               
000238ff  disp_cunet_read               
0002390f  disp_cunet_set                
0002372d  disp_init                     
0002371b  disp_led_alm                  
00023709  disp_led_ch                   
00023669  disp_led_clock                
00023951  disp_led_control              
00023ad5  disp_led_cpu                  
00023a79  disp_led_judge                
00023685  disp_led_stb                  
0002373b  disp_sw_clock                 
00023753  disp_sw_load                  
00023875  disp_sw_read                  
00023855  disp_zero_read                
0002376b  disp_zerosw_check             
0001a3d1  dma_dummy                     
0001a40d  dma_start                     
00000209  download                      
000236a1  drive_led                     
00001001  drive_led_dl                  
2000f0e4  echo_back                     
2000fb1e  eep_empty                     
2000f17e  eep_err                       
20008e10  eep_queue                     
00023259  eep_read                      
2000fb1a  eep_rptr                      
2000fb20  eep_size                      
2000fb22  eep_size_max                  
000233d9  eep_spi_error                 
000232a9  eep_sv_read                   
00023315  eep_sv_write                  
2000fb1c  eep_wptr                      
0002327f  eep_write                     
0002336f  eep_write_ch                  
00023557  eep_write_ch_delay            
00023591  eep_write_pending_data        
2000fb24  eep_write_retry               
0001ed7d  eeprom_init                   
2000f0ec  end_code                      
2000f180  end_wdt                       
00000369  enter_RAM_PRG                 
2000f998  err_inf                       
0001266d  err_judge_holdtime            
00011f0d  err_judge_status              
0001518d  err_priority                  
2000f182  err_stat                      
2000f184  err_stat_dl                   
00012a39  err_status_control            
0001c2f9  err_thlevel_init              
00015351  err_total_status              
000152f5  err_zero_status               
2000f0f4  error_check                   
2000fb3a  fifo_data_ready               
0001a4f9  fifo_read                     
0001a11d  fifo_read_wait                
0001a1c1  fifo_search                   
0001b22d  filter_moving                 
0001b42d  flow_calc                     
2000f0fc  flow_check                    
0001d091  flow_fs_cal                   
0001c223  flow_save_control             
000265ec  flow_vel_tbl                  
2000fb36  flow_zero_cross               
2000f186  format_err_host               
2000f188  format_err_sub                
2000f18a  fow_max                       
2000f18c  fow_max_point                 
2000f18e  fow_min                       
2000d9a8  fow_wave_data                 
2000bcc0  fwd_temp_data                 
00000000  g_pfnVectors                  
2000f134  g_ui32SysClock                
0001acb5  gain_adj_control              
0001be19  gain_adj_init                 
00019f27  get_attenuator_gain           
00000e1d  get_block_id                  
2000fb26  get_cyc                       
0002347f  get_queue                     
000153a9  get_total_offset              
0001a445  get_vth2                      
2000f104  i_num                         
0001e90d  init                          
2000fa4e  initializing                  
0001bb15  inspect_flow_mode             
0001bdc5  int15_handler                 
00022895  int_cmt1                      
00023fd9  int_cmt2                      
000228b5  int_cmt3                      
000221f3  int_com_host                  
000223ad  int_com_ment                  
0001bccd  int_flow                      
0002407b  int_mky_recv0                 
0002409b  int_mky_recv1                 
000228e5  int_mtu0                      
00023f61  int_prg                       
00012d5d  invert_data                   
2000f10c  l_check                       
2000f190  led_alarm                     
2000f192  led_channel                   
00001095  led_dl                        
2000fb5a  led_flash                     
2000f194  len_err_host                  
2000f196  len_err_sub                   
0001617d  letter_judge                  
00021893  log_basicinfo_save            
0002183b  log_detailinfo_init           
00021aad  log_detailinfo_save           
000215c1  log_init                      
00021f85  log_save                      
00019eeb  lowcut_control                
000207c9  main                          
2000f198  main_count                    
00019dc1  make_viscos_tbl               
00019c3d  maker_linear                  
00019bed  max_point_control             
00019b41  median_filter                 
00019b93  median_filter_control         
00024ffd  memcmp                        
00024599  memcpy                        
000003bb  memcpy_dl                     
2000eae4  memory_C_data                 
2000eb74  memory_R_data                 
2000ec04  memory_W_data                 
000247dd  memset                        
00000a5b  memsetW                       
00000381  memset_dl                     
2000fb32  mercury                       
2000f078  mes_err                       
2000ec94  mf_data                       
000016cb  min_dl                        
00019ad9  min_max_check                 
000199b5  min_max_search                
0001d4a5  mky43_TX_start                
00001189  mky43_TX_start_dl             
0001dfc1  mky43_add_message             
0001df25  mky43_ccr_check               
0001d2f1  mky43_check_datarenewal       
0001d45f  mky43_check_recv0             
0001d471  mky43_check_recv1             
0001e3ed  mky43_del_message             
0001d3bd  mky43_get_flow_num            
0001dea5  mky43_host_link_check         
0001c3b9  mky43_init                    
0001c739  mky43_mail_recv               
00001301  mky43_mail_recv_dl            
0001c9c5  mky43_mail_send               
0001cbe5  mky43_mail_status             
0001c6eb  mky43_ping_active             
0001cd15  mky43_read_data               
0001cde1  mky43_read_data2              
0001c939  mky43_ready_recv0             
0001c975  mky43_ready_recv1             
0001c5f5  mky43_restart                 
0001d935  mky43_rxbuf_save              
0001c65f  mky43_set_register            
0001c3e3  mky43_start                   
00001151  mky43_wait_mail_recv_dl       
0001cecd  mky43_write_alarm             
0001cf75  mky43_write_flow              
2000efdc  multi_ch_no                   
00012e81  non_sensor_control            
0002535b  nop                           
2000fb34  onewire                       
2000f19a  ow_cnt                        
2000f19c  ow_pos                        
2000f19e  ow_retry                      
2000f1a0  pending_size                  
000240dd  portmesfwdW                   
000241c3  portmesrevW                   
2000f138  prev_addr_256                 
2000f1a2  prev_block_id                 
00018205  protocol                      
00022811  protocol_timer_host           
000227d1  protocol_timer_ment           
00022855  protocol_timer_subhost        
000233f1  put_queue                     
000198a3  pv_calc                       
00012cc1  pwon_count                    
000206dd  ram_clear_check               
00020743  ram_clear_debug               
00015889  read_change                   
00008711  read_change0X_2digit_status   
00008601  read_change0X_status          
000087c5  read_change0X_version         
0000893d  read_change0X_versionRV       
00008a39  read_command_R                
00011c41  read_command_W                
00014975  read_serial_num               
2000f598  recv_data0                    
2000f698  recv_data1                    
2000f1a4  recv_sa_dl                    
2000f1a6  recv_sa_host                  
2000f1a8  recv_sa_sub                   
0001eebd  recv_wave_init                
000197f1  reg_clock                     
00019859  reg_write_ch0                 
0001980b  reg_write_ch1                 
0001528d  remove_errcode                
00012e49  reset_control                 
2000f1aa  reset_factor                  
00012da5  reset_factor_check            
2000f1ac  rev_max                       
2000f1ae  rev_max_point                 
2000f1b0  rev_min                       
2000c4c0  rev_temp_data                 
2000e2b8  rev_wave_data                 
00019795  reverse_flow_check            
2000f114  rom_data                      
2000f1b2  rx_end_dl                     
2000f1b4  rx_end_host                   
2000f1b6  rx_end_ment                   
2000f1b8  rx_end_subhost                
2000e72c  s_data                        
00000b2d  s_read                        
2000f1ba  sa_flow                       
2000f798  send_data                     
2000f898  send_data_sub                 
2000f1bc  send_err_status               
00026484  sens_inf                      
2000e93c  sens_info                     
0002535f  setpsw_i                      
2000f11c  size                          
00019731  sonic_filter_control          
00019469  sonic_search_max_50           
000250c9  strcat                        
0002518d  strlen                        
00024edf  strncat                       
2000ef1c  sum_abs_data                  
000193d9  sum_adder                     
2000f1be  sw_cont                       
2000f1c0  sw_cunet_num                  
2000f1c2  sw_now                        
2000f124  sw_now_almreset               
2000f1ca  sw_now_zeroadj                
2000f1c4  sw_old                        
2000f1c6  t_cont                        
000192f7  temp_v                        
000192cd  test_flow_mode                
2000f1c8  timer_main                    
00024f0d  uDMAChannelAssign             
00024c89  uDMAChannelAttributeDisable   
00024cd1  uDMAChannelAttributeEnable    
00025021  uDMAChannelControlSet         
0002514d  uDMAChannelEnable             
00024f8d  uDMAChannelModeGet            
000251a1  uDMAChannelRequest            
00024751  uDMAChannelTransferSet        
000252d1  uDMAControlBaseSet            
00025231  uDMAEnable                    
00019097  user_linear                   
00011e59  util_delay                    
00013005  util_eep_allwrite             
00014375  util_eep_zerowrite            
00011ebd  util_passed_time              
2000f000  value                         
00015e15  value_judge                   
0001ee09  version_set                   
0001ee61  viscos_tbl_init               
00020791  watchdog_refresh              
2000f018  wave_hight                    
2000f13c  work_oq                       
00000e59  write_data                    
00014dc9  write_serial_num              
2000f140  zc_Tdata                      
2000f144  zc_Tdata0                     
2000f088  zc_Tdata_buf                  
2000f148  zc_Tdown                      
2000f14c  zc_Tup                        
2000f150  zc_deltaT                     
2000f154  zc_flow_val                   
2000ed14  zc_nearzero_data1             
2000ed8c  zc_nearzero_data2             
2000ee04  zc_nearzero_point             
2000f030  zc_zero_calc                  
2000ef6c  zc_zero_data                  
2000efa4  zc_zero_dataus                
2000f048  zc_zero_offset                
0001906d  zero_adj                      
0001f125  zero_adj_control              
0001f771  zero_adj_error                
0001f98d  zero_adj_status               
0001f061  zero_alm_check                
0001f0a1  zero_check_sub                
2000f060  zero_org                      


GLOBAL SYMBOLS: SORTED BY Symbol Address 

address   name                          
-------   ----                          
00000000  __TI_static_base__            
00000000  g_pfnVectors                  
00000208  RAM_PRG_start                 
00000209  download                      
0000027b  com_init_dl_ment              
000002d9  com_init_dl_host              
00000337  com_init_dl_cunet             
00000369  enter_RAM_PRG                 
00000381  memset_dl                     
000003bb  memcpy_dl                     
000003fb  UARTIntStatus_dl              
00000419  UARTIntClear_dl               
0000042b  UARTCharsAvail_dl             
00000449  UARTCharGetNonBlocking_dl     
00000465  UARTCharPut_dl                
00000483  UARTBusy_dl                   
000004a1  FlashErase_dl                 
00000501  FlashProgram                  
00000595  GPIOPinWrite_dl               
000005b5  WatchdogReloadSet_dl          
000005c7  WatchdogResetEnable_dl        
000005e1  delay_dl                      
00000621  RX_enable_dl_ment             
00000655  RX_enable_dl_host             
0000069d  RX_data_dl_ment               
00000800  __STACK_SIZE                  
00000821  RX_data_dl_host               
00000993  TX_data_dl_ment               
000009f7  TX_data_dl_host               
00000a5b  memsetW                       
00000a95  block_erase                   
00000aa1  FROM_WRITE                    
00000ac9  ascii2char                    
00000b2d  s_read                        
00000e1d  get_block_id                  
00000e59  write_data                    
00001001  drive_led_dl                  
00001095  led_dl                        
00001151  mky43_wait_mail_recv_dl       
00001189  mky43_TX_start_dl             
00001301  mky43_mail_recv_dl            
000014dc  RAM_PRG_size                  
000016a1  __bit_output_dl               
000016cb  min_dl                        
000016e5  command_OV                    
0000185b  command_ov                    
000019f1  command_OE                    
00001dfd  command_OQ                    
0000234d  command_oq                    
0000289d  command_RS                    
00002e71  command_Rs                    
0000332f  command_Rg                    
00003371  command_Rr                    
000033b9  command_Rk                    
000033fd  command_Rd                    
00003441  command_Rl                    
000035db  command_Rb                    
00003651  command_Rv                    
00003691  command_Rh                    
000036e1  command_Ru                    
00003839  command_Rm                    
00003981  command_RR                    
00003a05  command_Rz                    
00003c21  command_RF                    
00003de9  command_RV                    
00003e69  command_RG                    
00004669  command_RL                    
00004c09  command_RD                    
00004eb1  command_RZ                    
0000513d  command_RE                    
0000532b  command_RA                    
00005369  command_Ry                    
000053d9  command_RM                    
00005415  command_Rf                    
00005491  command_Rt                    
000054d9  command_RT                    
00005569  command_R1                    
00005705  command_R2                    
00005801  command_R3                    
00005e9d  command_R4                    
00006191  command_R5                    
000068f1  command_R6                    
00006a01  command_R7                    
00007459  command_RC                    
00007a45  command_R8                    
00007ded  command_R9                    
00007e9d  command_Ri                    
00007f2b  command_RX                    
00007fb1  command_RW                    
00008291  command_Rp                    
000083ad  command_Rn                    
000084a9  command_Ra                    
00008601  read_change0X_status          
00008711  read_change0X_2digit_status   
000087c5  read_change0X_version         
0000893d  read_change0X_versionRV       
00008a39  read_command_R                
00008d03  command_Wg                    
00008e2f  command_Wr                    
00008f31  command_Wk                    
00009025  command_Wd                    
00009105  command_Wl                    
000091e5  command_Wb                    
00009391  command_Wv                    
000094b9  command_Wh                    
000095a1  command_WR                    
00009795  command_Wu                    
00009be5  command_WU                    
00009e75  command_Wm                    
0000a2c9  command_Wz                    
0000b339  command_WZ                    
0000bb15  command_WP                    
0000bee1  command_WE                    
0000c865  command_WA                    
0000c955  command_Wy                    
0000caed  command_Wf                    
0000cc9d  command_Wt                    
0000cd8d  command_WT                    
0000cf51  command_W1                    
0000d2d5  command_W2                    
0000d569  command_W5                    
0000f4a9  command_W6                    
0000f825  command_W7                    
000108d9  command_W9                    
00010beb  command_Wi                    
00010ca9  command_Wp                    
00011165  command_Wn                    
000113d5  command_Wa                    
00011965  command_OS                    
000119ad  command_OJ                    
000119ef  command_OL                    
00011a09  command_OR                    
00011a15  command_OT                    
00011a39  command_OA                    
00011a8d  command_Ot                    
00011bed  command_OZ                    
00011c41  read_command_W                
00011e59  util_delay                    
00011ebd  util_passed_time              
00011f0d  err_judge_status              
0001266d  err_judge_holdtime            
00012a39  err_status_control            
00012c1d  action_status_control         
00012c7f  action_status_check           
00012cc1  pwon_count                    
00012d5d  invert_data                   
00012d6d  delay                         
00012da5  reset_factor_check            
00012e49  reset_control                 
00012e81  non_sensor_control            
00013005  util_eep_allwrite             
00014375  util_eep_zerowrite            
00014975  read_serial_num               
00014dc9  write_serial_num              
0001518d  err_priority                  
0001528d  remove_errcode                
000152f5  err_zero_status               
00015351  err_total_status              
000153a9  get_total_offset              
00015475  debug_mode                    
00015889  read_change                   
00015e15  value_judge                   
0001617d  letter_judge                  
000165fd  check_channel                 
00016921  check_command                 
00017215  check_format                  
00017b95  check_cu_length               
00017c1b  check_wdt                     
00017cd9  check_act_disable             
0001809d  check_act_able                
00018205  protocol                      
0001906d  zero_adj                      
00019097  user_linear                   
000192cd  test_flow_mode                
000192f7  temp_v                        
000193d9  sum_adder                     
00019469  sonic_search_max_50           
00019705  Filt                          
00019731  sonic_filter_control          
00019795  reverse_flow_check            
000197f1  reg_clock                     
0001980b  reg_write_ch1                 
00019859  reg_write_ch0                 
000198a3  pv_calc                       
000199b5  min_max_search                
00019ad9  min_max_check                 
00019b41  median_filter                 
00019b93  median_filter_control         
00019bed  max_point_control             
00019c3d  maker_linear                  
00019dc1  make_viscos_tbl               
00019eeb  lowcut_control                
00019f27  get_attenuator_gain           
00019f45  WriteGainAmp                  
00019fb9  ch_search                     
00019fd3  SetADCClock                   
00019ff1  SetDriveFreq                  
0001a025  SetDrivePulse                 
0001a043  SetWindowPosition             
0001a087  SetClockPhase                 
0001a0a3  SetFpgaRegister               
0001a11d  fifo_read_wait                
0001a159  AccessFIFO                    
0001a1c1  fifo_search                   
0001a3d1  dma_dummy                     
0001a40d  dma_start                     
0001a445  get_vth2                      
0001a4f9  fifo_read                     
0001acb5  gain_adj_control              
0001b0c1  check_amp_gain                
0001b193  delta_ts_cal                  
0001b22d  filter_moving                 
0001b31f  correlate_check               
0001b36d  auto_linear                   
0001b42d  flow_calc                     
0001b6a3  current_flow_control          
0001b6c9  damp_control                  
0001b729  addit_req_check               
0001b86d  addit_flow_calc               
0001baa1  burnout_control               
0001bb15  inspect_flow_mode             
0001bccd  int_flow                      
0001bdc5  int15_handler                 
0001be19  gain_adj_init                 
0001c223  flow_save_control             
0001c2f9  err_thlevel_init              
0001c333  atn_gain_init                 
0001c359  LLmode_kind                   
0001c3b9  mky43_init                    
0001c3e3  mky43_start                   
0001c5f5  mky43_restart                 
0001c65f  mky43_set_register            
0001c6eb  mky43_ping_active             
0001c739  mky43_mail_recv               
0001c939  mky43_ready_recv0             
0001c975  mky43_ready_recv1             
0001c9c5  mky43_mail_send               
0001cbe5  mky43_mail_status             
0001cd15  mky43_read_data               
0001cde1  mky43_read_data2              
0001cecd  mky43_write_alarm             
0001cf75  mky43_write_flow              
0001d091  flow_fs_cal                   
0001d2f1  mky43_check_datarenewal       
0001d3bd  mky43_get_flow_num            
0001d45f  mky43_check_recv0             
0001d471  mky43_check_recv1             
0001d4a5  mky43_TX_start                
0001d935  mky43_rxbuf_save              
0001dea5  mky43_host_link_check         
0001df25  mky43_ccr_check               
0001dfc1  mky43_add_message             
0001e3ed  mky43_del_message             
0001e90d  init                          
0001ea09  cpu_init                      
0001ed39  cpu_init_rs485                
0001ed7d  eeprom_init                   
0001ee09  version_set                   
0001ee61  viscos_tbl_init               
0001eebd  recv_wave_init                
0001efc1  counter_control               
0001f061  zero_alm_check                
0001f0a1  zero_check_sub                
0001f125  zero_adj_control              
0001f771  zero_adj_error                
0001f821  alm_reset_control             
0001f98d  zero_adj_status               
00020189  com_req_check                 
000201ed  com_req_control               
000206dd  ram_clear_check               
00020743  ram_clear_debug               
00020791  watchdog_refresh              
000207a3  CheckBOOTCFG                  
000207c9  main                          
00020819  WatchdogIntHandler            
00020865  OWSensSig                     
0002088b  OWSensSigSW                   
000208b1  OWSensPowSW                   
000208d7  OWSensEnable                  
000208fd  OWSensRX                      
00020911  OWSensSigPDR                  
00020933  OWResetDevice                 
000209a7  OWWriteBit                    
000209f3  OWReadBit                     
00020a2b  OWWriteByte                   
00020a71  OWReadByte                    
00020abb  GetReflect                    
00020b19  GetCRC8                       
00020bc1  OWCheckDevice                 
00020c27  OWCheckROMID                  
00020cc9  OWCheckConnect                
00020dcb  OWWriteData                   
00020eed  OWCompareData                 
00020fb5  OWReadSensinfo                
00021269  OWWriteSensinfo               
00021527  OWWaitUS                      
0002156d  OWWaitMS                      
000215c1  log_init                      
0002183b  log_detailinfo_init           
00021893  log_basicinfo_save            
00021aad  log_detailinfo_save           
00021f85  log_save                      
0002208d  com_init                      
000220cd  com_init_host                 
0002215d  com_init_ment                 
000221ed  abort_com                     
000221ef  abort_com_host                
000221f1  abort_com_ment                
000221f3  int_com_host                  
000223ad  int_com_ment                  
00022539  TX_start_host                 
0002256b  DMA2_end                      
0002256d  TX_end_host                   
0002257f  TX_start_ment                 
000225b1  DMA1_end                      
000225b3  TX_end_ment                   
000225c5  RX_enable_host                
000225ed  RX_enable_ment                
00022611  ascii_to_bin                  
000226ad  bin_to_ascii                  
00022795  com_cont_host                 
000227a9  com_cont_subhost              
000227bd  com_cont_ment                 
000227d1  protocol_timer_ment           
00022811  protocol_timer_host           
00022855  protocol_timer_subhost        
00022895  int_cmt1                      
000228b5  int_cmt3                      
000228e5  int_mtu0                      
00022931  PinoutSet                     
00022fdd  WriteEE                       
00023055  ReadEE                        
000230cb  PollingEE                     
0002310d  SetWEN                        
0002312b  ClrWEN                        
00023149  ReadSR                        
00023173  WriteSR                       
0002319d  Write                         
000231fb  Read                          
00023259  eep_read                      
0002327f  eep_write                     
000232a9  eep_sv_read                   
00023315  eep_sv_write                  
0002336f  eep_write_ch                  
000233d9  eep_spi_error                 
000233f1  put_queue                     
0002347f  get_queue                     
000234f9  check_queue                   
00023557  eep_write_ch_delay            
00023591  eep_write_pending_data        
00023669  disp_led_clock                
00023685  disp_led_stb                  
000236a1  drive_led                     
00023709  disp_led_ch                   
0002371b  disp_led_alm                  
0002372d  disp_init                     
0002373b  disp_sw_clock                 
00023753  disp_sw_load                  
0002376b  disp_zerosw_check             
00023855  disp_zero_read                
00023875  disp_sw_read                  
000238e9  disp_ch_read                  
000238ff  disp_cunet_read               
0002390f  disp_cunet_set                
00023951  disp_led_control              
00023a79  disp_led_judge                
00023ad5  disp_led_cpu                  
00023b41  disp_cpu_status               
00023ba9  SysCtlClockFreqSet            
00023da9  __aeabi_dsub                  
00023db3  __aeabi_dadd                  
00023f5f  __aeabi_idiv0                 
00023f5f  __aeabi_ldiv0                 
00023f61  int_prg                       
00023fd9  int_cmt2                      
0002407b  int_mky_recv0                 
0002409b  int_mky_recv1                 
000240dd  portmesfwdW                   
000241c3  portmesrevW                   
000241dd  OutputRestartPulse            
000241f5  OutputStartPulse              
0002420d  CheckEndPulse                 
00024235  __aeabi_ddiv                  
0002436b  GPIOPadConfigSet              
0002449d  __aeabi_dmul                  
00024599  __aeabi_memcpy                
00024599  __aeabi_memcpy4               
00024599  __aeabi_memcpy8               
00024599  memcpy                        
00024635  __aeabi_uldivmod              
000246cb  __aeabi_cdrcmple              
00024751  uDMAChannelTransferSet        
000247d5  __aeabi_memclr                
000247d5  __aeabi_memclr4               
000247d5  __aeabi_memclr8               
000247d7  __aeabi_memset                
000247d7  __aeabi_memset4               
000247d7  __aeabi_memset8               
000247dd  memset                        
0002484f  __aeabi_d2f                   
000248bd  __aeabi_ldivmod               
0002492d  IntDisable                    
00024995  IntEnable                     
000249fd  __TI_decompress_lzss          
00024a65  TimerConfigure                
00024ac5  GPIOIntTypeSet                
00024b1d  atoi                          
00024b69  GPIOPinConfigure              
00024bb1  IntPendClear                  
00024c41  __aeabi_d2iz                  
00024c89  uDMAChannelAttributeDisable   
00024cd1  uDMAChannelAttributeEnable    
00024d19  UARTConfigSetExpClk           
00024d61  __TI_auto_init_nobinit_nopinit
00024da5  EPIDividerCSSet               
00024ddd  __aeabi_f2d                   
00024e15  SysCtlPeripheralEnable        
00024e49  SysCtlPeripheralSleepEnable   
00024e7d  _c_int00_noargs               
00024eb1  __aeabi_i2d                   
00024edf  strncat                       
00024f0d  uDMAChannelAssign             
00024f39  GPIODirModeSet                
00024f63  __bit_output                  
00024f8d  uDMAChannelModeGet            
00024fb5  IntPrioritySet                
00024fd9  __bit_input                   
00024ffd  memcmp                        
00025021  uDMAChannelControlSet         
00025045  EPIConfigHB16Set              
00025067  calc_cnt                      
00025089  UARTDisable                   
000250c9  strcat                        
000250e9  EPIConfigHB16CSSet            
00025105  GPIOPinTypeGPIOOutput         
0002511d  TimerDisable                  
00025135  __aeabi_lmul                  
0002514d  uDMAChannelEnable             
00025165  SysCtlResetCauseClear         
00025179  UARTEnable                    
0002518d  strlen                        
000251a1  uDMAChannelRequest            
000251b5  GPIOPinTypeEPI                
000251c7  GPIOPinTypeGPIOInput          
000251d9  GPIOPinTypeUART               
000251eb  GPIOPinTypeUSBAnalog          
000251fd  TimerLoadSet                  
0002520f  IntMasterEnable               
0002521f  UARTFIFOLevelGet              
00025231  uDMAEnable                    
00025241  TimerEnable                   
0002524f  UARTCharGetNonBlocking        
0002525d  UARTCharsAvail                
0002526b  WatchdogStallEnable           
00025279  __TI_decompress_none          
00025287  CPUcpsie                      
00025293  GPIOIntEnable                 
000252a1  SysCtlResetCauseGet           
000252ad  UARTTxIntModeSet              
000252b9  __TI_zero_init                
000252c5  ResetISR                      
000252d1  uDMAControlBaseSet            
000252dd  UARTIntStatus                 
000252e7  WatchdogIntEnable             
000252f1  WatchdogResetDisable          
000252fb  WatchdogResetEnable           
00025305  TimerIntEnable                
0002530d  UARTDMAEnable                 
00025315  UARTIntEnable                 
0002531d  GPIOIntClear                  
00025323  GPIOPinRead                   
00025329  GPIOPinWrite                  
0002532f  UARTFIFOLevelSet              
00025335  WatchdogIntClear              
0002533b  EPIAddressMapSet              
0002533f  EPIModeSet                    
00025343  TimerIntClear                 
00025347  UARTIntClear                  
0002534b  WatchdogReloadSet             
0002534f  _system_pre_init              
00025353  C$$EXIT                       
00025353  abort                         
00025357  clrpsw_i                      
0002535b  nop                           
0002535f  setpsw_i                      
00025364  AUTO_COEFF_10K                
000255a0  AUTO_COEFF_4AT                
000257dc  AUTO_COEFF_4E                 
00025a18  AUTO_COEFF_6AT                
00025c54  AUTO_COEFF_6E                 
00026040  LL_TBL                        
00026170  _ctypes_                      
00026274  OWEepromData                  
00026484  sens_inf                      
000265ec  flow_vel_tbl                  
00026670  AGC_control                   
0002667c  abs_cont                      
00026814  __TI_Handler_Table_Base       
00026820  __TI_Handler_Table_Limit      
00026828  __TI_CINIT_Base               
00026838  __TI_CINIT_Limit              
20000000  MES                           
20000000  __start___llvm_prf_cnts       
20000000  __stop___llvm_prf_cnts        
20004a70  LOG_DETAIL                    
20006e10  code_buffer                   
20008e10  eep_queue                     
2000a610  SVD                           
2000bcc0  fwd_temp_data                 
2000c4c0  rev_temp_data                 
2000ccc0  RX_buf                        
2000d334  TX_buf                        
2000d9a8  fow_wave_data                 
2000e000  MAIN                          
2000e2b8  rev_wave_data                 
2000e510  SAVE                          
2000e72c  s_data                        
2000e83c  ROM_WR_BUFF                   
2000e93c  sens_info                     
2000ea3c  LED                           
2000eae4  memory_C_data                 
2000eb74  memory_R_data                 
2000ec04  memory_W_data                 
2000ec94  mf_data                       
2000ed14  zc_nearzero_data1             
2000ed8c  zc_nearzero_data2             
2000ee04  zc_nearzero_point             
2000ee7c  RX_buf_dl                     
2000eecc  TX_buf_dl                     
2000ef1c  sum_abs_data                  
2000ef6c  zc_zero_data                  
2000efa4  zc_zero_dataus                
2000efdc  multi_ch_no                   
2000f000  value                         
2000f018  wave_hight                    
2000f030  zc_zero_calc                  
2000f048  zc_zero_offset                
2000f060  zero_org                      
2000f078  mes_err                       
2000f088  zc_Tdata_buf                  
2000f098  OW_read                       
2000f0a4  OW_comp                       
2000f0ac  OW_write                      
2000f0b4  ascii_in                      
2000f0bc  ascii_out                     
2000f0c4  ch_no                         
2000f0cc  ch_z                          
2000f0d4  ck_data                       
2000f0dc  digit_check                   
2000f0e4  echo_back                     
2000f0ec  end_code                      
2000f0f4  error_check                   
2000f0fc  flow_check                    
2000f104  i_num                         
2000f10c  l_check                       
2000f114  rom_data                      
2000f11c  size                          
2000f124  sw_now_almreset               
2000f12c  curr_head_addr_256            
2000f130  curr_tail_addr_256            
2000f134  g_ui32SysClock                
2000f138  prev_addr_256                 
2000f13c  work_oq                       
2000f140  zc_Tdata                      
2000f144  zc_Tdata0                     
2000f148  zc_Tdown                      
2000f14c  zc_Tup                        
2000f150  zc_deltaT                     
2000f154  zc_flow_val                   
2000f158  OW_reset                      
2000f15a  alm_level                     
2000f15c  buf_count                     
2000f15e  buf_count_dl                  
2000f160  buf_count_sub                 
2000f162  byte_count_dl                 
2000f164  byte_count_host               
2000f166  byte_count_ment               
2000f168  com_link                      
2000f16a  com_start                     
2000f16c  com_type                      
2000f16e  cunet_error                   
2000f170  cunet_mcare                   
2000f172  cunet_mfr1                    
2000f174  cunet_mfr2                    
2000f176  cunet_mfr3                    
2000f178  cunet_mfr4                    
2000f17a  curr_block_id                 
2000f17c  disp_ch                       
2000f17e  eep_err                       
2000f180  end_wdt                       
2000f182  err_stat                      
2000f184  err_stat_dl                   
2000f186  format_err_host               
2000f188  format_err_sub                
2000f18a  fow_max                       
2000f18c  fow_max_point                 
2000f18e  fow_min                       
2000f190  led_alarm                     
2000f192  led_channel                   
2000f194  len_err_host                  
2000f196  len_err_sub                   
2000f198  main_count                    
2000f19a  ow_cnt                        
2000f19c  ow_pos                        
2000f19e  ow_retry                      
2000f1a0  pending_size                  
2000f1a2  prev_block_id                 
2000f1a4  recv_sa_dl                    
2000f1a6  recv_sa_host                  
2000f1a8  recv_sa_sub                   
2000f1aa  reset_factor                  
2000f1ac  rev_max                       
2000f1ae  rev_max_point                 
2000f1b0  rev_min                       
2000f1b2  rx_end_dl                     
2000f1b4  rx_end_host                   
2000f1b6  rx_end_ment                   
2000f1b8  rx_end_subhost                
2000f1ba  sa_flow                       
2000f1bc  send_err_status               
2000f1be  sw_cont                       
2000f1c0  sw_cunet_num                  
2000f1c2  sw_now                        
2000f1c4  sw_old                        
2000f1c6  t_cont                        
2000f1c8  timer_main                    
2000f1ca  sw_now_zeroadj                
2000f1d0  SVD_default                   
2000f598  recv_data0                    
2000f698  recv_data1                    
2000f798  send_data                     
2000f898  send_data_sub                 
2000f998  err_inf                       
2000fa4c  ChCtrlNow                     
2000fa4e  initializing                  
2000fa50  LOG_DETAIL_DEF                
2000fae8  RX_buf_host                   
2000faec  TX_buf_host                   
2000faf0  RX_buf_ment                   
2000faf4  TX_buf_ment                   
2000faf8  RX_buf_subhost                
2000fafc  TX_buf_subhost                
2000fb02  CH_LED                        
2000fb0e  OWwrite                       
2000fb1a  eep_rptr                      
2000fb1c  eep_wptr                      
2000fb1e  eep_empty                     
2000fb20  eep_size                      
2000fb22  eep_size_max                  
2000fb24  eep_write_retry               
2000fb26  get_cyc                       
2000fb32  mercury                       
2000fb34  onewire                       
2000fb36  flow_zero_cross               
2000fb38  addit_sts                     
2000fb3a  fifo_data_ready               
2000fb3c  FIFO_CH_SRT                   
2000fb3d  FIFO_CH_END                   
2000fb4a  comma                         
2000fb52  OWwriteCH                     
2000fb54  cmi_count                     
2000fb58  alm_output                    
2000fb5a  led_flash                     
2000fb60  __stack                       
20010360  __STACK_END                   
20010360  __STACK_TOP                   
ffffffff  __TI_pprof_out_hndl           
ffffffff  __TI_prof_data_size           
ffffffff  __TI_prof_data_start          
ffffffff  __binit__                     
ffffffff  __c_args__                    
ffffffff  binit                         
UNDEFED   __mpu_init                    
UNDEFED   _system_post_cinit            

[674 symbols]
